<?xml version="1.0" encoding="ISO-8859-1" ?>
<link_info>
   <banner>TI ARM Linker PC v20.2.5.LTS</banner>
   <copyright>Copyright (c) 1996-2018 Texas Instruments Incorporated</copyright>
   <link_time>0x6352fb14</link_time>
   <link_errors>0x0</link_errors>
   <output_file>MusicBox.out</output_file>
   <entry_point>
      <name>_c_int00_noargs</name>
      <address>0x664d</address>
   </entry_point>
   <input_file_list>
      <input_file id="fl-2">
         <path>.\</path>
         <kind>object</kind>
         <file>bop_it_images.obj</file>
         <name>bop_it_images.obj</name>
      </input_file>
      <input_file id="fl-3">
         <path>.\</path>
         <kind>object</kind>
         <file>lcd.obj</file>
         <name>lcd.obj</name>
      </input_file>
      <input_file id="fl-4">
         <path>.\</path>
         <kind>object</kind>
         <file>main.obj</file>
         <name>main.obj</name>
      </input_file>
      <input_file id="fl-5">
         <path>.\</path>
         <kind>object</kind>
         <file>startup_msp432p401r_ccs.obj</file>
         <name>startup_msp432p401r_ccs.obj</name>
      </input_file>
      <input_file id="fl-6">
         <path>.\</path>
         <kind>object</kind>
         <file>system_msp432p401r.obj</file>
         <name>system_msp432p401r.obj</name>
      </input_file>
      <input_file id="fl-7">
         <path>.\</path>
         <kind>object</kind>
         <file>task_adc.obj</file>
         <name>task_adc.obj</name>
      </input_file>
      <input_file id="fl-8">
         <path>.\</path>
         <kind>object</kind>
         <file>task_buttons.obj</file>
         <name>task_buttons.obj</name>
      </input_file>
      <input_file id="fl-9">
         <path>.\</path>
         <kind>object</kind>
         <file>task_buzzer.obj</file>
         <name>task_buzzer.obj</name>
      </input_file>
      <input_file id="fl-a">
         <path>.\</path>
         <kind>object</kind>
         <file>task_lcd_draw.obj</file>
         <name>task_lcd_draw.obj</name>
      </input_file>
      <input_file id="fl-b">
         <path>.\</path>
         <kind>object</kind>
         <file>task_lcd_driver.obj</file>
         <name>task_lcd_driver.obj</name>
      </input_file>
      <input_file id="fl-c">
         <path>.\</path>
         <kind>object</kind>
         <file>task_timer_polling.obj</file>
         <name>task_timer_polling.obj</name>
      </input_file>
      <input_file id="fl-d">
         <path>.\FreeRTOS\Portable\</path>
         <kind>object</kind>
         <file>port.obj</file>
         <name>port.obj</name>
      </input_file>
      <input_file id="fl-e">
         <path>.\FreeRTOS\Portable\</path>
         <kind>object</kind>
         <file>portasm.obj</file>
         <name>portasm.obj</name>
      </input_file>
      <input_file id="fl-f">
         <path>.\FreeRTOS\</path>
         <kind>object</kind>
         <file>croutine.obj</file>
         <name>croutine.obj</name>
      </input_file>
      <input_file id="fl-10">
         <path>.\FreeRTOS\</path>
         <kind>object</kind>
         <file>event_groups.obj</file>
         <name>event_groups.obj</name>
      </input_file>
      <input_file id="fl-11">
         <path>.\FreeRTOS\</path>
         <kind>object</kind>
         <file>heap_4.obj</file>
         <name>heap_4.obj</name>
      </input_file>
      <input_file id="fl-12">
         <path>.\FreeRTOS\</path>
         <kind>object</kind>
         <file>list.obj</file>
         <name>list.obj</name>
      </input_file>
      <input_file id="fl-13">
         <path>.\FreeRTOS\</path>
         <kind>object</kind>
         <file>queue.obj</file>
         <name>queue.obj</name>
      </input_file>
      <input_file id="fl-14">
         <path>.\FreeRTOS\</path>
         <kind>object</kind>
         <file>stream_buffer.obj</file>
         <name>stream_buffer.obj</name>
      </input_file>
      <input_file id="fl-15">
         <path>.\FreeRTOS\</path>
         <kind>object</kind>
         <file>tasks.obj</file>
         <name>tasks.obj</name>
      </input_file>
      <input_file id="fl-16">
         <path>.\FreeRTOS\</path>
         <kind>object</kind>
         <file>timers.obj</file>
         <name>timers.obj</name>
      </input_file>
      <input_file id="fl-1a">
         <kind>object</kind>
         <file>&lt;internal&gt;</file>
         <name>&lt;internal&gt;</name>
      </input_file>
      <input_file id="fl-d0">
         <path>D:\Program Files\ti\ccs1110\ccs\tools\compiler\ti-cgt-arm_20.2.5.LTS\lib\</path>
         <kind>archive</kind>
         <file>rtsv7M4_T_le_v4SPD16_eabi.lib</file>
         <name>memcpy_t2.asm.obj</name>
      </input_file>
      <input_file id="fl-d1">
         <path>D:\Program Files\ti\ccs1110\ccs\tools\compiler\ti-cgt-arm_20.2.5.LTS\lib\</path>
         <kind>archive</kind>
         <file>rtsv7M4_T_le_v4SPD16_eabi.lib</file>
         <name>memset_t2.asm.obj</name>
      </input_file>
      <input_file id="fl-d2">
         <path>D:\Program Files\ti\ccs1110\ccs\tools\compiler\ti-cgt-arm_20.2.5.LTS\lib\</path>
         <kind>archive</kind>
         <file>rtsv7M4_T_le_v4SPD16_eabi.lib</file>
         <name>copy_zero_init.c.obj</name>
      </input_file>
      <input_file id="fl-d3">
         <path>D:\Program Files\ti\ccs1110\ccs\tools\compiler\ti-cgt-arm_20.2.5.LTS\lib\</path>
         <kind>archive</kind>
         <file>rtsv7M4_T_le_v4SPD16_eabi.lib</file>
         <name>copy_decompress_none.c.obj</name>
      </input_file>
      <input_file id="fl-d4">
         <path>D:\Program Files\ti\ccs1110\ccs\tools\compiler\ti-cgt-arm_20.2.5.LTS\lib\</path>
         <kind>archive</kind>
         <file>rtsv7M4_T_le_v4SPD16_eabi.lib</file>
         <name>copy_decompress_lzss.c.obj</name>
      </input_file>
      <input_file id="fl-d5">
         <path>D:\Program Files\ti\ccs1110\ccs\tools\compiler\ti-cgt-arm_20.2.5.LTS\lib\</path>
         <kind>archive</kind>
         <file>rtsv7M4_T_le_v4SPD16_eabi.lib</file>
         <name>boot_cortex_m.c.obj</name>
      </input_file>
      <input_file id="fl-d6">
         <path>D:\Program Files\ti\ccs1110\ccs\tools\compiler\ti-cgt-arm_20.2.5.LTS\lib\</path>
         <kind>archive</kind>
         <file>rtsv7M4_T_le_v4SPD16_eabi.lib</file>
         <name>autoinit.c.obj</name>
      </input_file>
      <input_file id="fl-d7">
         <path>D:\Program Files\ti\ccs1110\ccs\tools\compiler\ti-cgt-arm_20.2.5.LTS\lib\</path>
         <kind>archive</kind>
         <file>rtsv7M4_T_le_v4SPD16_eabi.lib</file>
         <name>pre_init.c.obj</name>
      </input_file>
      <input_file id="fl-d8">
         <path>D:\Program Files\ti\ccs1110\ccs\tools\compiler\ti-cgt-arm_20.2.5.LTS\lib\</path>
         <kind>archive</kind>
         <file>rtsv7M4_T_le_v4SPD16_eabi.lib</file>
         <name>cpy_tbl.c.obj</name>
      </input_file>
      <input_file id="fl-d9">
         <path>D:\Program Files\ti\ccs1110\ccs\tools\compiler\ti-cgt-arm_20.2.5.LTS\lib\</path>
         <kind>archive</kind>
         <file>rtsv7M4_T_le_v4SPD16_eabi.lib</file>
         <name>exit.c.obj</name>
      </input_file>
      <input_file id="fl-da">
         <path>D:\Program Files\ti\ccs1110\ccs\tools\compiler\ti-cgt-arm_20.2.5.LTS\lib\</path>
         <kind>archive</kind>
         <file>rtsv7M4_T_le_v4SPD16_eabi.lib</file>
         <name>_lock.c.obj</name>
      </input_file>
      <input_file id="fl-db">
         <path>D:\Program Files\ti\ccs1110\ccs\tools\compiler\ti-cgt-arm_20.2.5.LTS\lib\</path>
         <kind>archive</kind>
         <file>rtsv7M4_T_le_v4SPD16_eabi.lib</file>
         <name>args_main.c.obj</name>
      </input_file>
   </input_file_list>
   <object_component_list>
      <object_component id="oc-26">
         <name>.intvecs:retain</name>
         <load_address>0x0</load_address>
         <run_address>0x0</run_address>
         <size>0xe4</size>
         <input_file_ref idref="fl-5"/>
      </object_component>
      <object_component id="oc-c3">
         <name>.text</name>
         <load_address>0xe4</load_address>
         <run_address>0xe4</run_address>
         <size>0x2810</size>
         <input_file_ref idref="fl-15"/>
      </object_component>
      <object_component id="oc-de">
         <name>.text</name>
         <load_address>0x28f4</load_address>
         <run_address>0x28f4</run_address>
         <size>0x1124</size>
         <input_file_ref idref="fl-13"/>
      </object_component>
      <object_component id="oc-132">
         <name>.text</name>
         <load_address>0x3a18</load_address>
         <run_address>0x3a18</run_address>
         <size>0x7a0</size>
         <input_file_ref idref="fl-9"/>
      </object_component>
      <object_component id="oc-1a8">
         <name>.text</name>
         <load_address>0x41b8</load_address>
         <run_address>0x41b8</run_address>
         <size>0x720</size>
         <input_file_ref idref="fl-16"/>
      </object_component>
      <object_component id="oc-114">
         <name>.text</name>
         <load_address>0x48d8</load_address>
         <run_address>0x48d8</run_address>
         <size>0x508</size>
         <input_file_ref idref="fl-3"/>
      </object_component>
      <object_component id="oc-190">
         <name>.text</name>
         <load_address>0x4de0</load_address>
         <run_address>0x4de0</run_address>
         <size>0x454</size>
         <input_file_ref idref="fl-11"/>
      </object_component>
      <object_component id="oc-72">
         <name>.text</name>
         <load_address>0x5234</load_address>
         <run_address>0x5234</run_address>
         <size>0x438</size>
         <input_file_ref idref="fl-d"/>
      </object_component>
      <object_component id="oc-256">
         <name>.text</name>
         <load_address>0x566c</load_address>
         <run_address>0x566c</run_address>
         <size>0x3a8</size>
         <input_file_ref idref="fl-a"/>
      </object_component>
      <object_component id="oc-b6">
         <name>.text</name>
         <load_address>0x5a14</load_address>
         <run_address>0x5a14</run_address>
         <size>0x354</size>
         <input_file_ref idref="fl-6"/>
      </object_component>
      <object_component id="oc-78">
         <name>.text</name>
         <load_address>0x5d68</load_address>
         <run_address>0x5d68</run_address>
         <size>0x248</size>
         <input_file_ref idref="fl-7"/>
      </object_component>
      <object_component id="oc-a4">
         <name>.text</name>
         <load_address>0x5fb0</load_address>
         <run_address>0x5fb0</run_address>
         <size>0x144</size>
         <input_file_ref idref="fl-4"/>
      </object_component>
      <object_component id="oc-196">
         <name>.text</name>
         <load_address>0x60f4</load_address>
         <run_address>0x60f4</run_address>
         <size>0x12a</size>
         <input_file_ref idref="fl-12"/>
      </object_component>
      <object_component id="oc-6d">
         <name>.text</name>
         <load_address>0x6220</load_address>
         <run_address>0x6220</run_address>
         <size>0xda</size>
         <input_file_ref idref="fl-e"/>
      </object_component>
      <object_component id="oc-123">
         <name>.text</name>
         <load_address>0x62fc</load_address>
         <run_address>0x62fc</run_address>
         <size>0xcc</size>
         <input_file_ref idref="fl-8"/>
      </object_component>
      <object_component id="oc-138">
         <name>.text</name>
         <load_address>0x63c8</load_address>
         <run_address>0x63c8</run_address>
         <size>0xc0</size>
         <input_file_ref idref="fl-b"/>
      </object_component>
      <object_component id="oc-37">
         <name>.text</name>
         <load_address>0x6488</load_address>
         <run_address>0x6488</run_address>
         <size>0x9c</size>
         <input_file_ref idref="fl-d0"/>
      </object_component>
      <object_component id="oc-98">
         <name>.text</name>
         <load_address>0x6524</load_address>
         <run_address>0x6524</run_address>
         <size>0x7a</size>
         <input_file_ref idref="fl-d1"/>
      </object_component>
      <object_component id="oc-17">
         <name>.text:decompress:lzss:__TI_decompress_lzss</name>
         <load_address>0x659e</load_address>
         <run_address>0x659e</run_address>
         <size>0x68</size>
         <input_file_ref idref="fl-d4"/>
      </object_component>
      <object_component id="oc-150">
         <name>.text:__TI_auto_init_nobinit_nopinit:__TI_auto_init_nobinit_nopinit</name>
         <load_address>0x6608</load_address>
         <run_address>0x6608</run_address>
         <size>0x44</size>
         <input_file_ref idref="fl-d6"/>
      </object_component>
      <object_component id="oc-55">
         <name>.text:_c_int00_noargs:_c_int00_noargs</name>
         <load_address>0x664c</load_address>
         <run_address>0x664c</run_address>
         <size>0x34</size>
         <input_file_ref idref="fl-d5"/>
      </object_component>
      <object_component id="oc-12c">
         <name>.text</name>
         <load_address>0x6680</load_address>
         <run_address>0x6680</run_address>
         <size>0x20</size>
         <input_file_ref idref="fl-c"/>
      </object_component>
      <object_component id="oc-1d">
         <name>.text:decompress:none:__TI_decompress_none</name>
         <load_address>0x66a0</load_address>
         <run_address>0x66a0</run_address>
         <size>0xe</size>
         <input_file_ref idref="fl-d3"/>
      </object_component>
      <object_component id="oc-67">
         <name>.text</name>
         <load_address>0x66ae</load_address>
         <run_address>0x66ae</run_address>
         <size>0xe</size>
         <input_file_ref idref="fl-5"/>
      </object_component>
      <object_component id="oc-49">
         <name>.text:decompress:ZI:__TI_zero_init</name>
         <load_address>0x66bc</load_address>
         <run_address>0x66bc</run_address>
         <size>0xc</size>
         <input_file_ref idref="fl-d2"/>
      </object_component>
      <object_component id="oc-9e">
         <name>.text:_system_pre_init</name>
         <load_address>0x66c8</load_address>
         <run_address>0x66c8</run_address>
         <size>0x4</size>
         <input_file_ref idref="fl-d7"/>
      </object_component>
      <object_component id="oc-144">
         <name>.text:abort:abort</name>
         <load_address>0x66cc</load_address>
         <run_address>0x66cc</run_address>
         <size>0x4</size>
         <input_file_ref idref="fl-d9"/>
      </object_component>
      <object_component id="oc-32b">
         <name>.const:.string:eightBitmap</name>
         <load_address>0x66d0</load_address>
         <run_address>0x66d0</run_address>
         <size>0x24</size>
         <input_file_ref idref="fl-2"/>
      </object_component>
      <object_component id="oc-322">
         <name>.const:.string:fiveBitmap</name>
         <load_address>0x66f4</load_address>
         <run_address>0x66f4</run_address>
         <size>0x24</size>
         <input_file_ref idref="fl-2"/>
      </object_component>
      <object_component id="oc-31f">
         <name>.const:.string:fourBitmap</name>
         <load_address>0x6718</load_address>
         <run_address>0x6718</run_address>
         <size>0x24</size>
         <input_file_ref idref="fl-2"/>
      </object_component>
      <object_component id="oc-32e">
         <name>.const:.string:nineBitmap</name>
         <load_address>0x673c</load_address>
         <run_address>0x673c</run_address>
         <size>0x24</size>
         <input_file_ref idref="fl-2"/>
      </object_component>
      <object_component id="oc-328">
         <name>.const:.string:sevenBitmap</name>
         <load_address>0x6760</load_address>
         <run_address>0x6760</run_address>
         <size>0x24</size>
         <input_file_ref idref="fl-2"/>
      </object_component>
      <object_component id="oc-325">
         <name>.const:.string:sixBitmap</name>
         <load_address>0x6784</load_address>
         <run_address>0x6784</run_address>
         <size>0x24</size>
         <input_file_ref idref="fl-2"/>
      </object_component>
      <object_component id="oc-31c">
         <name>.const:.string:threeBitmap</name>
         <load_address>0x67a8</load_address>
         <run_address>0x67a8</run_address>
         <size>0x24</size>
         <input_file_ref idref="fl-2"/>
      </object_component>
      <object_component id="oc-319">
         <name>.const:.string:twoBitmap</name>
         <load_address>0x67cc</load_address>
         <run_address>0x67cc</run_address>
         <size>0x24</size>
         <input_file_ref idref="fl-2"/>
      </object_component>
      <object_component id="oc-313">
         <name>.const:.string:zeroBitmap</name>
         <load_address>0x67f0</load_address>
         <run_address>0x67f0</run_address>
         <size>0x24</size>
         <input_file_ref idref="fl-2"/>
      </object_component>
      <object_component id="oc-310">
         <name>.const</name>
         <load_address>0x6814</load_address>
         <run_address>0x6814</run_address>
         <size>0x14</size>
         <input_file_ref idref="fl-2"/>
      </object_component>
      <object_component id="oc-316">
         <name>.const:.string:oneBitmap</name>
         <load_address>0x6828</load_address>
         <run_address>0x6828</run_address>
         <size>0x12</size>
         <input_file_ref idref="fl-2"/>
      </object_component>
      <object_component id="oc-c0">
         <name>.const</name>
         <load_address>0x683c</load_address>
         <run_address>0x683c</run_address>
         <size>0x8</size>
         <input_file_ref idref="fl-d"/>
      </object_component>
      <object_component id="oc-1b1">
         <name>.const</name>
         <load_address>0x6844</load_address>
         <run_address>0x6844</run_address>
         <size>0x4</size>
         <input_file_ref idref="fl-15"/>
      </object_component>
      <object_component id="oc-3d7">
         <name>.cinit..data.load</name>
         <load_address>0x6848</load_address>
         <run_address>0x6848</run_address>
         <size>0x1de</size>
      </object_component>
      <object_component id="oc-3d5">
         <name>__TI_handler_table</name>
         <load_address>0x6a28</load_address>
         <run_address>0x6a28</run_address>
         <size>0xc</size>
      </object_component>
      <object_component id="oc-3d8">
         <name>.cinit..bss.load</name>
         <load_address>0x6a38</load_address>
         <run_address>0x6a38</run_address>
         <size>0x8</size>
      </object_component>
      <object_component id="oc-3d6">
         <name>__TI_cinit_table</name>
         <load_address>0x6a40</load_address>
         <run_address>0x6a40</run_address>
         <size>0x10</size>
      </object_component>
      <object_component id="oc-3a9">
         <name>.binit</name>
         <load_address>0x0</load_address>
         <run_address>0x0</run_address>
         <size>0x0</size>
      </object_component>
      <object_component id="oc-182">
         <name>.data</name>
         <load_address>0x200085e0</load_address>
         <run_address>0x200085e0</run_address>
         <size>0x4</size>
         <input_file_ref idref="fl-6"/>
      </object_component>
      <object_component id="oc-ea">
         <name>.data</name>
         <load_address>0x200085e4</load_address>
         <run_address>0x200085e4</run_address>
         <size>0x4</size>
         <input_file_ref idref="fl-7"/>
      </object_component>
      <object_component id="oc-120">
         <name>.data</name>
         <load_address>0x200085e8</load_address>
         <run_address>0x200085e8</run_address>
         <size>0x4</size>
         <input_file_ref idref="fl-8"/>
      </object_component>
      <object_component id="oc-25f">
         <name>.data</name>
         <load_address>0x200085ec</load_address>
         <run_address>0x200085ec</run_address>
         <size>0x4</size>
         <input_file_ref idref="fl-9"/>
      </object_component>
      <object_component id="oc-20d">
         <name>.data:Death_Notes</name>
         <load_address>0x20008518</load_address>
         <run_address>0x20008518</run_address>
         <size>0x1c</size>
         <input_file_ref idref="fl-9"/>
      </object_component>
      <object_component id="oc-210">
         <name>.data:Death_Time</name>
         <load_address>0x20008534</load_address>
         <run_address>0x20008534</run_address>
         <size>0x1c</size>
         <input_file_ref idref="fl-9"/>
      </object_component>
      <object_component id="oc-222">
         <name>.data:Fun_VLengths</name>
         <load_address>0x200085d8</load_address>
         <run_address>0x200085d8</run_address>
         <size>0x6</size>
         <input_file_ref idref="fl-9"/>
      </object_component>
      <object_component id="oc-213">
         <name>.data:Fun_Chorus1</name>
         <load_address>0x20008594</load_address>
         <run_address>0x20008594</run_address>
         <size>0x14</size>
         <input_file_ref idref="fl-9"/>
      </object_component>
      <object_component id="oc-219">
         <name>.data:Fun_Chorus2</name>
         <load_address>0x200085a8</load_address>
         <run_address>0x200085a8</run_address>
         <size>0x14</size>
         <input_file_ref idref="fl-9"/>
      </object_component>
      <object_component id="oc-216">
         <name>.data:Fun_CTime</name>
         <load_address>0x20008580</load_address>
         <run_address>0x20008580</run_address>
         <size>0x14</size>
         <input_file_ref idref="fl-9"/>
      </object_component>
      <object_component id="oc-21c">
         <name>.data:Fun_Verse1</name>
         <load_address>0x200084f2</load_address>
         <run_address>0x200084f2</run_address>
         <size>0x26</size>
         <input_file_ref idref="fl-9"/>
      </object_component>
      <object_component id="oc-21f">
         <name>.data:Fun_VTime1</name>
         <load_address>0x200084cc</load_address>
         <run_address>0x200084cc</run_address>
         <size>0x26</size>
         <input_file_ref idref="fl-9"/>
      </object_component>
      <object_component id="oc-225">
         <name>.data:Fun_Verse2</name>
         <load_address>0x200083aa</load_address>
         <run_address>0x200083aa</run_address>
         <size>0x2e</size>
         <input_file_ref idref="fl-9"/>
      </object_component>
      <object_component id="oc-228">
         <name>.data:Fun_VTime2</name>
         <load_address>0x2000837c</load_address>
         <run_address>0x2000837c</run_address>
         <size>0x2e</size>
         <input_file_ref idref="fl-9"/>
      </object_component>
      <object_component id="oc-22b">
         <name>.data:Fun_Verse3</name>
         <load_address>0x2000847c</load_address>
         <run_address>0x2000847c</run_address>
         <size>0x28</size>
         <input_file_ref idref="fl-9"/>
      </object_component>
      <object_component id="oc-22e">
         <name>.data:Fun_VTime3</name>
         <load_address>0x2000842c</load_address>
         <run_address>0x2000842c</run_address>
         <size>0x28</size>
         <input_file_ref idref="fl-9"/>
      </object_component>
      <object_component id="oc-231">
         <name>.data:Fun_Verse4</name>
         <load_address>0x20008402</load_address>
         <run_address>0x20008402</run_address>
         <size>0x2a</size>
         <input_file_ref idref="fl-9"/>
      </object_component>
      <object_component id="oc-234">
         <name>.data:Fun_VTime4</name>
         <load_address>0x200083d8</load_address>
         <run_address>0x200083d8</run_address>
         <size>0x2a</size>
         <input_file_ref idref="fl-9"/>
      </object_component>
      <object_component id="oc-237">
         <name>.data:Fun_Verse5</name>
         <load_address>0x200084a4</load_address>
         <run_address>0x200084a4</run_address>
         <size>0x28</size>
         <input_file_ref idref="fl-9"/>
      </object_component>
      <object_component id="oc-23a">
         <name>.data:Fun_VTime5</name>
         <load_address>0x20008454</load_address>
         <run_address>0x20008454</run_address>
         <size>0x28</size>
         <input_file_ref idref="fl-9"/>
      </object_component>
      <object_component id="oc-23d">
         <name>.data:Fun_Verse6</name>
         <load_address>0x2000830a</load_address>
         <run_address>0x2000830a</run_address>
         <size>0x3e</size>
         <input_file_ref idref="fl-9"/>
      </object_component>
      <object_component id="oc-240">
         <name>.data:Fun_VTime6</name>
         <load_address>0x200082cc</load_address>
         <run_address>0x200082cc</run_address>
         <size>0x3e</size>
         <input_file_ref idref="fl-9"/>
      </object_component>
      <object_component id="oc-243">
         <name>.data:HCTS_Notes</name>
         <load_address>0x2000824c</load_address>
         <run_address>0x2000824c</run_address>
         <size>0x40</size>
         <input_file_ref idref="fl-9"/>
      </object_component>
      <object_component id="oc-246">
         <name>.data:HCTS_Time</name>
         <load_address>0x2000828c</load_address>
         <run_address>0x2000828c</run_address>
         <size>0x40</size>
         <input_file_ref idref="fl-9"/>
      </object_component>
      <object_component id="oc-249">
         <name>.data:FGM_Notes</name>
         <load_address>0x20008184</load_address>
         <run_address>0x20008184</run_address>
         <size>0x64</size>
         <input_file_ref idref="fl-9"/>
      </object_component>
      <object_component id="oc-24c">
         <name>.data:FGM_Time</name>
         <load_address>0x200081e8</load_address>
         <run_address>0x200081e8</run_address>
         <size>0x64</size>
         <input_file_ref idref="fl-9"/>
      </object_component>
      <object_component id="oc-24f">
         <name>.data:songNotes</name>
         <load_address>0x200085c8</load_address>
         <run_address>0x200085c8</run_address>
         <size>0x8</size>
         <input_file_ref idref="fl-9"/>
      </object_component>
      <object_component id="oc-252">
         <name>.data:songTimes</name>
         <load_address>0x200085d0</load_address>
         <run_address>0x200085d0</run_address>
         <size>0x8</size>
         <input_file_ref idref="fl-9"/>
      </object_component>
      <object_component id="oc-25c">
         <name>.data</name>
         <load_address>0x200085f0</load_address>
         <run_address>0x200085f0</run_address>
         <size>0x4</size>
         <input_file_ref idref="fl-b"/>
      </object_component>
      <object_component id="oc-129">
         <name>.data</name>
         <load_address>0x200085f4</load_address>
         <run_address>0x200085f4</run_address>
         <size>0x4</size>
         <input_file_ref idref="fl-c"/>
      </object_component>
      <object_component id="oc-ca">
         <name>.data</name>
         <load_address>0x20008568</load_address>
         <run_address>0x20008568</run_address>
         <size>0x18</size>
         <input_file_ref idref="fl-d"/>
      </object_component>
      <object_component id="oc-29b">
         <name>.data</name>
         <load_address>0x20008550</load_address>
         <run_address>0x20008550</run_address>
         <size>0x18</size>
         <input_file_ref idref="fl-11"/>
      </object_component>
      <object_component id="oc-bd">
         <name>.data</name>
         <load_address>0x20008348</load_address>
         <run_address>0x20008348</run_address>
         <size>0x34</size>
         <input_file_ref idref="fl-15"/>
      </object_component>
      <object_component id="oc-2b0">
         <name>.data</name>
         <load_address>0x200085bc</load_address>
         <run_address>0x200085bc</run_address>
         <size>0xc</size>
         <input_file_ref idref="fl-16"/>
      </object_component>
      <object_component id="oc-2a1">
         <name>.bss:ucHeap</name>
         <uninitialized>true</uninitialized>
         <run_address>0x20000000</run_address>
         <size>0x8000</size>
         <input_file_ref idref="fl-11"/>
      </object_component>
      <object_component id="oc-29e">
         <name>.bss:xStart</name>
         <uninitialized>true</uninitialized>
         <run_address>0x20008170</run_address>
         <size>0x8</size>
         <input_file_ref idref="fl-11"/>
      </object_component>
      <object_component id="oc-19c">
         <name>.bss:pxReadyTasksLists</name>
         <uninitialized>true</uninitialized>
         <run_address>0x20008000</run_address>
         <size>0xc8</size>
         <input_file_ref idref="fl-15"/>
      </object_component>
      <object_component id="oc-1b4">
         <name>.bss:xDelayedTaskList1</name>
         <uninitialized>true</uninitialized>
         <run_address>0x200080f0</run_address>
         <size>0x14</size>
         <input_file_ref idref="fl-15"/>
      </object_component>
      <object_component id="oc-1b7">
         <name>.bss:xDelayedTaskList2</name>
         <uninitialized>true</uninitialized>
         <run_address>0x20008104</run_address>
         <size>0x14</size>
         <input_file_ref idref="fl-15"/>
      </object_component>
      <object_component id="oc-1a2">
         <name>.bss</name>
         <uninitialized>true</uninitialized>
         <run_address>0x20008160</run_address>
         <size>0x8</size>
         <input_file_ref idref="fl-15"/>
      </object_component>
      <object_component id="oc-1ae">
         <name>.bss:xPendingReadyList</name>
         <uninitialized>true</uninitialized>
         <run_address>0x20008118</run_address>
         <size>0x14</size>
         <input_file_ref idref="fl-15"/>
      </object_component>
      <object_component id="oc-19f">
         <name>.bss:xTasksWaitingTermination</name>
         <uninitialized>true</uninitialized>
         <run_address>0x20008140</run_address>
         <size>0x14</size>
         <input_file_ref idref="fl-15"/>
      </object_component>
      <object_component id="oc-1a5">
         <name>.bss:xSuspendedTaskList</name>
         <uninitialized>true</uninitialized>
         <run_address>0x2000812c</run_address>
         <size>0x14</size>
         <input_file_ref idref="fl-15"/>
      </object_component>
      <object_component id="oc-2b6">
         <name>.bss:xActiveTimerList1</name>
         <uninitialized>true</uninitialized>
         <run_address>0x200080c8</run_address>
         <size>0x14</size>
         <input_file_ref idref="fl-16"/>
      </object_component>
      <object_component id="oc-2b9">
         <name>.bss:xActiveTimerList2</name>
         <uninitialized>true</uninitialized>
         <run_address>0x200080dc</run_address>
         <size>0x14</size>
         <input_file_ref idref="fl-16"/>
      </object_component>
      <object_component id="oc-2b3">
         <name>.bss</name>
         <uninitialized>true</uninitialized>
         <run_address>0x20008168</run_address>
         <size>0x8</size>
         <input_file_ref idref="fl-16"/>
      </object_component>
      <object_component id="oc-11d">
         <name>.common:Sem_LCD</name>
         <uninitialized>true</uninitialized>
         <run_address>0x20008180</run_address>
         <size>0x4</size>
      </object_component>
      <object_component id="oc-e4">
         <name>.common:adcReadings</name>
         <uninitialized>true</uninitialized>
         <run_address>0x20008154</run_address>
         <size>0xc</size>
      </object_component>
      <object_component id="oc-11a">
         <name>.common:Queue_Sound</name>
         <uninitialized>true</uninitialized>
         <run_address>0x2000817c</run_address>
         <size>0x4</size>
      </object_component>
      <object_component id="oc-e7">
         <name>.common:Queue_LCD_Driver</name>
         <uninitialized>true</uninitialized>
         <run_address>0x20008178</run_address>
         <size>0x4</size>
      </object_component>
      <object_component id="oc-29">
         <name>.stack</name>
         <uninitialized>true</uninitialized>
         <run_address>0x2000fe00</run_address>
         <size>0x4</size>
         <input_file_ref idref="fl-d5"/>
      </object_component>
      <object_component id="oc-3da">
         <name>.stack</name>
         <uninitialized>true</uninitialized>
         <run_address>0x2000fe00</run_address>
         <size>0x0</size>
      </object_component>
      <object_component id="oc-1ff">
         <name>.debug_info</name>
         <load_address>0x0</load_address>
         <run_address>0x0</run_address>
         <size>0xfc</size>
         <input_file_ref idref="fl-2"/>
      </object_component>
      <object_component id="oc-314">
         <name>.debug_info</name>
         <load_address>0xfc</load_address>
         <run_address>0xfc</run_address>
         <size>0xee</size>
         <input_file_ref idref="fl-2"/>
      </object_component>
      <object_component id="oc-311">
         <name>.debug_info</name>
         <load_address>0x1ea</load_address>
         <run_address>0x1ea</run_address>
         <size>0x48d</size>
         <input_file_ref idref="fl-2"/>
      </object_component>
      <object_component id="oc-317">
         <name>.debug_info</name>
         <load_address>0x677</load_address>
         <run_address>0x677</run_address>
         <size>0xec</size>
         <input_file_ref idref="fl-2"/>
      </object_component>
      <object_component id="oc-31a">
         <name>.debug_info</name>
         <load_address>0x763</load_address>
         <run_address>0x763</run_address>
         <size>0xec</size>
         <input_file_ref idref="fl-2"/>
      </object_component>
      <object_component id="oc-31d">
         <name>.debug_info</name>
         <load_address>0x84f</load_address>
         <run_address>0x84f</run_address>
         <size>0xf0</size>
         <input_file_ref idref="fl-2"/>
      </object_component>
      <object_component id="oc-320">
         <name>.debug_info</name>
         <load_address>0x93f</load_address>
         <run_address>0x93f</run_address>
         <size>0xee</size>
         <input_file_ref idref="fl-2"/>
      </object_component>
      <object_component id="oc-323">
         <name>.debug_info</name>
         <load_address>0xa2d</load_address>
         <run_address>0xa2d</run_address>
         <size>0xee</size>
         <input_file_ref idref="fl-2"/>
      </object_component>
      <object_component id="oc-326">
         <name>.debug_info</name>
         <load_address>0xb1b</load_address>
         <run_address>0xb1b</run_address>
         <size>0xec</size>
         <input_file_ref idref="fl-2"/>
      </object_component>
      <object_component id="oc-329">
         <name>.debug_info</name>
         <load_address>0xc07</load_address>
         <run_address>0xc07</run_address>
         <size>0xf0</size>
         <input_file_ref idref="fl-2"/>
      </object_component>
      <object_component id="oc-32c">
         <name>.debug_info</name>
         <load_address>0xcf7</load_address>
         <run_address>0xcf7</run_address>
         <size>0xf1</size>
         <input_file_ref idref="fl-2"/>
      </object_component>
      <object_component id="oc-32f">
         <name>.debug_info</name>
         <load_address>0xde8</load_address>
         <run_address>0xde8</run_address>
         <size>0xef</size>
         <input_file_ref idref="fl-2"/>
      </object_component>
      <object_component id="oc-ff">
         <name>.debug_info</name>
         <load_address>0xed7</load_address>
         <run_address>0xed7</run_address>
         <size>0x26b</size>
         <input_file_ref idref="fl-2"/>
      </object_component>
      <object_component id="oc-32">
         <name>.debug_info</name>
         <load_address>0x1142</load_address>
         <run_address>0x1142</run_address>
         <size>0x84</size>
         <input_file_ref idref="fl-2"/>
      </object_component>
      <object_component id="oc-1ce">
         <name>.debug_info</name>
         <load_address>0x11c6</load_address>
         <run_address>0x11c6</run_address>
         <size>0x2a4</size>
         <input_file_ref idref="fl-2"/>
      </object_component>
      <object_component id="oc-d9">
         <name>.debug_info</name>
         <load_address>0x146a</load_address>
         <run_address>0x146a</run_address>
         <size>0xbb</size>
         <input_file_ref idref="fl-2"/>
      </object_component>
      <object_component id="oc-1fe">
         <name>.debug_info</name>
         <load_address>0x1525</load_address>
         <run_address>0x1525</run_address>
         <size>0x542</size>
         <input_file_ref idref="fl-3"/>
      </object_component>
      <object_component id="oc-115">
         <name>.debug_info</name>
         <load_address>0x1a67</load_address>
         <run_address>0x1a67</run_address>
         <size>0xc2b</size>
         <input_file_ref idref="fl-3"/>
      </object_component>
      <object_component id="oc-f8">
         <name>.debug_info</name>
         <load_address>0x2692</load_address>
         <run_address>0x2692</run_address>
         <size>0x37e2</size>
         <input_file_ref idref="fl-3"/>
      </object_component>
      <object_component id="oc-1e1">
         <name>.debug_info</name>
         <load_address>0x5e74</load_address>
         <run_address>0x5e74</run_address>
         <size>0x1055</size>
         <input_file_ref idref="fl-3"/>
      </object_component>
      <object_component id="oc-11e">
         <name>.debug_info</name>
         <load_address>0x6ec9</load_address>
         <run_address>0x6ec9</run_address>
         <size>0x9d7</size>
         <input_file_ref idref="fl-4"/>
      </object_component>
      <object_component id="oc-a6">
         <name>.debug_info</name>
         <load_address>0x78a0</load_address>
         <run_address>0x78a0</run_address>
         <size>0x327</size>
         <input_file_ref idref="fl-4"/>
      </object_component>
      <object_component id="oc-ee">
         <name>.debug_info</name>
         <load_address>0x7bc7</load_address>
         <run_address>0x7bc7</run_address>
         <size>0xb0</size>
         <input_file_ref idref="fl-4"/>
      </object_component>
      <object_component id="oc-13f">
         <name>.debug_info</name>
         <load_address>0x7c77</load_address>
         <run_address>0x7c77</run_address>
         <size>0x315</size>
         <input_file_ref idref="fl-4"/>
      </object_component>
      <object_component id="oc-1f0">
         <name>.debug_info</name>
         <load_address>0x7f8c</load_address>
         <run_address>0x7f8c</run_address>
         <size>0x48b</size>
         <input_file_ref idref="fl-4"/>
      </object_component>
      <object_component id="oc-1e6">
         <name>.debug_info</name>
         <load_address>0x8417</load_address>
         <run_address>0x8417</run_address>
         <size>0x4f</size>
         <input_file_ref idref="fl-4"/>
      </object_component>
      <object_component id="oc-1f7">
         <name>.debug_info</name>
         <load_address>0x8466</load_address>
         <run_address>0x8466</run_address>
         <size>0x2c</size>
         <input_file_ref idref="fl-4"/>
      </object_component>
      <object_component id="oc-cf">
         <name>.debug_info</name>
         <load_address>0x8492</load_address>
         <run_address>0x8492</run_address>
         <size>0x2c</size>
         <input_file_ref idref="fl-4"/>
      </object_component>
      <object_component id="oc-d4">
         <name>.debug_info</name>
         <load_address>0x84be</load_address>
         <run_address>0x84be</run_address>
         <size>0x53</size>
         <input_file_ref idref="fl-4"/>
      </object_component>
      <object_component id="oc-1eb">
         <name>.debug_info</name>
         <load_address>0x8511</load_address>
         <run_address>0x8511</run_address>
         <size>0xcc</size>
         <input_file_ref idref="fl-4"/>
      </object_component>
      <object_component id="oc-1c4">
         <name>.debug_info</name>
         <load_address>0x85dd</load_address>
         <run_address>0x85dd</run_address>
         <size>0x14c</size>
         <input_file_ref idref="fl-4"/>
      </object_component>
      <object_component id="oc-80">
         <name>.debug_info</name>
         <load_address>0x8729</load_address>
         <run_address>0x8729</run_address>
         <size>0x358</size>
         <input_file_ref idref="fl-5"/>
      </object_component>
      <object_component id="oc-27">
         <name>.debug_info</name>
         <load_address>0x8a81</load_address>
         <run_address>0x8a81</run_address>
         <size>0x104</size>
         <input_file_ref idref="fl-5"/>
      </object_component>
      <object_component id="oc-68">
         <name>.debug_info</name>
         <load_address>0x8b85</load_address>
         <run_address>0x8b85</run_address>
         <size>0x1cb</size>
         <input_file_ref idref="fl-5"/>
      </object_component>
      <object_component id="oc-183">
         <name>.debug_info</name>
         <load_address>0x8d50</load_address>
         <run_address>0x8d50</run_address>
         <size>0xfd</size>
         <input_file_ref idref="fl-6"/>
      </object_component>
      <object_component id="oc-b9">
         <name>.debug_info</name>
         <load_address>0x8e4d</load_address>
         <run_address>0x8e4d</run_address>
         <size>0x26f</size>
         <input_file_ref idref="fl-6"/>
      </object_component>
      <object_component id="oc-e5">
         <name>.debug_info</name>
         <load_address>0x90bc</load_address>
         <run_address>0x90bc</run_address>
         <size>0x7d9</size>
         <input_file_ref idref="fl-7"/>
      </object_component>
      <object_component id="oc-eb">
         <name>.debug_info</name>
         <load_address>0x9895</load_address>
         <run_address>0x9895</run_address>
         <size>0xf3</size>
         <input_file_ref idref="fl-7"/>
      </object_component>
      <object_component id="oc-7b">
         <name>.debug_info</name>
         <load_address>0x9988</load_address>
         <run_address>0x9988</run_address>
         <size>0x5a8</size>
         <input_file_ref idref="fl-7"/>
      </object_component>
      <object_component id="oc-f3">
         <name>.debug_info</name>
         <load_address>0x9f30</load_address>
         <run_address>0x9f30</run_address>
         <size>0x8b</size>
         <input_file_ref idref="fl-7"/>
      </object_component>
      <object_component id="oc-208">
         <name>.debug_info</name>
         <load_address>0x9fbb</load_address>
         <run_address>0x9fbb</run_address>
         <size>0x736</size>
         <input_file_ref idref="fl-8"/>
      </object_component>
      <object_component id="oc-121">
         <name>.debug_info</name>
         <load_address>0xa6f1</load_address>
         <run_address>0xa6f1</run_address>
         <size>0xff</size>
         <input_file_ref idref="fl-8"/>
      </object_component>
      <object_component id="oc-124">
         <name>.debug_info</name>
         <load_address>0xa7f0</load_address>
         <run_address>0xa7f0</run_address>
         <size>0x37d</size>
         <input_file_ref idref="fl-8"/>
      </object_component>
      <object_component id="oc-11b">
         <name>.debug_info</name>
         <load_address>0xab6d</load_address>
         <run_address>0xab6d</run_address>
         <size>0x7b5</size>
         <input_file_ref idref="fl-9"/>
      </object_component>
      <object_component id="oc-260">
         <name>.debug_info</name>
         <load_address>0xb322</load_address>
         <run_address>0xb322</run_address>
         <size>0xec</size>
         <input_file_ref idref="fl-9"/>
      </object_component>
      <object_component id="oc-20e">
         <name>.debug_info</name>
         <load_address>0xb40e</load_address>
         <run_address>0xb40e</run_address>
         <size>0xee</size>
         <input_file_ref idref="fl-9"/>
      </object_component>
      <object_component id="oc-211">
         <name>.debug_info</name>
         <load_address>0xb4fc</load_address>
         <run_address>0xb4fc</run_address>
         <size>0xec</size>
         <input_file_ref idref="fl-9"/>
      </object_component>
      <object_component id="oc-223">
         <name>.debug_info</name>
         <load_address>0xb5e8</load_address>
         <run_address>0xb5e8</run_address>
         <size>0xf0</size>
         <input_file_ref idref="fl-9"/>
      </object_component>
      <object_component id="oc-214">
         <name>.debug_info</name>
         <load_address>0xb6d8</load_address>
         <run_address>0xb6d8</run_address>
         <size>0xee</size>
         <input_file_ref idref="fl-9"/>
      </object_component>
      <object_component id="oc-21a">
         <name>.debug_info</name>
         <load_address>0xb7c6</load_address>
         <run_address>0xb7c6</run_address>
         <size>0xee</size>
         <input_file_ref idref="fl-9"/>
      </object_component>
      <object_component id="oc-217">
         <name>.debug_info</name>
         <load_address>0xb8b4</load_address>
         <run_address>0xb8b4</run_address>
         <size>0xea</size>
         <input_file_ref idref="fl-9"/>
      </object_component>
      <object_component id="oc-21d">
         <name>.debug_info</name>
         <load_address>0xb99e</load_address>
         <run_address>0xb99e</run_address>
         <size>0xec</size>
         <input_file_ref idref="fl-9"/>
      </object_component>
      <object_component id="oc-220">
         <name>.debug_info</name>
         <load_address>0xba8a</load_address>
         <run_address>0xba8a</run_address>
         <size>0xec</size>
         <input_file_ref idref="fl-9"/>
      </object_component>
      <object_component id="oc-226">
         <name>.debug_info</name>
         <load_address>0xbb76</load_address>
         <run_address>0xbb76</run_address>
         <size>0xec</size>
         <input_file_ref idref="fl-9"/>
      </object_component>
      <object_component id="oc-229">
         <name>.debug_info</name>
         <load_address>0xbc62</load_address>
         <run_address>0xbc62</run_address>
         <size>0xec</size>
         <input_file_ref idref="fl-9"/>
      </object_component>
      <object_component id="oc-22c">
         <name>.debug_info</name>
         <load_address>0xbd4e</load_address>
         <run_address>0xbd4e</run_address>
         <size>0xec</size>
         <input_file_ref idref="fl-9"/>
      </object_component>
      <object_component id="oc-22f">
         <name>.debug_info</name>
         <load_address>0xbe3a</load_address>
         <run_address>0xbe3a</run_address>
         <size>0xec</size>
         <input_file_ref idref="fl-9"/>
      </object_component>
      <object_component id="oc-232">
         <name>.debug_info</name>
         <load_address>0xbf26</load_address>
         <run_address>0xbf26</run_address>
         <size>0xec</size>
         <input_file_ref idref="fl-9"/>
      </object_component>
      <object_component id="oc-235">
         <name>.debug_info</name>
         <load_address>0xc012</load_address>
         <run_address>0xc012</run_address>
         <size>0xec</size>
         <input_file_ref idref="fl-9"/>
      </object_component>
      <object_component id="oc-238">
         <name>.debug_info</name>
         <load_address>0xc0fe</load_address>
         <run_address>0xc0fe</run_address>
         <size>0xec</size>
         <input_file_ref idref="fl-9"/>
      </object_component>
      <object_component id="oc-23b">
         <name>.debug_info</name>
         <load_address>0xc1ea</load_address>
         <run_address>0xc1ea</run_address>
         <size>0xec</size>
         <input_file_ref idref="fl-9"/>
      </object_component>
      <object_component id="oc-23e">
         <name>.debug_info</name>
         <load_address>0xc2d6</load_address>
         <run_address>0xc2d6</run_address>
         <size>0xec</size>
         <input_file_ref idref="fl-9"/>
      </object_component>
      <object_component id="oc-241">
         <name>.debug_info</name>
         <load_address>0xc3c2</load_address>
         <run_address>0xc3c2</run_address>
         <size>0xec</size>
         <input_file_ref idref="fl-9"/>
      </object_component>
      <object_component id="oc-244">
         <name>.debug_info</name>
         <load_address>0xc4ae</load_address>
         <run_address>0xc4ae</run_address>
         <size>0xec</size>
         <input_file_ref idref="fl-9"/>
      </object_component>
      <object_component id="oc-247">
         <name>.debug_info</name>
         <load_address>0xc59a</load_address>
         <run_address>0xc59a</run_address>
         <size>0xea</size>
         <input_file_ref idref="fl-9"/>
      </object_component>
      <object_component id="oc-24a">
         <name>.debug_info</name>
         <load_address>0xc684</load_address>
         <run_address>0xc684</run_address>
         <size>0xea</size>
         <input_file_ref idref="fl-9"/>
      </object_component>
      <object_component id="oc-24d">
         <name>.debug_info</name>
         <load_address>0xc76e</load_address>
         <run_address>0xc76e</run_address>
         <size>0xe8</size>
         <input_file_ref idref="fl-9"/>
      </object_component>
      <object_component id="oc-250">
         <name>.debug_info</name>
         <load_address>0xc856</load_address>
         <run_address>0xc856</run_address>
         <size>0xea</size>
         <input_file_ref idref="fl-9"/>
      </object_component>
      <object_component id="oc-253">
         <name>.debug_info</name>
         <load_address>0xc940</load_address>
         <run_address>0xc940</run_address>
         <size>0xea</size>
         <input_file_ref idref="fl-9"/>
      </object_component>
      <object_component id="oc-133">
         <name>.debug_info</name>
         <load_address>0xca2a</load_address>
         <run_address>0xca2a</run_address>
         <size>0xa2e</size>
         <input_file_ref idref="fl-9"/>
      </object_component>
      <object_component id="oc-258">
         <name>.debug_info</name>
         <load_address>0xd458</load_address>
         <run_address>0xd458</run_address>
         <size>0x380</size>
         <input_file_ref idref="fl-a"/>
      </object_component>
      <object_component id="oc-e8">
         <name>.debug_info</name>
         <load_address>0xd7d8</load_address>
         <run_address>0xd7d8</run_address>
         <size>0x885</size>
         <input_file_ref idref="fl-b"/>
      </object_component>
      <object_component id="oc-25d">
         <name>.debug_info</name>
         <load_address>0xe05d</load_address>
         <run_address>0xe05d</run_address>
         <size>0xf4</size>
         <input_file_ref idref="fl-b"/>
      </object_component>
      <object_component id="oc-13a">
         <name>.debug_info</name>
         <load_address>0xe151</load_address>
         <run_address>0xe151</run_address>
         <size>0x25f</size>
         <input_file_ref idref="fl-b"/>
      </object_component>
      <object_component id="oc-20c">
         <name>.debug_info</name>
         <load_address>0xe3b0</load_address>
         <run_address>0xe3b0</run_address>
         <size>0x6e2</size>
         <input_file_ref idref="fl-c"/>
      </object_component>
      <object_component id="oc-12a">
         <name>.debug_info</name>
         <load_address>0xea92</load_address>
         <run_address>0xea92</run_address>
         <size>0x109</size>
         <input_file_ref idref="fl-c"/>
      </object_component>
      <object_component id="oc-12d">
         <name>.debug_info</name>
         <load_address>0xeb9b</load_address>
         <run_address>0xeb9b</run_address>
         <size>0x1a4</size>
         <input_file_ref idref="fl-c"/>
      </object_component>
      <object_component id="oc-ce">
         <name>.debug_info</name>
         <load_address>0xed3f</load_address>
         <run_address>0xed3f</run_address>
         <size>0x51a</size>
         <input_file_ref idref="fl-d"/>
      </object_component>
      <object_component id="oc-c1">
         <name>.debug_info</name>
         <load_address>0xf259</load_address>
         <run_address>0xf259</run_address>
         <size>0x165</size>
         <input_file_ref idref="fl-d"/>
      </object_component>
      <object_component id="oc-cb">
         <name>.debug_info</name>
         <load_address>0xf3be</load_address>
         <run_address>0xf3be</run_address>
         <size>0x240</size>
         <input_file_ref idref="fl-d"/>
      </object_component>
      <object_component id="oc-75">
         <name>.debug_info</name>
         <load_address>0xf5fe</load_address>
         <run_address>0xf5fe</run_address>
         <size>0x9c9</size>
         <input_file_ref idref="fl-d"/>
      </object_component>
      <object_component id="oc-1c9">
         <name>.debug_info</name>
         <load_address>0xffc7</load_address>
         <run_address>0xffc7</run_address>
         <size>0x48b</size>
         <input_file_ref idref="fl-d"/>
      </object_component>
      <object_component id="oc-1bf">
         <name>.debug_info</name>
         <load_address>0x10452</load_address>
         <run_address>0x10452</run_address>
         <size>0x53</size>
         <input_file_ref idref="fl-d"/>
      </object_component>
      <object_component id="oc-6e">
         <name>.debug_info</name>
         <load_address>0x104a5</load_address>
         <run_address>0x104a5</run_address>
         <size>0x252</size>
         <input_file_ref idref="fl-e"/>
      </object_component>
      <object_component id="oc-2d7">
         <name>.debug_info</name>
         <load_address>0x106f7</load_address>
         <run_address>0x106f7</run_address>
         <size>0x69f</size>
         <input_file_ref idref="fl-10"/>
      </object_component>
      <object_component id="oc-1da">
         <name>.debug_info</name>
         <load_address>0x10d96</load_address>
         <run_address>0x10d96</run_address>
         <size>0x110</size>
         <input_file_ref idref="fl-10"/>
      </object_component>
      <object_component id="oc-296">
         <name>.debug_info</name>
         <load_address>0x10ea6</load_address>
         <run_address>0x10ea6</run_address>
         <size>0x48b</size>
         <input_file_ref idref="fl-10"/>
      </object_component>
      <object_component id="oc-377">
         <name>.debug_info</name>
         <load_address>0x11331</load_address>
         <run_address>0x11331</run_address>
         <size>0x76</size>
         <input_file_ref idref="fl-10"/>
      </object_component>
      <object_component id="oc-37c">
         <name>.debug_info</name>
         <load_address>0x113a7</load_address>
         <run_address>0x113a7</run_address>
         <size>0x39</size>
         <input_file_ref idref="fl-10"/>
      </object_component>
      <object_component id="oc-364">
         <name>.debug_info</name>
         <load_address>0x113e0</load_address>
         <run_address>0x113e0</run_address>
         <size>0x109</size>
         <input_file_ref idref="fl-10"/>
      </object_component>
      <object_component id="oc-287">
         <name>.debug_info</name>
         <load_address>0x114e9</load_address>
         <run_address>0x114e9</run_address>
         <size>0x4f</size>
         <input_file_ref idref="fl-10"/>
      </object_component>
      <object_component id="oc-2a5">
         <name>.debug_info</name>
         <load_address>0x11538</load_address>
         <run_address>0x11538</run_address>
         <size>0x4ce</size>
         <input_file_ref idref="fl-11"/>
      </object_component>
      <object_component id="oc-2a2">
         <name>.debug_info</name>
         <load_address>0x11a06</load_address>
         <run_address>0x11a06</run_address>
         <size>0xe7</size>
         <input_file_ref idref="fl-11"/>
      </object_component>
      <object_component id="oc-29f">
         <name>.debug_info</name>
         <load_address>0x11aed</load_address>
         <run_address>0x11aed</run_address>
         <size>0xe7</size>
         <input_file_ref idref="fl-11"/>
      </object_component>
      <object_component id="oc-29c">
         <name>.debug_info</name>
         <load_address>0x11bd4</load_address>
         <run_address>0x11bd4</run_address>
         <size>0x227</size>
         <input_file_ref idref="fl-11"/>
      </object_component>
      <object_component id="oc-193">
         <name>.debug_info</name>
         <load_address>0x11dfb</load_address>
         <run_address>0x11dfb</run_address>
         <size>0x83c</size>
         <input_file_ref idref="fl-11"/>
      </object_component>
      <object_component id="oc-35b">
         <name>.debug_info</name>
         <load_address>0x12637</load_address>
         <run_address>0x12637</run_address>
         <size>0x62</size>
         <input_file_ref idref="fl-11"/>
      </object_component>
      <object_component id="oc-2a7">
         <name>.debug_info</name>
         <load_address>0x12699</load_address>
         <run_address>0x12699</run_address>
         <size>0x39d</size>
         <input_file_ref idref="fl-12"/>
      </object_component>
      <object_component id="oc-19a">
         <name>.debug_info</name>
         <load_address>0x12a36</load_address>
         <run_address>0x12a36</run_address>
         <size>0x4b9</size>
         <input_file_ref idref="fl-12"/>
      </object_component>
      <object_component id="oc-1d9">
         <name>.debug_info</name>
         <load_address>0x12eef</load_address>
         <run_address>0x12eef</run_address>
         <size>0x909</size>
         <input_file_ref idref="fl-13"/>
      </object_component>
      <object_component id="oc-e0">
         <name>.debug_info</name>
         <load_address>0x137f8</load_address>
         <run_address>0x137f8</run_address>
         <size>0x3539</size>
         <input_file_ref idref="fl-13"/>
      </object_component>
      <object_component id="oc-2d2">
         <name>.debug_info</name>
         <load_address>0x16d31</load_address>
         <run_address>0x16d31</run_address>
         <size>0x1ef</size>
         <input_file_ref idref="fl-13"/>
      </object_component>
      <object_component id="oc-1d4">
         <name>.debug_info</name>
         <load_address>0x16f20</load_address>
         <run_address>0x16f20</run_address>
         <size>0x46</size>
         <input_file_ref idref="fl-13"/>
      </object_component>
      <object_component id="oc-28c">
         <name>.debug_info</name>
         <load_address>0x16f66</load_address>
         <run_address>0x16f66</run_address>
         <size>0x35</size>
         <input_file_ref idref="fl-13"/>
      </object_component>
      <object_component id="oc-10b">
         <name>.debug_info</name>
         <load_address>0x16f9b</load_address>
         <run_address>0x16f9b</run_address>
         <size>0x2c</size>
         <input_file_ref idref="fl-14"/>
      </object_component>
      <object_component id="oc-188">
         <name>.debug_info</name>
         <load_address>0x16fc7</load_address>
         <run_address>0x16fc7</run_address>
         <size>0x8b8</size>
         <input_file_ref idref="fl-15"/>
      </object_component>
      <object_component id="oc-be">
         <name>.debug_info</name>
         <load_address>0x1787f</load_address>
         <run_address>0x1787f</run_address>
         <size>0x354</size>
         <input_file_ref idref="fl-15"/>
      </object_component>
      <object_component id="oc-19d">
         <name>.debug_info</name>
         <load_address>0x17bd3</load_address>
         <run_address>0x17bd3</run_address>
         <size>0xfd</size>
         <input_file_ref idref="fl-15"/>
      </object_component>
      <object_component id="oc-1b5">
         <name>.debug_info</name>
         <load_address>0x17cd0</load_address>
         <run_address>0x17cd0</run_address>
         <size>0xfd</size>
         <input_file_ref idref="fl-15"/>
      </object_component>
      <object_component id="oc-1b8">
         <name>.debug_info</name>
         <load_address>0x17dcd</load_address>
         <run_address>0x17dcd</run_address>
         <size>0xfd</size>
         <input_file_ref idref="fl-15"/>
      </object_component>
      <object_component id="oc-1a3">
         <name>.debug_info</name>
         <load_address>0x17eca</load_address>
         <run_address>0x17eca</run_address>
         <size>0x140</size>
         <input_file_ref idref="fl-15"/>
      </object_component>
      <object_component id="oc-1af">
         <name>.debug_info</name>
         <load_address>0x1800a</load_address>
         <run_address>0x1800a</run_address>
         <size>0xfd</size>
         <input_file_ref idref="fl-15"/>
      </object_component>
      <object_component id="oc-1a0">
         <name>.debug_info</name>
         <load_address>0x18107</load_address>
         <run_address>0x18107</run_address>
         <size>0x10b</size>
         <input_file_ref idref="fl-15"/>
      </object_component>
      <object_component id="oc-1a6">
         <name>.debug_info</name>
         <load_address>0x18212</load_address>
         <run_address>0x18212</run_address>
         <size>0xff</size>
         <input_file_ref idref="fl-15"/>
      </object_component>
      <object_component id="oc-1b2">
         <name>.debug_info</name>
         <load_address>0x18311</load_address>
         <run_address>0x18311</run_address>
         <size>0xfe</size>
         <input_file_ref idref="fl-15"/>
      </object_component>
      <object_component id="oc-c4">
         <name>.debug_info</name>
         <load_address>0x1840f</load_address>
         <run_address>0x1840f</run_address>
         <size>0x5c54</size>
         <input_file_ref idref="fl-15"/>
      </object_component>
      <object_component id="oc-189">
         <name>.debug_info</name>
         <load_address>0x1e063</load_address>
         <run_address>0x1e063</run_address>
         <size>0x30c</size>
         <input_file_ref idref="fl-15"/>
      </object_component>
      <object_component id="oc-291">
         <name>.debug_info</name>
         <load_address>0x1e36f</load_address>
         <run_address>0x1e36f</run_address>
         <size>0x16f</size>
         <input_file_ref idref="fl-15"/>
      </object_component>
      <object_component id="oc-2c2">
         <name>.debug_info</name>
         <load_address>0x1e4de</load_address>
         <run_address>0x1e4de</run_address>
         <size>0x83e</size>
         <input_file_ref idref="fl-16"/>
      </object_component>
      <object_component id="oc-2b7">
         <name>.debug_info</name>
         <load_address>0x1ed1c</load_address>
         <run_address>0x1ed1c</run_address>
         <size>0xfd</size>
         <input_file_ref idref="fl-16"/>
      </object_component>
      <object_component id="oc-2ba">
         <name>.debug_info</name>
         <load_address>0x1ee19</load_address>
         <run_address>0x1ee19</run_address>
         <size>0xfd</size>
         <input_file_ref idref="fl-16"/>
      </object_component>
      <object_component id="oc-2b4">
         <name>.debug_info</name>
         <load_address>0x1ef16</load_address>
         <run_address>0x1ef16</run_address>
         <size>0x135</size>
         <input_file_ref idref="fl-16"/>
      </object_component>
      <object_component id="oc-2b1">
         <name>.debug_info</name>
         <load_address>0x1f04b</load_address>
         <run_address>0x1f04b</run_address>
         <size>0x121</size>
         <input_file_ref idref="fl-16"/>
      </object_component>
      <object_component id="oc-1a9">
         <name>.debug_info</name>
         <load_address>0x1f16c</load_address>
         <run_address>0x1f16c</run_address>
         <size>0x1ed6</size>
         <input_file_ref idref="fl-16"/>
      </object_component>
      <object_component id="oc-2c3">
         <name>.debug_info</name>
         <load_address>0x21042</load_address>
         <run_address>0x21042</run_address>
         <size>0x1ce</size>
         <input_file_ref idref="fl-16"/>
      </object_component>
      <object_component id="oc-2bd">
         <name>.debug_info</name>
         <load_address>0x21210</load_address>
         <run_address>0x21210</run_address>
         <size>0x46</size>
         <input_file_ref idref="fl-16"/>
      </object_component>
      <object_component id="oc-38">
         <name>.debug_info</name>
         <load_address>0x21256</load_address>
         <run_address>0x21256</run_address>
         <size>0x119</size>
         <input_file_ref idref="fl-d0"/>
      </object_component>
      <object_component id="oc-9a">
         <name>.debug_info</name>
         <load_address>0x2136f</load_address>
         <run_address>0x2136f</run_address>
         <size>0x147</size>
         <input_file_ref idref="fl-d1"/>
      </object_component>
      <object_component id="oc-97">
         <name>.debug_info</name>
         <load_address>0x214b6</load_address>
         <run_address>0x214b6</run_address>
         <size>0x2d4</size>
         <input_file_ref idref="fl-d2"/>
      </object_component>
      <object_component id="oc-4a">
         <name>.debug_info</name>
         <load_address>0x2178a</load_address>
         <run_address>0x2178a</run_address>
         <size>0x1b5</size>
         <input_file_ref idref="fl-d2"/>
      </object_component>
      <object_component id="oc-92">
         <name>.debug_info</name>
         <load_address>0x2193f</load_address>
         <run_address>0x2193f</run_address>
         <size>0x46</size>
         <input_file_ref idref="fl-d2"/>
      </object_component>
      <object_component id="oc-42">
         <name>.debug_info</name>
         <load_address>0x21985</load_address>
         <run_address>0x21985</run_address>
         <size>0x2a8</size>
         <input_file_ref idref="fl-d3"/>
      </object_component>
      <object_component id="oc-1e">
         <name>.debug_info</name>
         <load_address>0x21c2d</load_address>
         <run_address>0x21c2d</run_address>
         <size>0x1ea</size>
         <input_file_ref idref="fl-d3"/>
      </object_component>
      <object_component id="oc-3d">
         <name>.debug_info</name>
         <load_address>0x21e17</load_address>
         <run_address>0x21e17</run_address>
         <size>0x46</size>
         <input_file_ref idref="fl-d3"/>
      </object_component>
      <object_component id="oc-8a">
         <name>.debug_info</name>
         <load_address>0x21e5d</load_address>
         <run_address>0x21e5d</run_address>
         <size>0x2c</size>
         <input_file_ref idref="fl-d3"/>
      </object_component>
      <object_component id="oc-88">
         <name>.debug_info</name>
         <load_address>0x21e89</load_address>
         <run_address>0x21e89</run_address>
         <size>0x29e</size>
         <input_file_ref idref="fl-d4"/>
      </object_component>
      <object_component id="oc-19">
         <name>.debug_info</name>
         <load_address>0x22127</load_address>
         <run_address>0x22127</run_address>
         <size>0x250</size>
         <input_file_ref idref="fl-d4"/>
      </object_component>
      <object_component id="oc-2d">
         <name>.debug_info</name>
         <load_address>0x22377</load_address>
         <run_address>0x22377</run_address>
         <size>0x60</size>
         <input_file_ref idref="fl-d4"/>
      </object_component>
      <object_component id="oc-104">
         <name>.debug_info</name>
         <load_address>0x223d7</load_address>
         <run_address>0x223d7</run_address>
         <size>0x46</size>
         <input_file_ref idref="fl-d4"/>
      </object_component>
      <object_component id="oc-83">
         <name>.debug_info</name>
         <load_address>0x2241d</load_address>
         <run_address>0x2241d</run_address>
         <size>0x39</size>
         <input_file_ref idref="fl-d4"/>
      </object_component>
      <object_component id="oc-2a">
         <name>.debug_info</name>
         <load_address>0x22456</load_address>
         <run_address>0x22456</run_address>
         <size>0x10b</size>
         <input_file_ref idref="fl-d5"/>
      </object_component>
      <object_component id="oc-56">
         <name>.debug_info</name>
         <load_address>0x22561</load_address>
         <run_address>0x22561</run_address>
         <size>0x1a9</size>
         <input_file_ref idref="fl-d5"/>
      </object_component>
      <object_component id="oc-26e">
         <name>.debug_info</name>
         <load_address>0x2270a</load_address>
         <run_address>0x2270a</run_address>
         <size>0x4b3</size>
         <input_file_ref idref="fl-d6"/>
      </object_component>
      <object_component id="oc-153">
         <name>.debug_info</name>
         <load_address>0x22bbd</load_address>
         <run_address>0x22bbd</run_address>
         <size>0x1a6</size>
         <input_file_ref idref="fl-d6"/>
      </object_component>
      <object_component id="oc-346">
         <name>.debug_info</name>
         <load_address>0x22d63</load_address>
         <run_address>0x22d63</run_address>
         <size>0x39</size>
         <input_file_ref idref="fl-d6"/>
      </object_component>
      <object_component id="oc-39a">
         <name>.debug_info</name>
         <load_address>0x22d9c</load_address>
         <run_address>0x22d9c</run_address>
         <size>0x39</size>
         <input_file_ref idref="fl-d6"/>
      </object_component>
      <object_component id="oc-34b">
         <name>.debug_info</name>
         <load_address>0x22dd5</load_address>
         <run_address>0x22dd5</run_address>
         <size>0x39</size>
         <input_file_ref idref="fl-d6"/>
      </object_component>
      <object_component id="oc-350">
         <name>.debug_info</name>
         <load_address>0x22e0e</load_address>
         <run_address>0x22e0e</run_address>
         <size>0xcd</size>
         <input_file_ref idref="fl-d6"/>
      </object_component>
      <object_component id="oc-9f">
         <name>.debug_info</name>
         <load_address>0x22edb</load_address>
         <run_address>0x22edb</run_address>
         <size>0x153</size>
         <input_file_ref idref="fl-d7"/>
      </object_component>
      <object_component id="oc-145">
         <name>.debug_info</name>
         <load_address>0x2302e</load_address>
         <run_address>0x2302e</run_address>
         <size>0x122</size>
         <input_file_ref idref="fl-d9"/>
      </object_component>
      <object_component id="oc-3db">
         <name>.debug_info</name>
         <load_address>0x23150</load_address>
         <run_address>0x23150</run_address>
         <size>0xb0</size>
      </object_component>
      <object_component id="oc-2db">
         <name>.debug_line</name>
         <load_address>0x0</load_address>
         <run_address>0x0</run_address>
         <size>0x20</size>
         <input_file_ref idref="fl-2"/>
      </object_component>
      <object_component id="oc-384">
         <name>.debug_line</name>
         <load_address>0x20</load_address>
         <run_address>0x20</run_address>
         <size>0x36</size>
         <input_file_ref idref="fl-2"/>
      </object_component>
      <object_component id="oc-382">
         <name>.debug_line</name>
         <load_address>0x56</load_address>
         <run_address>0x56</run_address>
         <size>0x36</size>
         <input_file_ref idref="fl-2"/>
      </object_component>
      <object_component id="oc-386">
         <name>.debug_line</name>
         <load_address>0x8c</load_address>
         <run_address>0x8c</run_address>
         <size>0x36</size>
         <input_file_ref idref="fl-2"/>
      </object_component>
      <object_component id="oc-388">
         <name>.debug_line</name>
         <load_address>0xc2</load_address>
         <run_address>0xc2</run_address>
         <size>0x36</size>
         <input_file_ref idref="fl-2"/>
      </object_component>
      <object_component id="oc-38a">
         <name>.debug_line</name>
         <load_address>0xf8</load_address>
         <run_address>0xf8</run_address>
         <size>0x36</size>
         <input_file_ref idref="fl-2"/>
      </object_component>
      <object_component id="oc-38c">
         <name>.debug_line</name>
         <load_address>0x12e</load_address>
         <run_address>0x12e</run_address>
         <size>0x36</size>
         <input_file_ref idref="fl-2"/>
      </object_component>
      <object_component id="oc-38e">
         <name>.debug_line</name>
         <load_address>0x164</load_address>
         <run_address>0x164</run_address>
         <size>0x36</size>
         <input_file_ref idref="fl-2"/>
      </object_component>
      <object_component id="oc-390">
         <name>.debug_line</name>
         <load_address>0x19a</load_address>
         <run_address>0x19a</run_address>
         <size>0x36</size>
         <input_file_ref idref="fl-2"/>
      </object_component>
      <object_component id="oc-392">
         <name>.debug_line</name>
         <load_address>0x1d0</load_address>
         <run_address>0x1d0</run_address>
         <size>0x36</size>
         <input_file_ref idref="fl-2"/>
      </object_component>
      <object_component id="oc-394">
         <name>.debug_line</name>
         <load_address>0x206</load_address>
         <run_address>0x206</run_address>
         <size>0x36</size>
         <input_file_ref idref="fl-2"/>
      </object_component>
      <object_component id="oc-396">
         <name>.debug_line</name>
         <load_address>0x23c</load_address>
         <run_address>0x23c</run_address>
         <size>0x36</size>
         <input_file_ref idref="fl-2"/>
      </object_component>
      <object_component id="oc-102">
         <name>.debug_line</name>
         <load_address>0x272</load_address>
         <run_address>0x272</run_address>
         <size>0x7d</size>
         <input_file_ref idref="fl-2"/>
      </object_component>
      <object_component id="oc-35">
         <name>.debug_line</name>
         <load_address>0x2ef</load_address>
         <run_address>0x2ef</run_address>
         <size>0x20</size>
         <input_file_ref idref="fl-2"/>
      </object_component>
      <object_component id="oc-1d1">
         <name>.debug_line</name>
         <load_address>0x30f</load_address>
         <run_address>0x30f</run_address>
         <size>0x81</size>
         <input_file_ref idref="fl-2"/>
      </object_component>
      <object_component id="oc-dc">
         <name>.debug_line</name>
         <load_address>0x390</load_address>
         <run_address>0x390</run_address>
         <size>0x7e</size>
         <input_file_ref idref="fl-2"/>
      </object_component>
      <object_component id="oc-2d9">
         <name>.debug_line</name>
         <load_address>0x40e</load_address>
         <run_address>0x40e</run_address>
         <size>0x20</size>
         <input_file_ref idref="fl-3"/>
      </object_component>
      <object_component id="oc-119">
         <name>.debug_line</name>
         <load_address>0x42e</load_address>
         <run_address>0x42e</run_address>
         <size>0x216</size>
         <input_file_ref idref="fl-3"/>
      </object_component>
      <object_component id="oc-fb">
         <name>.debug_line</name>
         <load_address>0x644</load_address>
         <run_address>0x644</run_address>
         <size>0x66</size>
         <input_file_ref idref="fl-3"/>
      </object_component>
      <object_component id="oc-1e4">
         <name>.debug_line</name>
         <load_address>0x6aa</load_address>
         <run_address>0x6aa</run_address>
         <size>0x69</size>
         <input_file_ref idref="fl-3"/>
      </object_component>
      <object_component id="oc-204">
         <name>.debug_line</name>
         <load_address>0x713</load_address>
         <run_address>0x713</run_address>
         <size>0x200</size>
         <input_file_ref idref="fl-4"/>
      </object_component>
      <object_component id="oc-a9">
         <name>.debug_line</name>
         <load_address>0x913</load_address>
         <run_address>0x913</run_address>
         <size>0x7f</size>
         <input_file_ref idref="fl-4"/>
      </object_component>
      <object_component id="oc-f1">
         <name>.debug_line</name>
         <load_address>0x992</load_address>
         <run_address>0x992</run_address>
         <size>0x2e</size>
         <input_file_ref idref="fl-4"/>
      </object_component>
      <object_component id="oc-142">
         <name>.debug_line</name>
         <load_address>0x9c0</load_address>
         <run_address>0x9c0</run_address>
         <size>0x77</size>
         <input_file_ref idref="fl-4"/>
      </object_component>
      <object_component id="oc-1f3">
         <name>.debug_line</name>
         <load_address>0xa37</load_address>
         <run_address>0xa37</run_address>
         <size>0x7b</size>
         <input_file_ref idref="fl-4"/>
      </object_component>
      <object_component id="oc-1e9">
         <name>.debug_line</name>
         <load_address>0xab2</load_address>
         <run_address>0xab2</run_address>
         <size>0x78</size>
         <input_file_ref idref="fl-4"/>
      </object_component>
      <object_component id="oc-1fa">
         <name>.debug_line</name>
         <load_address>0xb2a</load_address>
         <run_address>0xb2a</run_address>
         <size>0x79</size>
         <input_file_ref idref="fl-4"/>
      </object_component>
      <object_component id="oc-d2">
         <name>.debug_line</name>
         <load_address>0xba3</load_address>
         <run_address>0xba3</run_address>
         <size>0x7b</size>
         <input_file_ref idref="fl-4"/>
      </object_component>
      <object_component id="oc-d7">
         <name>.debug_line</name>
         <load_address>0xc1e</load_address>
         <run_address>0xc1e</run_address>
         <size>0x7d</size>
         <input_file_ref idref="fl-4"/>
      </object_component>
      <object_component id="oc-1ee">
         <name>.debug_line</name>
         <load_address>0xc9b</load_address>
         <run_address>0xc9b</run_address>
         <size>0x78</size>
         <input_file_ref idref="fl-4"/>
      </object_component>
      <object_component id="oc-1c7">
         <name>.debug_line</name>
         <load_address>0xd13</load_address>
         <run_address>0xd13</run_address>
         <size>0x77</size>
         <input_file_ref idref="fl-4"/>
      </object_component>
      <object_component id="oc-fe">
         <name>.debug_line</name>
         <load_address>0xd8a</load_address>
         <run_address>0xd8a</run_address>
         <size>0x40</size>
         <input_file_ref idref="fl-5"/>
      </object_component>
      <object_component id="oc-7f">
         <name>.debug_line</name>
         <load_address>0xdca</load_address>
         <run_address>0xdca</run_address>
         <size>0x40</size>
         <input_file_ref idref="fl-5"/>
      </object_component>
      <object_component id="oc-6b">
         <name>.debug_line</name>
         <load_address>0xe0a</load_address>
         <run_address>0xe0a</run_address>
         <size>0x71</size>
         <input_file_ref idref="fl-5"/>
      </object_component>
      <object_component id="oc-284">
         <name>.debug_line</name>
         <load_address>0xe7b</load_address>
         <run_address>0xe7b</run_address>
         <size>0x3b</size>
         <input_file_ref idref="fl-6"/>
      </object_component>
      <object_component id="oc-b8">
         <name>.debug_line</name>
         <load_address>0xeb6</load_address>
         <run_address>0xeb6</run_address>
         <size>0x13a</size>
         <input_file_ref idref="fl-6"/>
      </object_component>
      <object_component id="oc-1e0">
         <name>.debug_line</name>
         <load_address>0xff0</load_address>
         <run_address>0xff0</run_address>
         <size>0xf8</size>
         <input_file_ref idref="fl-7"/>
      </object_component>
      <object_component id="oc-1fd">
         <name>.debug_line</name>
         <load_address>0x10e8</load_address>
[...]
      </symbol>
      <symbol id="sm-976">
         <name>xTaskCheckForTimeOut</name>
         <value>0x1719</value>
         <object_component_ref idref="oc-c3"/>
      </symbol>
      <symbol id="sm-977">
         <name>vTaskGenericNotifyGiveFromISR</name>
         <value>0x25a1</value>
         <object_component_ref idref="oc-c3"/>
      </symbol>
      <symbol id="sm-978">
         <name>vTaskRemoveFromUnorderedEventList</name>
         <value>0x1581</value>
         <object_component_ref idref="oc-c3"/>
      </symbol>
      <symbol id="sm-979">
         <name>vTaskPrioritySet</name>
         <value>0x6e9</value>
         <object_component_ref idref="oc-c3"/>
      </symbol>
      <symbol id="sm-97a">
         <name>xTaskPriorityDisinherit</name>
         <value>0x1d27</value>
         <object_component_ref idref="oc-c3"/>
      </symbol>
      <symbol id="sm-97b">
         <name>vTaskStartScheduler</name>
         <value>0xaa9</value>
         <object_component_ref idref="oc-c3"/>
      </symbol>
      <symbol id="sm-97c">
         <name>vTaskInternalSetTimeOutState</name>
         <value>0x16f3</value>
         <object_component_ref idref="oc-c3"/>
      </symbol>
      <symbol id="sm-97d">
         <name>pvTaskIncrementMutexHeldCount</name>
         <value>0x1fa9</value>
         <object_component_ref idref="oc-c3"/>
      </symbol>
      <symbol id="sm-97e">
         <name>vTaskSetThreadLocalStoragePointer</name>
         <value>0x18bf</value>
         <object_component_ref idref="oc-c3"/>
      </symbol>
      <symbol id="sm-97f">
         <name>xTaskGenericNotifyStateClear</name>
         <value>0x2751</value>
         <object_component_ref idref="oc-c3"/>
      </symbol>
      <symbol id="sm-980">
         <name>xTaskGenericNotify</name>
         <value>0x2161</value>
         <object_component_ref idref="oc-c3"/>
      </symbol>
      <symbol id="sm-981">
         <name>vTaskPriorityDisinheritAfterTimeout</name>
         <value>0x1e39</value>
         <object_component_ref idref="oc-c3"/>
      </symbol>
      <symbol id="sm-982">
         <name>xTaskCreate</name>
         <value>0xe5</value>
         <object_component_ref idref="oc-c3"/>
      </symbol>
      <symbol id="sm-983">
         <name>xTaskGetApplicationTaskTagFromISR</name>
         <value>0x1181</value>
         <object_component_ref idref="oc-c3"/>
      </symbol>
      <symbol id="sm-984">
         <name>xTaskDelayUntil</name>
         <value>0x451</value>
         <object_component_ref idref="oc-c3"/>
      </symbol>
      <symbol id="sm-985">
         <name>uxTaskGetTaskNumber</name>
         <value>0x17d1</value>
         <object_component_ref idref="oc-c3"/>
      </symbol>
      <symbol id="sm-986">
         <name>vTaskEndScheduler</name>
         <value>0xb23</value>
         <object_component_ref idref="oc-c3"/>
      </symbol>
      <symbol id="sm-987">
         <name>vTaskMissedYield</name>
         <value>0x17c5</value>
         <object_component_ref idref="oc-c3"/>
      </symbol>
      <symbol id="sm-988">
         <name>uxTaskGetNumberOfTasks</name>
         <value>0xd85</value>
         <object_component_ref idref="oc-c3"/>
      </symbol>
      <symbol id="sm-989">
         <name>xTaskCatchUpTicks</name>
         <value>0xef1</value>
         <object_component_ref idref="oc-c3"/>
      </symbol>
      <symbol id="sm-98a">
         <name>xTaskGenericNotifyFromISR</name>
         <value>0x234b</value>
         <object_component_ref idref="oc-c3"/>
      </symbol>
      <symbol id="sm-98b">
         <name>vTaskGetInfo</name>
         <value>0x19e1</value>
         <object_component_ref idref="oc-c3"/>
      </symbol>
      <symbol id="sm-98c">
         <name>uxTaskPriorityGet</name>
         <value>0x67d</value>
         <object_component_ref idref="oc-c3"/>
      </symbol>
      <symbol id="sm-98d">
         <name>vTaskStepTick</name>
         <value>0xeb3</value>
         <object_component_ref idref="oc-c3"/>
      </symbol>
      <symbol id="sm-98e">
         <name>xTaskResumeAll</name>
         <value>0xbad</value>
         <object_component_ref idref="oc-c3"/>
      </symbol>
      <symbol id="sm-98f">
         <name>vTaskSetApplicationTaskTag</name>
         <value>0x1129</value>
         <object_component_ref idref="oc-c3"/>
      </symbol>
      <symbol id="sm-990">
         <name>xTaskGetTickCount</name>
         <value>0xd61</value>
         <object_component_ref idref="oc-c3"/>
      </symbol>
      <symbol id="sm-991">
         <name>ulTaskGenericNotifyTake</name>
         <value>0x1fc1</value>
         <object_component_ref idref="oc-c3"/>
      </symbol>
      <symbol id="sm-992">
         <name>uxTaskGetSystemState</name>
         <value>0xdd9</value>
         <object_component_ref idref="oc-c3"/>
      </symbol>
      <symbol id="sm-993">
         <name>vTaskDelete</name>
         <value>0x37d</value>
         <object_component_ref idref="oc-c3"/>
      </symbol>
      <symbol id="sm-994">
         <name>xTaskGetApplicationTaskTag</name>
         <value>0x1159</value>
         <object_component_ref idref="oc-c3"/>
      </symbol>
      <symbol id="sm-995">
         <name>xTaskCallApplicationTaskHook</name>
         <value>0x11bb</value>
         <object_component_ref idref="oc-c3"/>
      </symbol>
      <symbol id="sm-996">
         <name>ulTaskGenericNotifyValueClear</name>
         <value>0x27b9</value>
         <object_component_ref idref="oc-c3"/>
      </symbol>
      <symbol id="sm-997">
         <name>xTaskGenericNotifyWait</name>
         <value>0x2079</value>
         <object_component_ref idref="oc-c3"/>
      </symbol>
      <symbol id="sm-998">
         <name>pxCurrentTCB</name>
         <value>0x20008348</value>
         <object_component_ref idref="oc-bd"/>
      </symbol>
      <symbol id="sm-999">
         <name>eTaskGetState</name>
         <value>0x5a1</value>
         <object_component_ref idref="oc-c3"/>
      </symbol>
      <symbol id="sm-99a">
         <name>vTaskSuspend</name>
         <value>0x869</value>
         <object_component_ref idref="oc-c3"/>
      </symbol>
      <symbol id="sm-99b">
         <name>xTaskGetTickCountFromISR</name>
         <value>0xd71</value>
         <object_component_ref idref="oc-c3"/>
      </symbol>
      <symbol id="sm-99c">
         <name>vTaskResume</name>
         <value>0x9c5</value>
         <object_component_ref idref="oc-c3"/>
      </symbol>
      <symbol id="sm-99d">
         <name>uxTopUsedPriority</name>
         <value>0x6844</value>
         <object_component_ref idref="oc-1b1"/>
      </symbol>
      <symbol id="sm-99e">
         <name>vTaskPlaceOnEventListRestricted</name>
         <value>0x139d</value>
         <object_component_ref idref="oc-c3"/>
      </symbol>
      <symbol id="sm-99f">
         <name>vTaskSetTimeOutState</name>
         <value>0x16c1</value>
         <object_component_ref idref="oc-c3"/>
      </symbol>
      <symbol id="sm-9a0">
         <name>xTaskIncrementTick</name>
         <value>0xf3d</value>
         <object_component_ref idref="oc-c3"/>
      </symbol>
      <symbol id="sm-9a1">
         <name>vTaskSwitchContext</name>
         <value>0x11f9</value>
         <object_component_ref idref="oc-c3"/>
      </symbol>
      <symbol id="sm-9a2">
         <name>uxTaskResetEventItemValue</name>
         <value>0x1f83</value>
         <object_component_ref idref="oc-c3"/>
      </symbol>
      <symbol id="sm-9a3">
         <name>xTaskGetSchedulerState</name>
         <value>0x1bc9</value>
         <object_component_ref idref="oc-c3"/>
      </symbol>
      <symbol id="sm-9a4">
         <name>xTaskGetCurrentTaskHandle</name>
         <value>0x1bb9</value>
         <object_component_ref idref="oc-c3"/>
      </symbol>
      <symbol id="sm-9a5">
         <name>vTaskPlaceOnUnorderedEventList</name>
         <value>0x12fd</value>
         <object_component_ref idref="oc-c3"/>
      </symbol>
      <symbol id="sm-9a6">
         <name>xTaskRemoveFromEventList</name>
         <value>0x1411</value>
         <object_component_ref idref="oc-c3"/>
      </symbol>
      <symbol id="sm-9a7">
         <name>eTaskConfirmSleepModeStatus</name>
         <value>0x186b</value>
         <object_component_ref idref="oc-c3"/>
      </symbol>
      <symbol id="sm-9a8">
         <name>xTaskPriorityInherit</name>
         <value>0x1c11</value>
         <object_component_ref idref="oc-c3"/>
      </symbol>
      <symbol id="sm-a67">
         <name>vTimerSetTimerNumber</name>
         <value>0x48b3</value>
         <object_component_ref idref="oc-1a8"/>
      </symbol>
      <symbol id="sm-a68">
         <name>xTimerGetTimerDaemonTaskHandle</name>
         <value>0x4317</value>
         <object_component_ref idref="oc-1a8"/>
      </symbol>
      <symbol id="sm-a69">
         <name>pcTimerGetName</name>
         <value>0x440f</value>
         <object_component_ref idref="oc-1a8"/>
      </symbol>
      <symbol id="sm-a6a">
         <name>xTimerCreateTimerTask</name>
         <value>0x41b9</value>
         <object_component_ref idref="oc-1a8"/>
      </symbol>
      <symbol id="sm-a6b">
         <name>xTimerGetExpiryTime</name>
         <value>0x43e5</value>
         <object_component_ref idref="oc-1a8"/>
      </symbol>
      <symbol id="sm-a6c">
         <name>uxTimerGetTimerNumber</name>
         <value>0x48a5</value>
         <object_component_ref idref="oc-1a8"/>
      </symbol>
      <symbol id="sm-a6d">
         <name>xTimerIsTimerActive</name>
         <value>0x4809</value>
         <object_component_ref idref="oc-1a8"/>
      </symbol>
      <symbol id="sm-a6e">
         <name>xTimerGetPeriod</name>
         <value>0x4339</value>
         <object_component_ref idref="oc-1a8"/>
      </symbol>
      <symbol id="sm-a6f">
         <name>xTimerCreate</name>
         <value>0x41f9</value>
         <object_component_ref idref="oc-1a8"/>
      </symbol>
      <symbol id="sm-a70">
         <name>vTimerSetReloadMode</name>
         <value>0x435f</value>
         <object_component_ref idref="oc-1a8"/>
      </symbol>
      <symbol id="sm-a71">
         <name>xTimerGenericCommand</name>
         <value>0x4297</value>
         <object_component_ref idref="oc-1a8"/>
      </symbol>
      <symbol id="sm-a72">
         <name>uxTimerGetReloadMode</name>
         <value>0x43a9</value>
         <object_component_ref idref="oc-1a8"/>
      </symbol>
      <symbol id="sm-a73">
         <name>pvTimerGetTimerID</name>
         <value>0x4849</value>
         <object_component_ref idref="oc-1a8"/>
      </symbol>
      <symbol id="sm-a74">
         <name>vTimerSetTimerID</name>
         <value>0x4877</value>
         <object_component_ref idref="oc-1a8"/>
      </symbol>
      <symbol id="sm-a8f">
         <name>memcpy</name>
         <value>0x6489</value>
         <object_component_ref idref="oc-37"/>
      </symbol>
      <symbol id="sm-a90">
         <name>__aeabi_memcpy</name>
         <value>0x6489</value>
         <object_component_ref idref="oc-37"/>
      </symbol>
      <symbol id="sm-a91">
         <name>__aeabi_memcpy8</name>
         <value>0x6489</value>
         <object_component_ref idref="oc-37"/>
      </symbol>
      <symbol id="sm-a92">
         <name>__aeabi_memcpy4</name>
         <value>0x6489</value>
         <object_component_ref idref="oc-37"/>
      </symbol>
      <symbol id="sm-aa1">
         <name>__aeabi_memset</name>
         <value>0x6527</value>
         <object_component_ref idref="oc-98"/>
      </symbol>
      <symbol id="sm-aa2">
         <name>memset</name>
         <value>0x652d</value>
         <object_component_ref idref="oc-98"/>
      </symbol>
      <symbol id="sm-aa3">
         <name>__aeabi_memset8</name>
         <value>0x6527</value>
         <object_component_ref idref="oc-98"/>
      </symbol>
      <symbol id="sm-aa4">
         <name>__aeabi_memset4</name>
         <value>0x6527</value>
         <object_component_ref idref="oc-98"/>
      </symbol>
      <symbol id="sm-aa5">
         <name>__aeabi_memclr8</name>
         <value>0x6525</value>
         <object_component_ref idref="oc-98"/>
      </symbol>
      <symbol id="sm-aa6">
         <name>__aeabi_memclr4</name>
         <value>0x6525</value>
         <object_component_ref idref="oc-98"/>
      </symbol>
      <symbol id="sm-aa7">
         <name>__aeabi_memclr</name>
         <value>0x6525</value>
         <object_component_ref idref="oc-98"/>
      </symbol>
      <symbol id="sm-ab9">
         <name>__TI_zero_init</name>
         <value>0x66bd</value>
         <object_component_ref idref="oc-49"/>
      </symbol>
      <symbol id="sm-ad0">
         <name>__TI_decompress_none</name>
         <value>0x66a1</value>
         <object_component_ref idref="oc-1d"/>
      </symbol>
      <symbol id="sm-af3">
         <name>__TI_decompress_lzss</name>
         <value>0x659f</value>
         <object_component_ref idref="oc-17"/>
      </symbol>
      <symbol id="sm-b06">
         <name>__stack</name>
         <value>0x2000fe00</value>
         <object_component_ref idref="oc-29"/>
      </symbol>
      <symbol id="sm-b07">
         <name>_c_int00_noargs</name>
         <value>0x664d</value>
         <object_component_ref idref="oc-55"/>
      </symbol>
      <symbol id="sm-b2f">
         <name>__TI_auto_init_nobinit_nopinit</name>
         <value>0x6609</value>
         <object_component_ref idref="oc-150"/>
      </symbol>
      <symbol id="sm-b39">
         <name>_system_pre_init</name>
         <value>0x66c9</value>
         <object_component_ref idref="oc-9e"/>
      </symbol>
      <symbol id="sm-b45">
         <name>C$$EXIT</name>
         <value>0x66cd</value>
         <object_component_ref idref="oc-144"/>
      </symbol>
      <symbol id="sm-b46">
         <name>abort</name>
         <value>0x66cd</value>
         <object_component_ref idref="oc-144"/>
      </symbol>
      <symbol id="sm-b49">
         <name>__TI_static_base__</name>
         <value>0x0</value>
      </symbol>
      <symbol id="sm-b4c">
         <name>__mpu_init</name>
         <value>0x0</value>
      </symbol>
      <symbol id="sm-b4d">
         <name>_system_post_cinit</name>
         <value>0x0</value>
      </symbol>
      <symbol id="sm-b4e">
         <name>NMI_Handler</name>
         <value>0x66bb</value>
      </symbol>
      <symbol id="sm-b4f">
         <name>HardFault_Handler</name>
         <value>0x66bb</value>
      </symbol>
      <symbol id="sm-b50">
         <name>MemManage_Handler</name>
         <value>0x66bb</value>
      </symbol>
      <symbol id="sm-b51">
         <name>BusFault_Handler</name>
         <value>0x66bb</value>
      </symbol>
      <symbol id="sm-b52">
         <name>UsageFault_Handler</name>
         <value>0x66bb</value>
      </symbol>
      <symbol id="sm-b53">
         <name>SVC_Handler</name>
         <value>0x66bb</value>
      </symbol>
      <symbol id="sm-b54">
         <name>DebugMon_Handler</name>
         <value>0x66bb</value>
      </symbol>
      <symbol id="sm-b55">
         <name>PendSV_Handler</name>
         <value>0x66bb</value>
      </symbol>
      <symbol id="sm-b56">
         <name>SysTick_Handler</name>
         <value>0x66bb</value>
      </symbol>
      <symbol id="sm-b57">
         <name>PSS_IRQHandler</name>
         <value>0x66bb</value>
      </symbol>
      <symbol id="sm-b58">
         <name>CS_IRQHandler</name>
         <value>0x66bb</value>
      </symbol>
      <symbol id="sm-b59">
         <name>PCM_IRQHandler</name>
         <value>0x66bb</value>
      </symbol>
      <symbol id="sm-b5a">
         <name>WDT_A_IRQHandler</name>
         <value>0x66bb</value>
      </symbol>
      <symbol id="sm-b5b">
         <name>FPU_IRQHandler</name>
         <value>0x66bb</value>
      </symbol>
      <symbol id="sm-b5c">
         <name>FLCTL_IRQHandler</name>
         <value>0x66bb</value>
      </symbol>
      <symbol id="sm-b5d">
         <name>COMP_E0_IRQHandler</name>
         <value>0x66bb</value>
      </symbol>
      <symbol id="sm-b5e">
         <name>COMP_E1_IRQHandler</name>
         <value>0x66bb</value>
      </symbol>
      <symbol id="sm-b5f">
         <name>TA0_0_IRQHandler</name>
         <value>0x66bb</value>
      </symbol>
      <symbol id="sm-b60">
         <name>TA0_N_IRQHandler</name>
         <value>0x66bb</value>
      </symbol>
      <symbol id="sm-b61">
         <name>TA1_0_IRQHandler</name>
         <value>0x66bb</value>
      </symbol>
      <symbol id="sm-b62">
         <name>TA1_N_IRQHandler</name>
         <value>0x66bb</value>
      </symbol>
      <symbol id="sm-b63">
         <name>TA2_0_IRQHandler</name>
         <value>0x66bb</value>
      </symbol>
      <symbol id="sm-b64">
         <name>TA2_N_IRQHandler</name>
         <value>0x66bb</value>
      </symbol>
      <symbol id="sm-b65">
         <name>TA3_0_IRQHandler</name>
         <value>0x66bb</value>
      </symbol>
      <symbol id="sm-b66">
         <name>TA3_N_IRQHandler</name>
         <value>0x66bb</value>
      </symbol>
      <symbol id="sm-b67">
         <name>EUSCIA0_IRQHandler</name>
         <value>0x66bb</value>
      </symbol>
      <symbol id="sm-b68">
         <name>EUSCIA1_IRQHandler</name>
         <value>0x66bb</value>
      </symbol>
      <symbol id="sm-b69">
         <name>EUSCIA2_IRQHandler</name>
         <value>0x66bb</value>
      </symbol>
      <symbol id="sm-b6a">
         <name>EUSCIA3_IRQHandler</name>
         <value>0x66bb</value>
      </symbol>
      <symbol id="sm-b6b">
         <name>EUSCIB0_IRQHandler</name>
         <value>0x66bb</value>
      </symbol>
      <symbol id="sm-b6c">
         <name>EUSCIB1_IRQHandler</name>
         <value>0x66bb</value>
      </symbol>
      <symbol id="sm-b6d">
         <name>EUSCIB2_IRQHandler</name>
         <value>0x66bb</value>
      </symbol>
      <symbol id="sm-b6e">
         <name>EUSCIB3_IRQHandler</name>
         <value>0x66bb</value>
      </symbol>
      <symbol id="sm-b6f">
         <name>ADC14_IRQHandler</name>
         <value>0x5f2b</value>
      </symbol>
      <symbol id="sm-b70">
         <name>T32_INT1_IRQHandler</name>
         <value>0x66bb</value>
      </symbol>
      <symbol id="sm-b71">
         <name>T32_INT2_IRQHandler</name>
         <value>0x66bb</value>
      </symbol>
      <symbol id="sm-b72">
         <name>T32_INTC_IRQHandler</name>
         <value>0x66bb</value>
      </symbol>
      <symbol id="sm-b73">
         <name>AES256_IRQHandler</name>
         <value>0x66bb</value>
      </symbol>
      <symbol id="sm-b74">
         <name>RTC_C_IRQHandler</name>
         <value>0x66bb</value>
      </symbol>
      <symbol id="sm-b75">
         <name>DMA_ERR_IRQHandler</name>
         <value>0x66bb</value>
      </symbol>
      <symbol id="sm-b76">
         <name>DMA_INT3_IRQHandler</name>
         <value>0x66bb</value>
      </symbol>
      <symbol id="sm-b77">
         <name>DMA_INT2_IRQHandler</name>
         <value>0x66bb</value>
      </symbol>
      <symbol id="sm-b78">
         <name>DMA_INT1_IRQHandler</name>
         <value>0x66bb</value>
      </symbol>
      <symbol id="sm-b79">
         <name>DMA_INT0_IRQHandler</name>
         <value>0x66bb</value>
      </symbol>
      <symbol id="sm-b7a">
         <name>PORT1_IRQHandler</name>
         <value>0x66bb</value>
      </symbol>
      <symbol id="sm-b7b">
         <name>PORT2_IRQHandler</name>
         <value>0x66bb</value>
      </symbol>
      <symbol id="sm-b7c">
         <name>PORT3_IRQHandler</name>
         <value>0x66bb</value>
      </symbol>
      <symbol id="sm-b7d">
         <name>PORT4_IRQHandler</name>
         <value>0x66bb</value>
      </symbol>
      <symbol id="sm-b7e">
         <name>PORT5_IRQHandler</name>
         <value>0x66bb</value>
      </symbol>
      <symbol id="sm-b7f">
         <name>PORT6_IRQHandler</name>
         <value>0x66bb</value>
      </symbol>
   </symbol_table>
   <title>Link successful</title>
</link_info>
