<?xml version="1.0" encoding="ISO-8859-1" ?>
<link_info>
   <banner>TI ARM Linker PC v20.2.5.LTS</banner>
   <copyright>Copyright (c) 1996-2018 Texas Instruments Incorporated</copyright>
   <link_time>0x630d39d6</link_time>
   <link_errors>0x0</link_errors>
   <output_file>MusicBox.out</output_file>
   <entry_point>
      <name>_c_int00_noargs</name>
      <address>0x64b1</address>
   </entry_point>
   <input_file_list>
      <input_file id="fl-2">
         <path>.\</path>
         <kind>object</kind>
         <file>bop_it_images.obj</file>
         <name>bop_it_images.obj</name>
      </input_file>
      <input_file id="fl-3">
         <path>.\</path>
         <kind>object</kind>
         <file>lcd.obj</file>
         <name>lcd.obj</name>
      </input_file>
      <input_file id="fl-4">
         <path>.\</path>
         <kind>object</kind>
         <file>main.obj</file>
         <name>main.obj</name>
      </input_file>
      <input_file id="fl-5">
         <path>.\</path>
         <kind>object</kind>
         <file>startup_msp432p401r_ccs.obj</file>
         <name>startup_msp432p401r_ccs.obj</name>
      </input_file>
      <input_file id="fl-6">
         <path>.\</path>
         <kind>object</kind>
         <file>system_msp432p401r.obj</file>
         <name>system_msp432p401r.obj</name>
      </input_file>
      <input_file id="fl-7">
         <path>.\</path>
         <kind>object</kind>
         <file>task_adc.obj</file>
         <name>task_adc.obj</name>
      </input_file>
      <input_file id="fl-8">
         <path>.\</path>
         <kind>object</kind>
         <file>task_buttons.obj</file>
         <name>task_buttons.obj</name>
      </input_file>
      <input_file id="fl-9">
         <path>.\</path>
         <kind>object</kind>
         <file>task_buzzer.obj</file>
         <name>task_buzzer.obj</name>
      </input_file>
      <input_file id="fl-a">
         <path>.\</path>
         <kind>object</kind>
         <file>task_lcd_draw.obj</file>
         <name>task_lcd_draw.obj</name>
      </input_file>
      <input_file id="fl-b">
         <path>.\</path>
         <kind>object</kind>
         <file>task_lcd_driver.obj</file>
         <name>task_lcd_driver.obj</name>
      </input_file>
      <input_file id="fl-c">
         <path>.\</path>
         <kind>object</kind>
         <file>task_timer_polling.obj</file>
         <name>task_timer_polling.obj</name>
      </input_file>
      <input_file id="fl-d">
         <path>.\FreeRTOS\Portable\</path>
         <kind>object</kind>
         <file>port.obj</file>
         <name>port.obj</name>
      </input_file>
      <input_file id="fl-e">
         <path>.\FreeRTOS\Portable\</path>
         <kind>object</kind>
         <file>portasm.obj</file>
         <name>portasm.obj</name>
      </input_file>
      <input_file id="fl-f">
         <path>.\FreeRTOS\</path>
         <kind>object</kind>
         <file>croutine.obj</file>
         <name>croutine.obj</name>
      </input_file>
      <input_file id="fl-10">
         <path>.\FreeRTOS\</path>
         <kind>object</kind>
         <file>event_groups.obj</file>
         <name>event_groups.obj</name>
      </input_file>
      <input_file id="fl-11">
         <path>.\FreeRTOS\</path>
         <kind>object</kind>
         <file>heap_4.obj</file>
         <name>heap_4.obj</name>
      </input_file>
      <input_file id="fl-12">
         <path>.\FreeRTOS\</path>
         <kind>object</kind>
         <file>list.obj</file>
         <name>list.obj</name>
      </input_file>
      <input_file id="fl-13">
         <path>.\FreeRTOS\</path>
         <kind>object</kind>
         <file>queue.obj</file>
         <name>queue.obj</name>
      </input_file>
      <input_file id="fl-14">
         <path>.\FreeRTOS\</path>
         <kind>object</kind>
         <file>stream_buffer.obj</file>
         <name>stream_buffer.obj</name>
      </input_file>
      <input_file id="fl-15">
         <path>.\FreeRTOS\</path>
         <kind>object</kind>
         <file>tasks.obj</file>
         <name>tasks.obj</name>
      </input_file>
      <input_file id="fl-16">
         <path>.\FreeRTOS\</path>
         <kind>object</kind>
         <file>timers.obj</file>
         <name>timers.obj</name>
      </input_file>
      <input_file id="fl-1a">
         <kind>object</kind>
         <file>&lt;internal&gt;</file>
         <name>&lt;internal&gt;</name>
      </input_file>
      <input_file id="fl-d0">
         <path>D:\Program Files\ti\ccs1110\ccs\tools\compiler\ti-cgt-arm_20.2.5.LTS\lib\</path>
         <kind>archive</kind>
         <file>rtsv7M4_T_le_v4SPD16_eabi.lib</file>
         <name>memcpy_t2.asm.obj</name>
      </input_file>
      <input_file id="fl-d1">
         <path>D:\Program Files\ti\ccs1110\ccs\tools\compiler\ti-cgt-arm_20.2.5.LTS\lib\</path>
         <kind>archive</kind>
         <file>rtsv7M4_T_le_v4SPD16_eabi.lib</file>
         <name>memset_t2.asm.obj</name>
      </input_file>
      <input_file id="fl-d2">
         <path>D:\Program Files\ti\ccs1110\ccs\tools\compiler\ti-cgt-arm_20.2.5.LTS\lib\</path>
         <kind>archive</kind>
         <file>rtsv7M4_T_le_v4SPD16_eabi.lib</file>
         <name>copy_zero_init.c.obj</name>
      </input_file>
      <input_file id="fl-d3">
         <path>D:\Program Files\ti\ccs1110\ccs\tools\compiler\ti-cgt-arm_20.2.5.LTS\lib\</path>
         <kind>archive</kind>
         <file>rtsv7M4_T_le_v4SPD16_eabi.lib</file>
         <name>copy_decompress_none.c.obj</name>
      </input_file>
      <input_file id="fl-d4">
         <path>D:\Program Files\ti\ccs1110\ccs\tools\compiler\ti-cgt-arm_20.2.5.LTS\lib\</path>
         <kind>archive</kind>
         <file>rtsv7M4_T_le_v4SPD16_eabi.lib</file>
         <name>copy_decompress_lzss.c.obj</name>
      </input_file>
      <input_file id="fl-d5">
         <path>D:\Program Files\ti\ccs1110\ccs\tools\compiler\ti-cgt-arm_20.2.5.LTS\lib\</path>
         <kind>archive</kind>
         <file>rtsv7M4_T_le_v4SPD16_eabi.lib</file>
         <name>boot_cortex_m.c.obj</name>
      </input_file>
      <input_file id="fl-d6">
         <path>D:\Program Files\ti\ccs1110\ccs\tools\compiler\ti-cgt-arm_20.2.5.LTS\lib\</path>
         <kind>archive</kind>
         <file>rtsv7M4_T_le_v4SPD16_eabi.lib</file>
         <name>autoinit.c.obj</name>
      </input_file>
      <input_file id="fl-d7">
         <path>D:\Program Files\ti\ccs1110\ccs\tools\compiler\ti-cgt-arm_20.2.5.LTS\lib\</path>
         <kind>archive</kind>
         <file>rtsv7M4_T_le_v4SPD16_eabi.lib</file>
         <name>pre_init.c.obj</name>
      </input_file>
      <input_file id="fl-d8">
         <path>D:\Program Files\ti\ccs1110\ccs\tools\compiler\ti-cgt-arm_20.2.5.LTS\lib\</path>
         <kind>archive</kind>
         <file>rtsv7M4_T_le_v4SPD16_eabi.lib</file>
         <name>cpy_tbl.c.obj</name>
      </input_file>
      <input_file id="fl-d9">
         <path>D:\Program Files\ti\ccs1110\ccs\tools\compiler\ti-cgt-arm_20.2.5.LTS\lib\</path>
         <kind>archive</kind>
         <file>rtsv7M4_T_le_v4SPD16_eabi.lib</file>
         <name>exit.c.obj</name>
      </input_file>
      <input_file id="fl-da">
         <path>D:\Program Files\ti\ccs1110\ccs\tools\compiler\ti-cgt-arm_20.2.5.LTS\lib\</path>
         <kind>archive</kind>
         <file>rtsv7M4_T_le_v4SPD16_eabi.lib</file>
         <name>_lock.c.obj</name>
      </input_file>
      <input_file id="fl-db">
         <path>D:\Program Files\ti\ccs1110\ccs\tools\compiler\ti-cgt-arm_20.2.5.LTS\lib\</path>
         <kind>archive</kind>
         <file>rtsv7M4_T_le_v4SPD16_eabi.lib</file>
         <name>args_main.c.obj</name>
      </input_file>
   </input_file_list>
   <object_component_list>
      <object_component id="oc-26">
         <name>.intvecs:retain</name>
         <load_address>0x0</load_address>
         <run_address>0x0</run_address>
         <size>0xe4</size>
         <input_file_ref idref="fl-5"/>
      </object_component>
      <object_component id="oc-c3">
         <name>.text</name>
         <load_address>0xe4</load_address>
         <run_address>0xe4</run_address>
         <size>0x2810</size>
         <input_file_ref idref="fl-15"/>
      </object_component>
      <object_component id="oc-de">
         <name>.text</name>
         <load_address>0x28f4</load_address>
         <run_address>0x28f4</run_address>
         <size>0x1124</size>
         <input_file_ref idref="fl-13"/>
      </object_component>
      <object_component id="oc-1a8">
         <name>.text</name>
         <load_address>0x3a18</load_address>
         <run_address>0x3a18</run_address>
         <size>0x720</size>
         <input_file_ref idref="fl-16"/>
      </object_component>
      <object_component id="oc-132">
         <name>.text</name>
         <load_address>0x4138</load_address>
         <run_address>0x4138</run_address>
         <size>0x5f8</size>
         <input_file_ref idref="fl-9"/>
      </object_component>
      <object_component id="oc-114">
         <name>.text</name>
         <load_address>0x4730</load_address>
         <run_address>0x4730</run_address>
         <size>0x508</size>
         <input_file_ref idref="fl-3"/>
      </object_component>
      <object_component id="oc-190">
         <name>.text</name>
         <load_address>0x4c38</load_address>
         <run_address>0x4c38</run_address>
         <size>0x454</size>
         <input_file_ref idref="fl-11"/>
      </object_component>
      <object_component id="oc-72">
         <name>.text</name>
         <load_address>0x508c</load_address>
         <run_address>0x508c</run_address>
         <size>0x438</size>
         <input_file_ref idref="fl-d"/>
      </object_component>
      <object_component id="oc-253">
         <name>.text</name>
         <load_address>0x54c4</load_address>
         <run_address>0x54c4</run_address>
         <size>0x3a8</size>
         <input_file_ref idref="fl-a"/>
      </object_component>
      <object_component id="oc-b6">
         <name>.text</name>
         <load_address>0x586c</load_address>
         <run_address>0x586c</run_address>
         <size>0x354</size>
         <input_file_ref idref="fl-6"/>
      </object_component>
      <object_component id="oc-78">
         <name>.text</name>
         <load_address>0x5bc0</load_address>
         <run_address>0x5bc0</run_address>
         <size>0x248</size>
         <input_file_ref idref="fl-7"/>
      </object_component>
      <object_component id="oc-a4">
         <name>.text</name>
         <load_address>0x5e08</load_address>
         <run_address>0x5e08</run_address>
         <size>0x144</size>
         <input_file_ref idref="fl-4"/>
      </object_component>
      <object_component id="oc-196">
         <name>.text</name>
         <load_address>0x5f4c</load_address>
         <run_address>0x5f4c</run_address>
         <size>0x12a</size>
         <input_file_ref idref="fl-12"/>
      </object_component>
      <object_component id="oc-6d">
         <name>.text</name>
         <load_address>0x6078</load_address>
         <run_address>0x6078</run_address>
         <size>0xda</size>
         <input_file_ref idref="fl-e"/>
      </object_component>
      <object_component id="oc-123">
         <name>.text</name>
         <load_address>0x6154</load_address>
         <run_address>0x6154</run_address>
         <size>0xcc</size>
         <input_file_ref idref="fl-8"/>
      </object_component>
      <object_component id="oc-138">
         <name>.text</name>
         <load_address>0x6220</load_address>
         <run_address>0x6220</run_address>
         <size>0xcc</size>
         <input_file_ref idref="fl-b"/>
      </object_component>
      <object_component id="oc-37">
         <name>.text</name>
         <load_address>0x62ec</load_address>
         <run_address>0x62ec</run_address>
         <size>0x9c</size>
         <input_file_ref idref="fl-d0"/>
      </object_component>
      <object_component id="oc-98">
         <name>.text</name>
         <load_address>0x6388</load_address>
         <run_address>0x6388</run_address>
         <size>0x7a</size>
         <input_file_ref idref="fl-d1"/>
      </object_component>
      <object_component id="oc-17">
         <name>.text:decompress:lzss:__TI_decompress_lzss</name>
         <load_address>0x6402</load_address>
         <run_address>0x6402</run_address>
         <size>0x68</size>
         <input_file_ref idref="fl-d4"/>
      </object_component>
      <object_component id="oc-150">
         <name>.text:__TI_auto_init_nobinit_nopinit:__TI_auto_init_nobinit_nopinit</name>
         <load_address>0x646c</load_address>
         <run_address>0x646c</run_address>
         <size>0x44</size>
         <input_file_ref idref="fl-d6"/>
      </object_component>
      <object_component id="oc-55">
         <name>.text:_c_int00_noargs:_c_int00_noargs</name>
         <load_address>0x64b0</load_address>
         <run_address>0x64b0</run_address>
         <size>0x34</size>
         <input_file_ref idref="fl-d5"/>
      </object_component>
      <object_component id="oc-12c">
         <name>.text</name>
         <load_address>0x64e4</load_address>
         <run_address>0x64e4</run_address>
         <size>0x20</size>
         <input_file_ref idref="fl-c"/>
      </object_component>
      <object_component id="oc-1d">
         <name>.text:decompress:none:__TI_decompress_none</name>
         <load_address>0x6504</load_address>
         <run_address>0x6504</run_address>
         <size>0xe</size>
         <input_file_ref idref="fl-d3"/>
      </object_component>
      <object_component id="oc-67">
         <name>.text</name>
         <load_address>0x6512</load_address>
         <run_address>0x6512</run_address>
         <size>0xe</size>
         <input_file_ref idref="fl-5"/>
      </object_component>
      <object_component id="oc-49">
         <name>.text:decompress:ZI:__TI_zero_init</name>
         <load_address>0x6520</load_address>
         <run_address>0x6520</run_address>
         <size>0xc</size>
         <input_file_ref idref="fl-d2"/>
      </object_component>
      <object_component id="oc-9e">
         <name>.text:_system_pre_init</name>
         <load_address>0x652c</load_address>
         <run_address>0x652c</run_address>
         <size>0x4</size>
         <input_file_ref idref="fl-d7"/>
      </object_component>
      <object_component id="oc-144">
         <name>.text:abort:abort</name>
         <load_address>0x6530</load_address>
         <run_address>0x6530</run_address>
         <size>0x4</size>
         <input_file_ref idref="fl-d9"/>
      </object_component>
      <object_component id="oc-31d">
         <name>.const:.string:eightBitmap</name>
         <load_address>0x6534</load_address>
         <run_address>0x6534</run_address>
         <size>0x24</size>
         <input_file_ref idref="fl-2"/>
      </object_component>
      <object_component id="oc-314">
         <name>.const:.string:fiveBitmap</name>
         <load_address>0x6558</load_address>
         <run_address>0x6558</run_address>
         <size>0x24</size>
         <input_file_ref idref="fl-2"/>
      </object_component>
      <object_component id="oc-311">
         <name>.const:.string:fourBitmap</name>
         <load_address>0x657c</load_address>
         <run_address>0x657c</run_address>
         <size>0x24</size>
         <input_file_ref idref="fl-2"/>
      </object_component>
      <object_component id="oc-320">
         <name>.const:.string:nineBitmap</name>
         <load_address>0x65a0</load_address>
         <run_address>0x65a0</run_address>
         <size>0x24</size>
         <input_file_ref idref="fl-2"/>
      </object_component>
      <object_component id="oc-31a">
         <name>.const:.string:sevenBitmap</name>
         <load_address>0x65c4</load_address>
         <run_address>0x65c4</run_address>
         <size>0x24</size>
         <input_file_ref idref="fl-2"/>
      </object_component>
      <object_component id="oc-317">
         <name>.const:.string:sixBitmap</name>
         <load_address>0x65e8</load_address>
         <run_address>0x65e8</run_address>
         <size>0x24</size>
         <input_file_ref idref="fl-2"/>
      </object_component>
      <object_component id="oc-30e">
         <name>.const:.string:threeBitmap</name>
         <load_address>0x660c</load_address>
         <run_address>0x660c</run_address>
         <size>0x24</size>
         <input_file_ref idref="fl-2"/>
      </object_component>
      <object_component id="oc-30b">
         <name>.const:.string:twoBitmap</name>
         <load_address>0x6630</load_address>
         <run_address>0x6630</run_address>
         <size>0x24</size>
         <input_file_ref idref="fl-2"/>
      </object_component>
      <object_component id="oc-305">
         <name>.const:.string:zeroBitmap</name>
         <load_address>0x6654</load_address>
         <run_address>0x6654</run_address>
         <size>0x24</size>
         <input_file_ref idref="fl-2"/>
      </object_component>
      <object_component id="oc-302">
         <name>.const</name>
         <load_address>0x6678</load_address>
         <run_address>0x6678</run_address>
         <size>0x14</size>
         <input_file_ref idref="fl-2"/>
      </object_component>
      <object_component id="oc-308">
         <name>.const:.string:oneBitmap</name>
         <load_address>0x668c</load_address>
         <run_address>0x668c</run_address>
         <size>0x12</size>
         <input_file_ref idref="fl-2"/>
      </object_component>
      <object_component id="oc-c0">
         <name>.const</name>
         <load_address>0x66a0</load_address>
         <run_address>0x66a0</run_address>
         <size>0x8</size>
         <input_file_ref idref="fl-d"/>
      </object_component>
      <object_component id="oc-1b1">
         <name>.const</name>
         <load_address>0x66a8</load_address>
         <run_address>0x66a8</run_address>
         <size>0x4</size>
         <input_file_ref idref="fl-15"/>
      </object_component>
      <object_component id="oc-3cb">
         <name>.cinit..data.load</name>
         <load_address>0x66b0</load_address>
         <run_address>0x66b0</run_address>
         <size>0x166</size>
      </object_component>
      <object_component id="oc-3c9">
         <name>__TI_handler_table</name>
         <load_address>0x6818</load_address>
         <run_address>0x6818</run_address>
         <size>0xc</size>
      </object_component>
      <object_component id="oc-3cc">
         <name>.cinit..bss.load</name>
         <load_address>0x6828</load_address>
         <run_address>0x6828</run_address>
         <size>0x8</size>
      </object_component>
      <object_component id="oc-3ca">
         <name>__TI_cinit_table</name>
         <load_address>0x6830</load_address>
         <run_address>0x6830</run_address>
         <size>0x10</size>
      </object_component>
      <object_component id="oc-39d">
         <name>.binit</name>
         <load_address>0x0</load_address>
         <run_address>0x0</run_address>
         <size>0x0</size>
      </object_component>
      <object_component id="oc-182">
         <name>.data</name>
         <load_address>0x20008484</load_address>
         <run_address>0x20008484</run_address>
         <size>0x4</size>
         <input_file_ref idref="fl-6"/>
      </object_component>
      <object_component id="oc-ea">
         <name>.data</name>
         <load_address>0x20008488</load_address>
         <run_address>0x20008488</run_address>
         <size>0x4</size>
         <input_file_ref idref="fl-7"/>
      </object_component>
      <object_component id="oc-120">
         <name>.data</name>
         <load_address>0x2000848c</load_address>
         <run_address>0x2000848c</run_address>
         <size>0x4</size>
         <input_file_ref idref="fl-8"/>
      </object_component>
      <object_component id="oc-25c">
         <name>.data</name>
         <load_address>0x20008490</load_address>
         <run_address>0x20008490</run_address>
         <size>0x4</size>
         <input_file_ref idref="fl-9"/>
      </object_component>
      <object_component id="oc-21c">
         <name>.data:Death_Notes</name>
         <load_address>0x200083d0</load_address>
         <run_address>0x200083d0</run_address>
         <size>0x1a</size>
         <input_file_ref idref="fl-9"/>
      </object_component>
      <object_component id="oc-21f">
         <name>.data:Death_Time</name>
         <load_address>0x200083ea</load_address>
         <run_address>0x200083ea</run_address>
         <size>0x1a</size>
         <input_file_ref idref="fl-9"/>
      </object_component>
      <object_component id="oc-231">
         <name>.data:Fun_VLengths</name>
         <load_address>0x2000847c</load_address>
         <run_address>0x2000847c</run_address>
         <size>0x6</size>
         <input_file_ref idref="fl-9"/>
      </object_component>
      <object_component id="oc-222">
         <name>.data:Fun_Chorus1</name>
         <load_address>0x20008448</load_address>
         <run_address>0x20008448</run_address>
         <size>0x14</size>
         <input_file_ref idref="fl-9"/>
      </object_component>
      <object_component id="oc-228">
         <name>.data:Fun_Chorus2</name>
         <load_address>0x2000845c</load_address>
         <run_address>0x2000845c</run_address>
         <size>0x14</size>
         <input_file_ref idref="fl-9"/>
      </object_component>
      <object_component id="oc-225">
         <name>.data:Fun_CTime</name>
         <load_address>0x20008434</load_address>
         <run_address>0x20008434</run_address>
         <size>0x14</size>
         <input_file_ref idref="fl-9"/>
      </object_component>
      <object_component id="oc-22b">
         <name>.data:Fun_Verse1</name>
         <load_address>0x200083aa</load_address>
         <run_address>0x200083aa</run_address>
         <size>0x26</size>
         <input_file_ref idref="fl-9"/>
      </object_component>
      <object_component id="oc-22e">
         <name>.data:Fun_VTime1</name>
         <load_address>0x20008384</load_address>
         <run_address>0x20008384</run_address>
         <size>0x26</size>
         <input_file_ref idref="fl-9"/>
      </object_component>
      <object_component id="oc-234">
         <name>.data:Fun_Verse2</name>
         <load_address>0x20008262</load_address>
         <run_address>0x20008262</run_address>
         <size>0x2e</size>
         <input_file_ref idref="fl-9"/>
      </object_component>
      <object_component id="oc-237">
         <name>.data:Fun_VTime2</name>
         <load_address>0x20008234</load_address>
         <run_address>0x20008234</run_address>
         <size>0x2e</size>
         <input_file_ref idref="fl-9"/>
      </object_component>
      <object_component id="oc-23a">
         <name>.data:Fun_Verse3</name>
         <load_address>0x20008334</load_address>
         <run_address>0x20008334</run_address>
         <size>0x28</size>
         <input_file_ref idref="fl-9"/>
      </object_component>
      <object_component id="oc-23d">
         <name>.data:Fun_VTime3</name>
         <load_address>0x200082e4</load_address>
         <run_address>0x200082e4</run_address>
         <size>0x28</size>
         <input_file_ref idref="fl-9"/>
      </object_component>
      <object_component id="oc-240">
         <name>.data:Fun_Verse4</name>
         <load_address>0x200082ba</load_address>
         <run_address>0x200082ba</run_address>
         <size>0x2a</size>
         <input_file_ref idref="fl-9"/>
      </object_component>
      <object_component id="oc-243">
         <name>.data:Fun_VTime4</name>
         <load_address>0x20008290</load_address>
         <run_address>0x20008290</run_address>
         <size>0x2a</size>
         <input_file_ref idref="fl-9"/>
      </object_component>
      <object_component id="oc-246">
         <name>.data:Fun_Verse5</name>
         <load_address>0x2000835c</load_address>
         <run_address>0x2000835c</run_address>
         <size>0x28</size>
         <input_file_ref idref="fl-9"/>
      </object_component>
      <object_component id="oc-249">
         <name>.data:Fun_VTime5</name>
         <load_address>0x2000830c</load_address>
         <run_address>0x2000830c</run_address>
         <size>0x28</size>
         <input_file_ref idref="fl-9"/>
      </object_component>
      <object_component id="oc-24c">
         <name>.data:Fun_Verse6</name>
         <load_address>0x200081c2</load_address>
         <run_address>0x200081c2</run_address>
         <size>0x3e</size>
         <input_file_ref idref="fl-9"/>
      </object_component>
      <object_component id="oc-24f">
         <name>.data:Fun_VTime6</name>
         <load_address>0x20008184</load_address>
         <run_address>0x20008184</run_address>
         <size>0x3e</size>
         <input_file_ref idref="fl-9"/>
      </object_component>
      <object_component id="oc-259">
         <name>.data</name>
         <load_address>0x20008494</load_address>
         <run_address>0x20008494</run_address>
         <size>0x4</size>
         <input_file_ref idref="fl-b"/>
      </object_component>
      <object_component id="oc-129">
         <name>.data</name>
         <load_address>0x20008498</load_address>
         <run_address>0x20008498</run_address>
         <size>0x4</size>
         <input_file_ref idref="fl-c"/>
      </object_component>
      <object_component id="oc-ca">
         <name>.data</name>
         <load_address>0x2000841c</load_address>
         <run_address>0x2000841c</run_address>
         <size>0x18</size>
         <input_file_ref idref="fl-d"/>
      </object_component>
      <object_component id="oc-298">
         <name>.data</name>
         <load_address>0x20008404</load_address>
         <run_address>0x20008404</run_address>
         <size>0x18</size>
         <input_file_ref idref="fl-11"/>
      </object_component>
      <object_component id="oc-bd">
         <name>.data</name>
         <load_address>0x20008200</load_address>
         <run_address>0x20008200</run_address>
         <size>0x34</size>
         <input_file_ref idref="fl-15"/>
      </object_component>
      <object_component id="oc-2ad">
         <name>.data</name>
         <load_address>0x20008470</load_address>
         <run_address>0x20008470</run_address>
         <size>0xc</size>
         <input_file_ref idref="fl-16"/>
      </object_component>
      <object_component id="oc-29e">
         <name>.bss:ucHeap</name>
         <uninitialized>true</uninitialized>
         <run_address>0x20000000</run_address>
         <size>0x8000</size>
         <input_file_ref idref="fl-11"/>
      </object_component>
      <object_component id="oc-29b">
         <name>.bss:xStart</name>
         <uninitialized>true</uninitialized>
         <run_address>0x20008170</run_address>
         <size>0x8</size>
         <input_file_ref idref="fl-11"/>
      </object_component>
      <object_component id="oc-19c">
         <name>.bss:pxReadyTasksLists</name>
         <uninitialized>true</uninitialized>
         <run_address>0x20008000</run_address>
         <size>0xc8</size>
         <input_file_ref idref="fl-15"/>
      </object_component>
      <object_component id="oc-1b4">
         <name>.bss:xDelayedTaskList1</name>
         <uninitialized>true</uninitialized>
         <run_address>0x200080f0</run_address>
         <size>0x14</size>
         <input_file_ref idref="fl-15"/>
      </object_component>
      <object_component id="oc-1b7">
         <name>.bss:xDelayedTaskList2</name>
         <uninitialized>true</uninitialized>
         <run_address>0x20008104</run_address>
         <size>0x14</size>
         <input_file_ref idref="fl-15"/>
      </object_component>
      <object_component id="oc-1a2">
         <name>.bss</name>
         <uninitialized>true</uninitialized>
         <run_address>0x20008160</run_address>
         <size>0x8</size>
         <input_file_ref idref="fl-15"/>
      </object_component>
      <object_component id="oc-1ae">
         <name>.bss:xPendingReadyList</name>
         <uninitialized>true</uninitialized>
         <run_address>0x20008118</run_address>
         <size>0x14</size>
         <input_file_ref idref="fl-15"/>
      </object_component>
      <object_component id="oc-19f">
         <name>.bss:xTasksWaitingTermination</name>
         <uninitialized>true</uninitialized>
         <run_address>0x20008140</run_address>
         <size>0x14</size>
         <input_file_ref idref="fl-15"/>
      </object_component>
      <object_component id="oc-1a5">
         <name>.bss:xSuspendedTaskList</name>
         <uninitialized>true</uninitialized>
         <run_address>0x2000812c</run_address>
         <size>0x14</size>
         <input_file_ref idref="fl-15"/>
      </object_component>
      <object_component id="oc-2b3">
         <name>.bss:xActiveTimerList1</name>
         <uninitialized>true</uninitialized>
         <run_address>0x200080c8</run_address>
         <size>0x14</size>
         <input_file_ref idref="fl-16"/>
      </object_component>
      <object_component id="oc-2b6">
         <name>.bss:xActiveTimerList2</name>
         <uninitialized>true</uninitialized>
         <run_address>0x200080dc</run_address>
         <size>0x14</size>
         <input_file_ref idref="fl-16"/>
      </object_component>
      <object_component id="oc-2b0">
         <name>.bss</name>
         <uninitialized>true</uninitialized>
         <run_address>0x20008168</run_address>
         <size>0x8</size>
         <input_file_ref idref="fl-16"/>
      </object_component>
      <object_component id="oc-11d">
         <name>.common:Sem_LCD</name>
         <uninitialized>true</uninitialized>
         <run_address>0x20008180</run_address>
         <size>0x4</size>
      </object_component>
      <object_component id="oc-e4">
         <name>.common:adcReadings</name>
         <uninitialized>true</uninitialized>
         <run_address>0x20008154</run_address>
         <size>0xc</size>
      </object_component>
      <object_component id="oc-11a">
         <name>.common:Queue_Sound</name>
         <uninitialized>true</uninitialized>
         <run_address>0x2000817c</run_address>
         <size>0x4</size>
      </object_component>
      <object_component id="oc-e7">
         <name>.common:Queue_LCD_Driver</name>
         <uninitialized>true</uninitialized>
         <run_address>0x20008178</run_address>
         <size>0x4</size>
      </object_component>
      <object_component id="oc-29">
         <name>.stack</name>
         <uninitialized>true</uninitialized>
         <run_address>0x2000fe00</run_address>
         <size>0x4</size>
         <input_file_ref idref="fl-d5"/>
      </object_component>
      <object_component id="oc-3ce">
         <name>.stack</name>
         <uninitialized>true</uninitialized>
         <run_address>0x2000fe00</run_address>
         <size>0x0</size>
      </object_component>
      <object_component id="oc-20e">
         <name>.debug_info</name>
         <load_address>0x0</load_address>
         <run_address>0x0</run_address>
         <size>0xf1</size>
         <input_file_ref idref="fl-2"/>
      </object_component>
      <object_component id="oc-306">
         <name>.debug_info</name>
         <load_address>0xf1</load_address>
         <run_address>0xf1</run_address>
         <size>0xe3</size>
         <input_file_ref idref="fl-2"/>
      </object_component>
      <object_component id="oc-303">
         <name>.debug_info</name>
         <load_address>0x1d4</load_address>
         <run_address>0x1d4</run_address>
         <size>0x482</size>
         <input_file_ref idref="fl-2"/>
      </object_component>
      <object_component id="oc-309">
         <name>.debug_info</name>
         <load_address>0x656</load_address>
         <run_address>0x656</run_address>
         <size>0xe1</size>
         <input_file_ref idref="fl-2"/>
      </object_component>
      <object_component id="oc-30c">
         <name>.debug_info</name>
         <load_address>0x737</load_address>
         <run_address>0x737</run_address>
         <size>0xe1</size>
         <input_file_ref idref="fl-2"/>
      </object_component>
      <object_component id="oc-30f">
         <name>.debug_info</name>
         <load_address>0x818</load_address>
         <run_address>0x818</run_address>
         <size>0xe5</size>
         <input_file_ref idref="fl-2"/>
      </object_component>
      <object_component id="oc-312">
         <name>.debug_info</name>
         <load_address>0x8fd</load_address>
         <run_address>0x8fd</run_address>
         <size>0xe3</size>
         <input_file_ref idref="fl-2"/>
      </object_component>
      <object_component id="oc-315">
         <name>.debug_info</name>
         <load_address>0x9e0</load_address>
         <run_address>0x9e0</run_address>
         <size>0xe3</size>
         <input_file_ref idref="fl-2"/>
      </object_component>
      <object_component id="oc-318">
         <name>.debug_info</name>
         <load_address>0xac3</load_address>
         <run_address>0xac3</run_address>
         <size>0xe1</size>
         <input_file_ref idref="fl-2"/>
      </object_component>
      <object_component id="oc-31b">
         <name>.debug_info</name>
         <load_address>0xba4</load_address>
         <run_address>0xba4</run_address>
         <size>0xe5</size>
         <input_file_ref idref="fl-2"/>
      </object_component>
      <object_component id="oc-31e">
         <name>.debug_info</name>
         <load_address>0xc89</load_address>
         <run_address>0xc89</run_address>
         <size>0xe6</size>
         <input_file_ref idref="fl-2"/>
      </object_component>
      <object_component id="oc-321">
         <name>.debug_info</name>
         <load_address>0xd6f</load_address>
         <run_address>0xd6f</run_address>
         <size>0xe4</size>
         <input_file_ref idref="fl-2"/>
      </object_component>
      <object_component id="oc-ff">
         <name>.debug_info</name>
         <load_address>0xe53</load_address>
         <run_address>0xe53</run_address>
         <size>0x26b</size>
         <input_file_ref idref="fl-2"/>
      </object_component>
      <object_component id="oc-32">
         <name>.debug_info</name>
         <load_address>0x10be</load_address>
         <run_address>0x10be</run_address>
         <size>0x84</size>
         <input_file_ref idref="fl-2"/>
      </object_component>
      <object_component id="oc-1ce">
         <name>.debug_info</name>
         <load_address>0x1142</load_address>
         <run_address>0x1142</run_address>
         <size>0x2a4</size>
         <input_file_ref idref="fl-2"/>
      </object_component>
      <object_component id="oc-d9">
         <name>.debug_info</name>
         <load_address>0x13e6</load_address>
         <run_address>0x13e6</run_address>
         <size>0xbb</size>
         <input_file_ref idref="fl-2"/>
      </object_component>
      <object_component id="oc-20d">
         <name>.debug_info</name>
         <load_address>0x14a1</load_address>
         <run_address>0x14a1</run_address>
         <size>0x537</size>
         <input_file_ref idref="fl-3"/>
      </object_component>
      <object_component id="oc-116">
         <name>.debug_info</name>
         <load_address>0x19d8</load_address>
         <run_address>0x19d8</run_address>
         <size>0xc20</size>
         <input_file_ref idref="fl-3"/>
      </object_component>
      <object_component id="oc-f8">
         <name>.debug_info</name>
         <load_address>0x25f8</load_address>
         <run_address>0x25f8</run_address>
         <size>0x37e2</size>
         <input_file_ref idref="fl-3"/>
      </object_component>
      <object_component id="oc-1e1">
         <name>.debug_info</name>
         <load_address>0x5dda</load_address>
         <run_address>0x5dda</run_address>
         <size>0x1055</size>
         <input_file_ref idref="fl-3"/>
      </object_component>
      <object_component id="oc-11e">
         <name>.debug_info</name>
         <load_address>0x6e2f</load_address>
         <run_address>0x6e2f</run_address>
         <size>0x9cc</size>
         <input_file_ref idref="fl-4"/>
      </object_component>
      <object_component id="oc-a6">
         <name>.debug_info</name>
         <load_address>0x77fb</load_address>
         <run_address>0x77fb</run_address>
         <size>0x31c</size>
         <input_file_ref idref="fl-4"/>
      </object_component>
      <object_component id="oc-ee">
         <name>.debug_info</name>
         <load_address>0x7b17</load_address>
         <run_address>0x7b17</run_address>
         <size>0xb0</size>
         <input_file_ref idref="fl-4"/>
      </object_component>
      <object_component id="oc-13f">
         <name>.debug_info</name>
         <load_address>0x7bc7</load_address>
         <run_address>0x7bc7</run_address>
         <size>0x315</size>
         <input_file_ref idref="fl-4"/>
      </object_component>
      <object_component id="oc-1f0">
         <name>.debug_info</name>
         <load_address>0x7edc</load_address>
         <run_address>0x7edc</run_address>
         <size>0x48b</size>
         <input_file_ref idref="fl-4"/>
      </object_component>
      <object_component id="oc-1e6">
         <name>.debug_info</name>
         <load_address>0x8367</load_address>
         <run_address>0x8367</run_address>
         <size>0x4f</size>
         <input_file_ref idref="fl-4"/>
      </object_component>
      <object_component id="oc-206">
         <name>.debug_info</name>
         <load_address>0x83b6</load_address>
         <run_address>0x83b6</run_address>
         <size>0x2c</size>
         <input_file_ref idref="fl-4"/>
      </object_component>
      <object_component id="oc-cf">
         <name>.debug_info</name>
         <load_address>0x83e2</load_address>
         <run_address>0x83e2</run_address>
         <size>0x2c</size>
         <input_file_ref idref="fl-4"/>
      </object_component>
      <object_component id="oc-d4">
         <name>.debug_info</name>
         <load_address>0x840e</load_address>
         <run_address>0x840e</run_address>
         <size>0x53</size>
         <input_file_ref idref="fl-4"/>
      </object_component>
      <object_component id="oc-1eb">
         <name>.debug_info</name>
         <load_address>0x8461</load_address>
         <run_address>0x8461</run_address>
         <size>0xcc</size>
         <input_file_ref idref="fl-4"/>
      </object_component>
      <object_component id="oc-1c4">
         <name>.debug_info</name>
         <load_address>0x852d</load_address>
         <run_address>0x852d</run_address>
         <size>0x14c</size>
         <input_file_ref idref="fl-4"/>
      </object_component>
      <object_component id="oc-80">
         <name>.debug_info</name>
         <load_address>0x8679</load_address>
         <run_address>0x8679</run_address>
         <size>0x34d</size>
         <input_file_ref idref="fl-5"/>
      </object_component>
      <object_component id="oc-27">
         <name>.debug_info</name>
         <load_address>0x89c6</load_address>
         <run_address>0x89c6</run_address>
         <size>0xf9</size>
         <input_file_ref idref="fl-5"/>
      </object_component>
      <object_component id="oc-68">
         <name>.debug_info</name>
         <load_address>0x8abf</load_address>
         <run_address>0x8abf</run_address>
         <size>0x1c0</size>
         <input_file_ref idref="fl-5"/>
      </object_component>
      <object_component id="oc-183">
         <name>.debug_info</name>
         <load_address>0x8c7f</load_address>
         <run_address>0x8c7f</run_address>
         <size>0xf2</size>
         <input_file_ref idref="fl-6"/>
      </object_component>
      <object_component id="oc-b7">
         <name>.debug_info</name>
         <load_address>0x8d71</load_address>
         <run_address>0x8d71</run_address>
         <size>0x264</size>
         <input_file_ref idref="fl-6"/>
      </object_component>
      <object_component id="oc-e5">
         <name>.debug_info</name>
         <load_address>0x8fd5</load_address>
         <run_address>0x8fd5</run_address>
         <size>0x7ce</size>
         <input_file_ref idref="fl-7"/>
      </object_component>
      <object_component id="oc-eb">
         <name>.debug_info</name>
         <load_address>0x97a3</load_address>
         <run_address>0x97a3</run_address>
         <size>0xe8</size>
         <input_file_ref idref="fl-7"/>
      </object_component>
      <object_component id="oc-7b">
         <name>.debug_info</name>
         <load_address>0x988b</load_address>
         <run_address>0x988b</run_address>
         <size>0x59d</size>
         <input_file_ref idref="fl-7"/>
      </object_component>
      <object_component id="oc-f3">
         <name>.debug_info</name>
         <load_address>0x9e28</load_address>
         <run_address>0x9e28</run_address>
         <size>0x8b</size>
         <input_file_ref idref="fl-7"/>
      </object_component>
      <object_component id="oc-217">
         <name>.debug_info</name>
         <load_address>0x9eb3</load_address>
         <run_address>0x9eb3</run_address>
         <size>0x72b</size>
         <input_file_ref idref="fl-8"/>
      </object_component>
      <object_component id="oc-121">
         <name>.debug_info</name>
         <load_address>0xa5de</load_address>
         <run_address>0xa5de</run_address>
         <size>0xf4</size>
         <input_file_ref idref="fl-8"/>
      </object_component>
      <object_component id="oc-124">
         <name>.debug_info</name>
         <load_address>0xa6d2</load_address>
         <run_address>0xa6d2</run_address>
         <size>0x372</size>
         <input_file_ref idref="fl-8"/>
      </object_component>
      <object_component id="oc-11b">
         <name>.debug_info</name>
         <load_address>0xaa44</load_address>
         <run_address>0xaa44</run_address>
         <size>0x76c</size>
         <input_file_ref idref="fl-9"/>
      </object_component>
      <object_component id="oc-25d">
         <name>.debug_info</name>
         <load_address>0xb1b0</load_address>
         <run_address>0xb1b0</run_address>
         <size>0xe1</size>
         <input_file_ref idref="fl-9"/>
      </object_component>
      <object_component id="oc-21d">
         <name>.debug_info</name>
         <load_address>0xb291</load_address>
         <run_address>0xb291</run_address>
         <size>0xe3</size>
         <input_file_ref idref="fl-9"/>
      </object_component>
      <object_component id="oc-220">
         <name>.debug_info</name>
         <load_address>0xb374</load_address>
         <run_address>0xb374</run_address>
         <size>0xe1</size>
         <input_file_ref idref="fl-9"/>
      </object_component>
      <object_component id="oc-232">
         <name>.debug_info</name>
         <load_address>0xb455</load_address>
         <run_address>0xb455</run_address>
         <size>0xe5</size>
         <input_file_ref idref="fl-9"/>
      </object_component>
      <object_component id="oc-223">
         <name>.debug_info</name>
         <load_address>0xb53a</load_address>
         <run_address>0xb53a</run_address>
         <size>0xe3</size>
         <input_file_ref idref="fl-9"/>
      </object_component>
      <object_component id="oc-229">
         <name>.debug_info</name>
         <load_address>0xb61d</load_address>
         <run_address>0xb61d</run_address>
         <size>0xe3</size>
         <input_file_ref idref="fl-9"/>
      </object_component>
      <object_component id="oc-226">
         <name>.debug_info</name>
         <load_address>0xb700</load_address>
         <run_address>0xb700</run_address>
         <size>0xdf</size>
         <input_file_ref idref="fl-9"/>
      </object_component>
      <object_component id="oc-22c">
         <name>.debug_info</name>
         <load_address>0xb7df</load_address>
         <run_address>0xb7df</run_address>
         <size>0xe1</size>
         <input_file_ref idref="fl-9"/>
      </object_component>
      <object_component id="oc-22f">
         <name>.debug_info</name>
         <load_address>0xb8c0</load_address>
         <run_address>0xb8c0</run_address>
         <size>0xe1</size>
         <input_file_ref idref="fl-9"/>
      </object_component>
      <object_component id="oc-235">
         <name>.debug_info</name>
         <load_address>0xb9a1</load_address>
         <run_address>0xb9a1</run_address>
         <size>0xe1</size>
         <input_file_ref idref="fl-9"/>
      </object_component>
      <object_component id="oc-238">
         <name>.debug_info</name>
         <load_address>0xba82</load_address>
         <run_address>0xba82</run_address>
         <size>0xe1</size>
         <input_file_ref idref="fl-9"/>
      </object_component>
      <object_component id="oc-23b">
         <name>.debug_info</name>
         <load_address>0xbb63</load_address>
         <run_address>0xbb63</run_address>
         <size>0xe1</size>
         <input_file_ref idref="fl-9"/>
      </object_component>
      <object_component id="oc-23e">
         <name>.debug_info</name>
         <load_address>0xbc44</load_address>
         <run_address>0xbc44</run_address>
         <size>0xe1</size>
         <input_file_ref idref="fl-9"/>
      </object_component>
      <object_component id="oc-241">
         <name>.debug_info</name>
         <load_address>0xbd25</load_address>
         <run_address>0xbd25</run_address>
         <size>0xe1</size>
         <input_file_ref idref="fl-9"/>
      </object_component>
      <object_component id="oc-244">
         <name>.debug_info</name>
         <load_address>0xbe06</load_address>
         <run_address>0xbe06</run_address>
         <size>0xe1</size>
         <input_file_ref idref="fl-9"/>
      </object_component>
      <object_component id="oc-247">
         <name>.debug_info</name>
         <load_address>0xbee7</load_address>
         <run_address>0xbee7</run_address>
         <size>0xe1</size>
         <input_file_ref idref="fl-9"/>
      </object_component>
      <object_component id="oc-24a">
         <name>.debug_info</name>
         <load_address>0xbfc8</load_address>
         <run_address>0xbfc8</run_address>
         <size>0xe1</size>
         <input_file_ref idref="fl-9"/>
      </object_component>
      <object_component id="oc-24d">
         <name>.debug_info</name>
         <load_address>0xc0a9</load_address>
         <run_address>0xc0a9</run_address>
         <size>0xe1</size>
         <input_file_ref idref="fl-9"/>
      </object_component>
      <object_component id="oc-250">
         <name>.debug_info</name>
         <load_address>0xc18a</load_address>
         <run_address>0xc18a</run_address>
         <size>0xe1</size>
         <input_file_ref idref="fl-9"/>
      </object_component>
      <object_component id="oc-133">
         <name>.debug_info</name>
         <load_address>0xc26b</load_address>
         <run_address>0xc26b</run_address>
         <size>0x816</size>
         <input_file_ref idref="fl-9"/>
      </object_component>
      <object_component id="oc-2d5">
         <name>.debug_info</name>
         <load_address>0xca81</load_address>
         <run_address>0xca81</run_address>
         <size>0xc08</size>
         <input_file_ref idref="fl-a"/>
      </object_component>
      <object_component id="oc-254">
         <name>.debug_info</name>
         <load_address>0xd689</load_address>
         <run_address>0xd689</run_address>
         <size>0x375</size>
         <input_file_ref idref="fl-a"/>
      </object_component>
      <object_component id="oc-1f7">
         <name>.debug_info</name>
         <load_address>0xd9fe</load_address>
         <run_address>0xd9fe</run_address>
         <size>0x196</size>
         <input_file_ref idref="fl-a"/>
      </object_component>
      <object_component id="oc-201">
         <name>.debug_info</name>
         <load_address>0xdb94</load_address>
         <run_address>0xdb94</run_address>
         <size>0x48b</size>
         <input_file_ref idref="fl-a"/>
      </object_component>
      <object_component id="oc-1fc">
         <name>.debug_info</name>
         <load_address>0xe01f</load_address>
         <run_address>0xe01f</run_address>
         <size>0x35</size>
         <input_file_ref idref="fl-a"/>
      </object_component>
      <object_component id="oc-e8">
         <name>.debug_info</name>
         <load_address>0xe054</load_address>
         <run_address>0xe054</run_address>
         <size>0x88e</size>
         <input_file_ref idref="fl-b"/>
      </object_component>
      <object_component id="oc-25a">
         <name>.debug_info</name>
         <load_address>0xe8e2</load_address>
         <run_address>0xe8e2</run_address>
         <size>0xe9</size>
         <input_file_ref idref="fl-b"/>
      </object_component>
      <object_component id="oc-13b">
         <name>.debug_info</name>
         <load_address>0xe9cb</load_address>
         <run_address>0xe9cb</run_address>
         <size>0x254</size>
         <input_file_ref idref="fl-b"/>
      </object_component>
      <object_component id="oc-21b">
         <name>.debug_info</name>
         <load_address>0xec1f</load_address>
         <run_address>0xec1f</run_address>
         <size>0x6d7</size>
         <input_file_ref idref="fl-c"/>
      </object_component>
      <object_component id="oc-12a">
         <name>.debug_info</name>
         <load_address>0xf2f6</load_address>
         <run_address>0xf2f6</run_address>
         <size>0xfe</size>
         <input_file_ref idref="fl-c"/>
      </object_component>
      <object_component id="oc-12e">
         <name>.debug_info</name>
         <load_address>0xf3f4</load_address>
         <run_address>0xf3f4</run_address>
         <size>0x199</size>
         <input_file_ref idref="fl-c"/>
      </object_component>
      <object_component id="oc-ce">
         <name>.debug_info</name>
         <load_address>0xf58d</load_address>
         <run_address>0xf58d</run_address>
         <size>0x50f</size>
         <input_file_ref idref="fl-d"/>
      </object_component>
      <object_component id="oc-c1">
         <name>.debug_info</name>
         <load_address>0xfa9c</load_address>
         <run_address>0xfa9c</run_address>
         <size>0x15a</size>
         <input_file_ref idref="fl-d"/>
      </object_component>
      <object_component id="oc-cb">
         <name>.debug_info</name>
         <load_address>0xfbf6</load_address>
         <run_address>0xfbf6</run_address>
         <size>0x235</size>
         <input_file_ref idref="fl-d"/>
      </object_component>
      <object_component id="oc-75">
         <name>.debug_info</name>
         <load_address>0xfe2b</load_address>
         <run_address>0xfe2b</run_address>
         <size>0x9be</size>
         <input_file_ref idref="fl-d"/>
      </object_component>
      <object_component id="oc-1c9">
         <name>.debug_info</name>
         <load_address>0x107e9</load_address>
         <run_address>0x107e9</run_address>
         <size>0x48b</size>
         <input_file_ref idref="fl-d"/>
      </object_component>
      <object_component id="oc-1bf">
         <name>.debug_info</name>
         <load_address>0x10c74</load_address>
         <run_address>0x10c74</run_address>
         <size>0x53</size>
         <input_file_ref idref="fl-d"/>
      </object_component>
      <object_component id="oc-6e">
         <name>.debug_info</name>
         <load_address>0x10cc7</load_address>
         <run_address>0x10cc7</run_address>
         <size>0x247</size>
         <input_file_ref idref="fl-e"/>
      </object_component>
      <object_component id="oc-2d4">
         <name>.debug_info</name>
         <load_address>0x10f0e</load_address>
         <run_address>0x10f0e</run_address>
         <size>0x694</size>
         <input_file_ref idref="fl-10"/>
      </object_component>
      <object_component id="oc-1da">
         <name>.debug_info</name>
         <load_address>0x115a2</load_address>
         <run_address>0x115a2</run_address>
         <size>0x110</size>
         <input_file_ref idref="fl-10"/>
      </object_component>
      <object_component id="oc-293">
         <name>.debug_info</name>
         <load_address>0x116b2</load_address>
         <run_address>0x116b2</run_address>
         <size>0x48b</size>
         <input_file_ref idref="fl-10"/>
      </object_component>
      <object_component id="oc-369">
         <name>.debug_info</name>
         <load_address>0x11b3d</load_address>
         <run_address>0x11b3d</run_address>
         <size>0x76</size>
         <input_file_ref idref="fl-10"/>
      </object_component>
      <object_component id="oc-36e">
         <name>.debug_info</name>
         <load_address>0x11bb3</load_address>
         <run_address>0x11bb3</run_address>
         <size>0x39</size>
         <input_file_ref idref="fl-10"/>
      </object_component>
      <object_component id="oc-356">
         <name>.debug_info</name>
         <load_address>0x11bec</load_address>
         <run_address>0x11bec</run_address>
         <size>0x109</size>
         <input_file_ref idref="fl-10"/>
      </object_component>
      <object_component id="oc-284">
         <name>.debug_info</name>
         <load_address>0x11cf5</load_address>
         <run_address>0x11cf5</run_address>
         <size>0x4f</size>
         <input_file_ref idref="fl-10"/>
      </object_component>
      <object_component id="oc-2a2">
         <name>.debug_info</name>
         <load_address>0x11d44</load_address>
         <run_address>0x11d44</run_address>
         <size>0x4c3</size>
         <input_file_ref idref="fl-11"/>
      </object_component>
      <object_component id="oc-29f">
         <name>.debug_info</name>
         <load_address>0x12207</load_address>
         <run_address>0x12207</run_address>
         <size>0xdc</size>
         <input_file_ref idref="fl-11"/>
      </object_component>
      <object_component id="oc-29c">
         <name>.debug_info</name>
         <load_address>0x122e3</load_address>
         <run_address>0x122e3</run_address>
         <size>0xdc</size>
         <input_file_ref idref="fl-11"/>
      </object_component>
      <object_component id="oc-299">
         <name>.debug_info</name>
         <load_address>0x123bf</load_address>
         <run_address>0x123bf</run_address>
         <size>0x21c</size>
         <input_file_ref idref="fl-11"/>
      </object_component>
      <object_component id="oc-191">
         <name>.debug_info</name>
         <load_address>0x125db</load_address>
         <run_address>0x125db</run_address>
         <size>0x831</size>
         <input_file_ref idref="fl-11"/>
      </object_component>
      <object_component id="oc-34d">
         <name>.debug_info</name>
         <load_address>0x12e0c</load_address>
         <run_address>0x12e0c</run_address>
         <size>0x62</size>
         <input_file_ref idref="fl-11"/>
      </object_component>
      <object_component id="oc-2a4">
         <name>.debug_info</name>
         <load_address>0x12e6e</load_address>
         <run_address>0x12e6e</run_address>
         <size>0x392</size>
         <input_file_ref idref="fl-12"/>
      </object_component>
      <object_component id="oc-19a">
         <name>.debug_info</name>
         <load_address>0x13200</load_address>
         <run_address>0x13200</run_address>
         <size>0x4ae</size>
         <input_file_ref idref="fl-12"/>
      </object_component>
      <object_component id="oc-1d9">
         <name>.debug_info</name>
         <load_address>0x136ae</load_address>
         <run_address>0x136ae</run_address>
         <size>0x8fe</size>
         <input_file_ref idref="fl-13"/>
      </object_component>
      <object_component id="oc-e1">
         <name>.debug_info</name>
         <load_address>0x13fac</load_address>
         <run_address>0x13fac</run_address>
         <size>0x352e</size>
         <input_file_ref idref="fl-13"/>
      </object_component>
      <object_component id="oc-2cf">
         <name>.debug_info</name>
         <load_address>0x174da</load_address>
         <run_address>0x174da</run_address>
         <size>0x1ef</size>
         <input_file_ref idref="fl-13"/>
      </object_component>
      <object_component id="oc-1d4">
         <name>.debug_info</name>
         <load_address>0x176c9</load_address>
         <run_address>0x176c9</run_address>
         <size>0x46</size>
         <input_file_ref idref="fl-13"/>
      </object_component>
      <object_component id="oc-289">
         <name>.debug_info</name>
         <load_address>0x1770f</load_address>
         <run_address>0x1770f</run_address>
         <size>0x35</size>
         <input_file_ref idref="fl-13"/>
      </object_component>
      <object_component id="oc-10b">
         <name>.debug_info</name>
         <load_address>0x17744</load_address>
         <run_address>0x17744</run_address>
         <size>0x2c</size>
         <input_file_ref idref="fl-14"/>
      </object_component>
      <object_component id="oc-188">
         <name>.debug_info</name>
         <load_address>0x17770</load_address>
         <run_address>0x17770</run_address>
         <size>0x8ad</size>
         <input_file_ref idref="fl-15"/>
      </object_component>
      <object_component id="oc-be">
         <name>.debug_info</name>
         <load_address>0x1801d</load_address>
         <run_address>0x1801d</run_address>
         <size>0x349</size>
         <input_file_ref idref="fl-15"/>
      </object_component>
      <object_component id="oc-19d">
         <name>.debug_info</name>
         <load_address>0x18366</load_address>
         <run_address>0x18366</run_address>
         <size>0xf2</size>
         <input_file_ref idref="fl-15"/>
      </object_component>
      <object_component id="oc-1b5">
         <name>.debug_info</name>
         <load_address>0x18458</load_address>
         <run_address>0x18458</run_address>
         <size>0xf2</size>
         <input_file_ref idref="fl-15"/>
      </object_component>
      <object_component id="oc-1b8">
         <name>.debug_info</name>
         <load_address>0x1854a</load_address>
         <run_address>0x1854a</run_address>
         <size>0xf2</size>
         <input_file_ref idref="fl-15"/>
      </object_component>
      <object_component id="oc-1a3">
         <name>.debug_info</name>
         <load_address>0x1863c</load_address>
         <run_address>0x1863c</run_address>
         <size>0x135</size>
         <input_file_ref idref="fl-15"/>
      </object_component>
      <object_component id="oc-1af">
         <name>.debug_info</name>
         <load_address>0x18771</load_address>
         <run_address>0x18771</run_address>
         <size>0xf2</size>
         <input_file_ref idref="fl-15"/>
      </object_component>
      <object_component id="oc-1a0">
         <name>.debug_info</name>
         <load_address>0x18863</load_address>
         <run_address>0x18863</run_address>
         <size>0x100</size>
         <input_file_ref idref="fl-15"/>
      </object_component>
      <object_component id="oc-1a6">
         <name>.debug_info</name>
         <load_address>0x18963</load_address>
         <run_address>0x18963</run_address>
         <size>0xf4</size>
         <input_file_ref idref="fl-15"/>
      </object_component>
      <object_component id="oc-1b2">
         <name>.debug_info</name>
         <load_address>0x18a57</load_address>
         <run_address>0x18a57</run_address>
         <size>0xf3</size>
         <input_file_ref idref="fl-15"/>
      </object_component>
      <object_component id="oc-c6">
         <name>.debug_info</name>
         <load_address>0x18b4a</load_address>
         <run_address>0x18b4a</run_address>
         <size>0x5c49</size>
         <input_file_ref idref="fl-15"/>
      </object_component>
      <object_component id="oc-189">
         <name>.debug_info</name>
         <load_address>0x1e793</load_address>
         <run_address>0x1e793</run_address>
         <size>0x30c</size>
         <input_file_ref idref="fl-15"/>
      </object_component>
      <object_component id="oc-28e">
         <name>.debug_info</name>
         <load_address>0x1ea9f</load_address>
         <run_address>0x1ea9f</run_address>
         <size>0x16f</size>
         <input_file_ref idref="fl-15"/>
      </object_component>
      <object_component id="oc-2bf">
         <name>.debug_info</name>
         <load_address>0x1ec0e</load_address>
         <run_address>0x1ec0e</run_address>
         <size>0x833</size>
         <input_file_ref idref="fl-16"/>
      </object_component>
      <object_component id="oc-2b4">
         <name>.debug_info</name>
         <load_address>0x1f441</load_address>
         <run_address>0x1f441</run_address>
         <size>0xf2</size>
         <input_file_ref idref="fl-16"/>
      </object_component>
      <object_component id="oc-2b7">
         <name>.debug_info</name>
         <load_address>0x1f533</load_address>
         <run_address>0x1f533</run_address>
         <size>0xf2</size>
         <input_file_ref idref="fl-16"/>
      </object_component>
      <object_component id="oc-2b1">
         <name>.debug_info</name>
         <load_address>0x1f625</load_address>
         <run_address>0x1f625</run_address>
         <size>0x12a</size>
         <input_file_ref idref="fl-16"/>
      </object_component>
      <object_component id="oc-2ae">
         <name>.debug_info</name>
         <load_address>0x1f74f</load_address>
         <run_address>0x1f74f</run_address>
         <size>0x116</size>
         <input_file_ref idref="fl-16"/>
      </object_component>
      <object_component id="oc-1a9">
         <name>.debug_info</name>
         <load_address>0x1f865</load_address>
         <run_address>0x1f865</run_address>
         <size>0x1ecb</size>
         <input_file_ref idref="fl-16"/>
      </object_component>
      <object_component id="oc-2c0">
         <name>.debug_info</name>
         <load_address>0x21730</load_address>
         <run_address>0x21730</run_address>
         <size>0x1ce</size>
         <input_file_ref idref="fl-16"/>
      </object_component>
      <object_component id="oc-2ba">
         <name>.debug_info</name>
         <load_address>0x218fe</load_address>
         <run_address>0x218fe</run_address>
         <size>0x46</size>
         <input_file_ref idref="fl-16"/>
      </object_component>
      <object_component id="oc-38">
         <name>.debug_info</name>
         <load_address>0x21944</load_address>
         <run_address>0x21944</run_address>
         <size>0x119</size>
         <input_file_ref idref="fl-d0"/>
      </object_component>
      <object_component id="oc-99">
         <name>.debug_info</name>
         <load_address>0x21a5d</load_address>
         <run_address>0x21a5d</run_address>
         <size>0x147</size>
         <input_file_ref idref="fl-d1"/>
      </object_component>
      <object_component id="oc-97">
         <name>.debug_info</name>
         <load_address>0x21ba4</load_address>
         <run_address>0x21ba4</run_address>
         <size>0x2d4</size>
         <input_file_ref idref="fl-d2"/>
      </object_component>
      <object_component id="oc-4a">
         <name>.debug_info</name>
         <load_address>0x21e78</load_address>
         <run_address>0x21e78</run_address>
         <size>0x1b5</size>
         <input_file_ref idref="fl-d2"/>
      </object_component>
      <object_component id="oc-92">
         <name>.debug_info</name>
         <load_address>0x2202d</load_address>
         <run_address>0x2202d</run_address>
         <size>0x46</size>
         <input_file_ref idref="fl-d2"/>
      </object_component>
      <object_component id="oc-42">
         <name>.debug_info</name>
         <load_address>0x22073</load_address>
         <run_address>0x22073</run_address>
         <size>0x2a8</size>
         <input_file_ref idref="fl-d3"/>
      </object_component>
      <object_component id="oc-1e">
         <name>.debug_info</name>
         <load_address>0x2231b</load_address>
         <run_address>0x2231b</run_address>
         <size>0x1ea</size>
         <input_file_ref idref="fl-d3"/>
      </object_component>
      <object_component id="oc-3d">
         <name>.debug_info</name>
         <load_address>0x22505</load_address>
         <run_address>0x22505</run_address>
         <size>0x46</size>
         <input_file_ref idref="fl-d3"/>
      </object_component>
      <object_component id="oc-8a">
         <name>.debug_info</name>
         <load_address>0x2254b</load_address>
         <run_address>0x2254b</run_address>
         <size>0x2c</size>
         <input_file_ref idref="fl-d3"/>
      </object_component>
      <object_component id="oc-88">
         <name>.debug_info</name>
         <load_address>0x22577</load_address>
         <run_address>0x22577</run_address>
         <size>0x29e</size>
         <input_file_ref idref="fl-d4"/>
      </object_component>
      <object_component id="oc-19">
         <name>.debug_info</name>
         <load_address>0x22815</load_address>
         <run_address>0x22815</run_address>
         <size>0x250</size>
         <input_file_ref idref="fl-d4"/>
      </object_component>
      <object_component id="oc-2d">
         <name>.debug_info</name>
         <load_address>0x22a65</load_address>
         <run_address>0x22a65</run_address>
         <size>0x60</size>
         <input_file_ref idref="fl-d4"/>
      </object_component>
      <object_component id="oc-104">
         <name>.debug_info</name>
         <load_address>0x22ac5</load_address>
         <run_address>0x22ac5</run_address>
         <size>0x46</size>
         <input_file_ref idref="fl-d4"/>
      </object_component>
      <object_component id="oc-83">
         <name>.debug_info</name>
         <load_address>0x22b0b</load_address>
         <run_address>0x22b0b</run_address>
         <size>0x39</size>
         <input_file_ref idref="fl-d4"/>
      </object_component>
      <object_component id="oc-2a">
         <name>.debug_info</name>
         <load_address>0x22b44</load_address>
         <run_address>0x22b44</run_address>
         <size>0x10b</size>
         <input_file_ref idref="fl-d5"/>
      </object_component>
      <object_component id="oc-59">
         <name>.debug_info</name>
         <load_address>0x22c4f</load_address>
         <run_address>0x22c4f</run_address>
         <size>0x1a9</size>
         <input_file_ref idref="fl-d5"/>
      </object_component>
      <object_component id="oc-26b">
         <name>.debug_info</name>
         <load_address>0x22df8</load_address>
         <run_address>0x22df8</run_address>
         <size>0x4b3</size>
         <input_file_ref idref="fl-d6"/>
      </object_component>
      <object_component id="oc-154">
         <name>.debug_info</name>
         <load_address>0x232ab</load_address>
         <run_address>0x232ab</run_address>
         <size>0x1a6</size>
         <input_file_ref idref="fl-d6"/>
      </object_component>
      <object_component id="oc-338">
         <name>.debug_info</name>
         <load_address>0x23451</load_address>
         <run_address>0x23451</run_address>
         <size>0x39</size>
         <input_file_ref idref="fl-d6"/>
      </object_component>
      <object_component id="oc-38e">
         <name>.debug_info</name>
         <load_address>0x2348a</load_address>
         <run_address>0x2348a</run_address>
         <size>0x39</size>
         <input_file_ref idref="fl-d6"/>
      </object_component>
      <object_component id="oc-33d">
         <name>.debug_info</name>
         <load_address>0x234c3</load_address>
         <run_address>0x234c3</run_address>
         <size>0x39</size>
         <input_file_ref idref="fl-d6"/>
      </object_component>
      <object_component id="oc-342">
         <name>.debug_info</name>
         <load_address>0x234fc</load_address>
         <run_address>0x234fc</run_address>
         <size>0xcd</size>
         <input_file_ref idref="fl-d6"/>
      </object_component>
      <object_component id="oc-9f">
         <name>.debug_info</name>
         <load_address>0x235c9</load_address>
         <run_address>0x235c9</run_address>
         <size>0x153</size>
         <input_file_ref idref="fl-d7"/>
      </object_component>
      <object_component id="oc-145">
         <name>.debug_info</name>
         <load_address>0x2371c</load_address>
         <run_address>0x2371c</run_address>
         <size>0x122</size>
         <input_file_ref idref="fl-d9"/>
      </object_component>
      <object_component id="oc-3cf">
         <name>.debug_info</name>
         <load_address>0x2383e</load_address>
         <run_address>0x2383e</run_address>
         <size>0xa5</size>
      </object_component>
      <object_component id="oc-2d9">
         <name>.debug_line</name>
         <load_address>0x0</load_address>
         <run_address>0x0</run_address>
         <size>0x20</size>
         <input_file_ref idref="fl-2"/>
      </object_component>
      <object_component id="oc-378">
         <name>.debug_line</name>
         <load_address>0x20</load_address>
         <run_address>0x20</run_address>
         <size>0x36</size>
         <input_file_ref idref="fl-2"/>
      </object_component>
      <object_component id="oc-376">
         <name>.debug_line</name>
         <load_address>0x56</load_address>
         <run_address>0x56</run_address>
         <size>0x36</size>
         <input_file_ref idref="fl-2"/>
      </object_component>
      <object_component id="oc-37a">
         <name>.debug_line</name>
         <load_address>0x8c</load_address>
         <run_address>0x8c</run_address>
         <size>0x36</size>
         <input_file_ref idref="fl-2"/>
      </object_component>
      <object_component id="oc-37c">
         <name>.debug_line</name>
         <load_address>0xc2</load_address>
         <run_address>0xc2</run_address>
         <size>0x36</size>
         <input_file_ref idref="fl-2"/>
      </object_component>
      <object_component id="oc-37e">
         <name>.debug_line</name>
         <load_address>0xf8</load_address>
         <run_address>0xf8</run_address>
         <size>0x36</size>
         <input_file_ref idref="fl-2"/>
      </object_component>
      <object_component id="oc-380">
         <name>.debug_line</name>
         <load_address>0x12e</load_address>
         <run_address>0x12e</run_address>
         <size>0x36</size>
         <input_file_ref idref="fl-2"/>
      </object_component>
      <object_component id="oc-382">
         <name>.debug_line</name>
         <load_address>0x164</load_address>
         <run_address>0x164</run_address>
         <size>0x36</size>
         <input_file_ref idref="fl-2"/>
      </object_component>
      <object_component id="oc-384">
         <name>.debug_line</name>
         <load_address>0x19a</load_address>
         <run_address>0x19a</run_address>
         <size>0x36</size>
         <input_file_ref idref="fl-2"/>
      </object_component>
      <object_component id="oc-386">
         <name>.debug_line</name>
         <load_address>0x1d0</load_address>
         <run_address>0x1d0</run_address>
         <size>0x36</size>
         <input_file_ref idref="fl-2"/>
      </object_component>
      <object_component id="oc-388">
         <name>.debug_line</name>
         <load_address>0x206</load_address>
         <run_address>0x206</run_address>
         <size>0x36</size>
         <input_file_ref idref="fl-2"/>
      </object_component>
      <object_component id="oc-38a">
         <name>.debug_line</name>
         <load_address>0x23c</load_address>
         <run_address>0x23c</run_address>
         <size>0x36</size>
         <input_file_ref idref="fl-2"/>
      </object_component>
      <object_component id="oc-102">
         <name>.debug_line</name>
         <load_address>0x272</load_address>
         <run_address>0x272</run_address>
         <size>0x7d</size>
         <input_file_ref idref="fl-2"/>
      </object_component>
      <object_component id="oc-35">
         <name>.debug_line</name>
         <load_address>0x2ef</load_address>
         <run_address>0x2ef</run_address>
         <size>0x20</size>
         <input_file_ref idref="fl-2"/>
      </object_component>
      <object_component id="oc-1d1">
         <name>.debug_line</name>
         <load_address>0x30f</load_address>
         <run_address>0x30f</run_address>
         <size>0x81</size>
         <input_file_ref idref="fl-2"/>
      </object_component>
      <object_component id="oc-dc">
         <name>.debug_line</name>
         <load_address>0x390</load_address>
         <run_address>0x390</run_address>
         <size>0x7e</size>
         <input_file_ref idref="fl-2"/>
      </object_component>
      <object_component id="oc-2d7">
         <name>.debug_line</name>
         <load_address>0x40e</load_address>
         <run_address>0x40e</run_address>
         <size>0x20</size>
         <input_file_ref idref="fl-3"/>
      </object_component>
      <object_component id="oc-119">
         <name>.debug_line</name>
         <load_address>0x42e</load_address>
         <run_address>0x42e</run_address>
         <size>0x216</size>
         <input_file_ref idref="fl-3"/>
      </object_component>
      <object_component id="oc-fb">
         <name>.debug_line</name>
         <load_address>0x644</load_address>
         <run_address>0x644</run_address>
         <size>0x66</size>
         <input_file_ref idref="fl-3"/>
      </object_component>
      <object_component id="oc-1e4">
         <name>.debug_line</name>
         <load_address>0x6aa</load_address>
         <run_address>0x6aa</run_address>
         <size>0x69</size>
         <input_file_ref idref="fl-3"/>
      </object_component>
      <object_component id="oc-213">
         <name>.debug_line</name>
         <load_address>0x713</load_address>
         <run_address>0x713</run_address>
         <size>0x1c9</size>
         <input_file_ref idref="fl-4"/>
      </object_component>
      <object_component id="oc-a5">
         <name>.debug_line</name>
         <load_address>0x8dc</load_address>
         <run_address>0x8dc</run_address>
         <size>0x7f</size>
         <input_file_ref idref="fl-4"/>
      </object_component>
      <object_component id="oc-f1">
         <name>.debug_line</name>
         <load_address>0x95b</load_address>
         <run_address>0x95b</run_address>
         <size>0x2e</size>
         <input_file_ref idref="fl-4"/>
      </object_component>
      <object_component id="oc-142">
         <name>.debug_line</name>
         <load_address>0x989</load_address>
         <run_address>0x989</run_address>
         <size>0x6c</size>
         <input_file_ref idref="fl-4"/>
      </object_component>
      <object_component id="oc-1f3">
         <name>.debug_line</name>
         <load_address>0x9f5</load_address>
         <run_address>0x9f5</run_address>
         <size>0x70</size>
         <input_file_ref idref="fl-4"/>
      </object_component>
      <object_component id="oc-1e9">
         <name>.debug_line</name>
         <load_address>0xa65</load_address>
         <run_address>0xa65</run_address>
         <size>0x6d</size>
         <input_file_ref idref="fl-4"/>
      </object_component>
      <object_component id="oc-209">
         <name>.debug_line</name>
         <load_address>0xad2</load_address>
         <run_address>0xad2</run_address>
         <size>0x6e</size>
         <input_file_ref idref="fl-4"/>
      </object_component>
      <object_component id="oc-d2">
         <name>.debug_line</name>
         <load_address>0xb40</load_address>
         <run_address>0xb40</run_address>
         <size>0x70</size>
         <input_file_ref idref="fl-4"/>
      </object_component>
      <object_component id="oc-d7">
         <name>.debug_line</name>
         <load_address>0xbb0</load_address>
         <run_address>0xbb0</run_address>
         <size>0x72</size>
         <input_file_ref idref="fl-4"/>
      </object_component>
      <object_component id="oc-1ee">
         <name>.debug_line</name>
         <load_address>0xc22</load_address>
         <run_address>0xc22</run_address>
         <size>0x78</size>
         <input_file_ref idref="fl-4"/>
      </object_component>
      <object_component id="oc-1c7">
         <name>.debug_line</name>
         <load_address>0xc9a</load_address>
         <run_address>0xc9a</run_address>
         <size>0x6c</size>
         <input_file_ref idref="fl-4"/>
      </object_component>
      <object_component id="oc-fe">
         <name>.debug_line</name>
         <load_address>0xd06</load_address>
         <run_address>0xd06</run_address>
         <size>0x40</size>
         <input_file_ref idref="fl-5"/>
      </object_component>
      <object_component id="oc-7f">
         <name>.debug_line</name>
         <load_address>0xd46</load_address>
         <run_address>0xd46</run_address>
         <size>0x40</size>
         <input_file_ref idref="fl-5"/>
      </object_component>
      <object_component id="oc-6b">
         <name>.debug_line</name>
         <load_address>0xd86</load_address>
         <run_address>0xd86</run_address>
         <size>0x71</size>
         <input_file_ref idref="fl-5"/>
      </object_component>
      <object_component id="oc-281">
         <name>.debug_line</name>
         <load_address>0xdf7</load_address>
         <run_address>0xdf7</run_address>
         <size>0x3b</size>
         <input_file_ref idref="fl-6"/>
      </object_component>
      <object_component id="oc-ba">
         <name>.debug_line</name>
         <load_address>0xe32</load_address>
         <run_address>0xe32</run_address>
         <size>0x13a</size>
         <input_file_ref idref="fl-6"/>
      </object_component>
      <object_component id="oc-1e0">
         <name>.debug_line</name>
         <load_address>0xf6c</load_address>
         <run_address>0xf6c</run_address>
         <size>0xe2</size>
         <input_file_ref idref="fl-7"/>
      </object_component>
      <object_component id="oc-20c">
         <name>.debug_line</name>
         <load_address>0x104e</load_address>
         <run_address>0x104e</run_address>
         <size>0x31</size>
         <input_file_ref idref="fl-7"/>
      </object_component>
      <object_component id="oc-79">
         <name>.debug_line</name>
         <load_address>0x107f</load_address>
         <run_address>0x107f</run_address>
         <size>0x164</size>
         <input_file_ref idref="fl-7"/>
      </object_component>
      <object_component id="oc-f6">
         <name>.debug_line</name>
         <load_address>0x11e3</load_address>
         <run_address>0x11e3</run_address>
         <size>0x20</size>
         <input_file_ref idref="fl-7"/>
      </object_component>
      <object_component id="oc-2db">
         <name>.debug_line</name>
         <load_address>0x1203</load_address>
         <run_address>0x1203</run_address>
         <size>0xd1</size>
         <input_file_ref idref="fl-8"/>
      </object_component>
      <object_component id="oc-215">
         <name>.debug_line</name>
         <load_address>0x12d4</load_address>
         <run_address>0x12d4</run_address>
         <size>0x35</size>
         <input_file_ref idref="fl-8"/>
      </object_component>
      <object_component id="oc-128">
         <name>.debug_line</name>
         <load_address>0x1309</load_address>
         <run_address>0x1309</run_address>
         <size>0xba</size>
         <input_file_ref idref="fl-8"/>
      </object_component>
      <object_component id="oc-211">
         <name>.debug_line</name>
         <load_address>0x13c3</load_address>
         <run_address>0x13c3</run_address>
         <size>0xcd</size>
         <input_file_ref idref="fl-9"/>
      </object_component>
      <object_component id="oc-327">
         <name>.debug_line</name>
         <load_address>0x1490</load_address>
         <run_address>0x1490</run_address>
         <size>0x34</size>
         <input_file_ref idref="fl-9"/>
      </object_component>
      <object_component id="oc-2df">
         <name>.debug_line</name>
         <load_address>0x14c4</load_address>
         <run_address>0x14c4</run_address>
         <size>0x34</size>
[...]
      </symbol>
      <symbol id="sm-943">
         <name>xTaskCheckForTimeOut</name>
         <value>0x1719</value>
         <object_component_ref idref="oc-c3"/>
      </symbol>
      <symbol id="sm-944">
         <name>vTaskGenericNotifyGiveFromISR</name>
         <value>0x25a1</value>
         <object_component_ref idref="oc-c3"/>
      </symbol>
      <symbol id="sm-945">
         <name>vTaskRemoveFromUnorderedEventList</name>
         <value>0x1581</value>
         <object_component_ref idref="oc-c3"/>
      </symbol>
      <symbol id="sm-946">
         <name>vTaskPrioritySet</name>
         <value>0x6e9</value>
         <object_component_ref idref="oc-c3"/>
      </symbol>
      <symbol id="sm-947">
         <name>xTaskPriorityDisinherit</name>
         <value>0x1d27</value>
         <object_component_ref idref="oc-c3"/>
      </symbol>
      <symbol id="sm-948">
         <name>vTaskStartScheduler</name>
         <value>0xaa9</value>
         <object_component_ref idref="oc-c3"/>
      </symbol>
      <symbol id="sm-949">
         <name>vTaskInternalSetTimeOutState</name>
         <value>0x16f3</value>
         <object_component_ref idref="oc-c3"/>
      </symbol>
      <symbol id="sm-94a">
         <name>pvTaskIncrementMutexHeldCount</name>
         <value>0x1fa9</value>
         <object_component_ref idref="oc-c3"/>
      </symbol>
      <symbol id="sm-94b">
         <name>vTaskSetThreadLocalStoragePointer</name>
         <value>0x18bf</value>
         <object_component_ref idref="oc-c3"/>
      </symbol>
      <symbol id="sm-94c">
         <name>xTaskGenericNotifyStateClear</name>
         <value>0x2751</value>
         <object_component_ref idref="oc-c3"/>
      </symbol>
      <symbol id="sm-94d">
         <name>xTaskGenericNotify</name>
         <value>0x2161</value>
         <object_component_ref idref="oc-c3"/>
      </symbol>
      <symbol id="sm-94e">
         <name>vTaskPriorityDisinheritAfterTimeout</name>
         <value>0x1e39</value>
         <object_component_ref idref="oc-c3"/>
      </symbol>
      <symbol id="sm-94f">
         <name>xTaskCreate</name>
         <value>0xe5</value>
         <object_component_ref idref="oc-c3"/>
      </symbol>
      <symbol id="sm-950">
         <name>xTaskGetApplicationTaskTagFromISR</name>
         <value>0x1181</value>
         <object_component_ref idref="oc-c3"/>
      </symbol>
      <symbol id="sm-951">
         <name>xTaskDelayUntil</name>
         <value>0x451</value>
         <object_component_ref idref="oc-c3"/>
      </symbol>
      <symbol id="sm-952">
         <name>uxTaskGetTaskNumber</name>
         <value>0x17d1</value>
         <object_component_ref idref="oc-c3"/>
      </symbol>
      <symbol id="sm-953">
         <name>vTaskEndScheduler</name>
         <value>0xb23</value>
         <object_component_ref idref="oc-c3"/>
      </symbol>
      <symbol id="sm-954">
         <name>vTaskMissedYield</name>
         <value>0x17c5</value>
         <object_component_ref idref="oc-c3"/>
      </symbol>
      <symbol id="sm-955">
         <name>uxTaskGetNumberOfTasks</name>
         <value>0xd85</value>
         <object_component_ref idref="oc-c3"/>
      </symbol>
      <symbol id="sm-956">
         <name>xTaskCatchUpTicks</name>
         <value>0xef1</value>
         <object_component_ref idref="oc-c3"/>
      </symbol>
      <symbol id="sm-957">
         <name>xTaskGenericNotifyFromISR</name>
         <value>0x234b</value>
         <object_component_ref idref="oc-c3"/>
      </symbol>
      <symbol id="sm-958">
         <name>vTaskGetInfo</name>
         <value>0x19e1</value>
         <object_component_ref idref="oc-c3"/>
      </symbol>
      <symbol id="sm-959">
         <name>uxTaskPriorityGet</name>
         <value>0x67d</value>
         <object_component_ref idref="oc-c3"/>
      </symbol>
      <symbol id="sm-95a">
         <name>vTaskStepTick</name>
         <value>0xeb3</value>
         <object_component_ref idref="oc-c3"/>
      </symbol>
      <symbol id="sm-95b">
         <name>xTaskResumeAll</name>
         <value>0xbad</value>
         <object_component_ref idref="oc-c3"/>
      </symbol>
      <symbol id="sm-95c">
         <name>vTaskSetApplicationTaskTag</name>
         <value>0x1129</value>
         <object_component_ref idref="oc-c3"/>
      </symbol>
      <symbol id="sm-95d">
         <name>xTaskGetTickCount</name>
         <value>0xd61</value>
         <object_component_ref idref="oc-c3"/>
      </symbol>
      <symbol id="sm-95e">
         <name>ulTaskGenericNotifyTake</name>
         <value>0x1fc1</value>
         <object_component_ref idref="oc-c3"/>
      </symbol>
      <symbol id="sm-95f">
         <name>uxTaskGetSystemState</name>
         <value>0xdd9</value>
         <object_component_ref idref="oc-c3"/>
      </symbol>
      <symbol id="sm-960">
         <name>vTaskDelete</name>
         <value>0x37d</value>
         <object_component_ref idref="oc-c3"/>
      </symbol>
      <symbol id="sm-961">
         <name>xTaskGetApplicationTaskTag</name>
         <value>0x1159</value>
         <object_component_ref idref="oc-c3"/>
      </symbol>
      <symbol id="sm-962">
         <name>xTaskCallApplicationTaskHook</name>
         <value>0x11bb</value>
         <object_component_ref idref="oc-c3"/>
      </symbol>
      <symbol id="sm-963">
         <name>ulTaskGenericNotifyValueClear</name>
         <value>0x27b9</value>
         <object_component_ref idref="oc-c3"/>
      </symbol>
      <symbol id="sm-964">
         <name>xTaskGenericNotifyWait</name>
         <value>0x2079</value>
         <object_component_ref idref="oc-c3"/>
      </symbol>
      <symbol id="sm-965">
         <name>pxCurrentTCB</name>
         <value>0x20008200</value>
         <object_component_ref idref="oc-bd"/>
      </symbol>
      <symbol id="sm-966">
         <name>eTaskGetState</name>
         <value>0x5a1</value>
         <object_component_ref idref="oc-c3"/>
      </symbol>
      <symbol id="sm-967">
         <name>vTaskSuspend</name>
         <value>0x869</value>
         <object_component_ref idref="oc-c3"/>
      </symbol>
      <symbol id="sm-968">
         <name>xTaskGetTickCountFromISR</name>
         <value>0xd71</value>
         <object_component_ref idref="oc-c3"/>
      </symbol>
      <symbol id="sm-969">
         <name>vTaskResume</name>
         <value>0x9c5</value>
         <object_component_ref idref="oc-c3"/>
      </symbol>
      <symbol id="sm-96a">
         <name>uxTopUsedPriority</name>
         <value>0x66a8</value>
         <object_component_ref idref="oc-1b1"/>
      </symbol>
      <symbol id="sm-96b">
         <name>vTaskPlaceOnEventListRestricted</name>
         <value>0x139d</value>
         <object_component_ref idref="oc-c3"/>
      </symbol>
      <symbol id="sm-96c">
         <name>vTaskSetTimeOutState</name>
         <value>0x16c1</value>
         <object_component_ref idref="oc-c3"/>
      </symbol>
      <symbol id="sm-96d">
         <name>xTaskIncrementTick</name>
         <value>0xf3d</value>
         <object_component_ref idref="oc-c3"/>
      </symbol>
      <symbol id="sm-96e">
         <name>vTaskSwitchContext</name>
         <value>0x11f9</value>
         <object_component_ref idref="oc-c3"/>
      </symbol>
      <symbol id="sm-96f">
         <name>uxTaskResetEventItemValue</name>
         <value>0x1f83</value>
         <object_component_ref idref="oc-c3"/>
      </symbol>
      <symbol id="sm-970">
         <name>xTaskGetSchedulerState</name>
         <value>0x1bc9</value>
         <object_component_ref idref="oc-c3"/>
      </symbol>
      <symbol id="sm-971">
         <name>xTaskGetCurrentTaskHandle</name>
         <value>0x1bb9</value>
         <object_component_ref idref="oc-c3"/>
      </symbol>
      <symbol id="sm-972">
         <name>vTaskPlaceOnUnorderedEventList</name>
         <value>0x12fd</value>
         <object_component_ref idref="oc-c3"/>
      </symbol>
      <symbol id="sm-973">
         <name>xTaskRemoveFromEventList</name>
         <value>0x1411</value>
         <object_component_ref idref="oc-c3"/>
      </symbol>
      <symbol id="sm-974">
         <name>eTaskConfirmSleepModeStatus</name>
         <value>0x186b</value>
         <object_component_ref idref="oc-c3"/>
      </symbol>
      <symbol id="sm-975">
         <name>xTaskPriorityInherit</name>
         <value>0x1c11</value>
         <object_component_ref idref="oc-c3"/>
      </symbol>
      <symbol id="sm-a34">
         <name>vTimerSetTimerNumber</name>
         <value>0x4113</value>
         <object_component_ref idref="oc-1a8"/>
      </symbol>
      <symbol id="sm-a35">
         <name>xTimerGetTimerDaemonTaskHandle</name>
         <value>0x3b77</value>
         <object_component_ref idref="oc-1a8"/>
      </symbol>
      <symbol id="sm-a36">
         <name>pcTimerGetName</name>
         <value>0x3c6f</value>
         <object_component_ref idref="oc-1a8"/>
      </symbol>
      <symbol id="sm-a37">
         <name>xTimerCreateTimerTask</name>
         <value>0x3a19</value>
         <object_component_ref idref="oc-1a8"/>
      </symbol>
      <symbol id="sm-a38">
         <name>xTimerGetExpiryTime</name>
         <value>0x3c45</value>
         <object_component_ref idref="oc-1a8"/>
      </symbol>
      <symbol id="sm-a39">
         <name>uxTimerGetTimerNumber</name>
         <value>0x4105</value>
         <object_component_ref idref="oc-1a8"/>
      </symbol>
      <symbol id="sm-a3a">
         <name>xTimerIsTimerActive</name>
         <value>0x4069</value>
         <object_component_ref idref="oc-1a8"/>
      </symbol>
      <symbol id="sm-a3b">
         <name>xTimerGetPeriod</name>
         <value>0x3b99</value>
         <object_component_ref idref="oc-1a8"/>
      </symbol>
      <symbol id="sm-a3c">
         <name>xTimerCreate</name>
         <value>0x3a59</value>
         <object_component_ref idref="oc-1a8"/>
      </symbol>
      <symbol id="sm-a3d">
         <name>vTimerSetReloadMode</name>
         <value>0x3bbf</value>
         <object_component_ref idref="oc-1a8"/>
      </symbol>
      <symbol id="sm-a3e">
         <name>xTimerGenericCommand</name>
         <value>0x3af7</value>
         <object_component_ref idref="oc-1a8"/>
      </symbol>
      <symbol id="sm-a3f">
         <name>uxTimerGetReloadMode</name>
         <value>0x3c09</value>
         <object_component_ref idref="oc-1a8"/>
      </symbol>
      <symbol id="sm-a40">
         <name>pvTimerGetTimerID</name>
         <value>0x40a9</value>
         <object_component_ref idref="oc-1a8"/>
      </symbol>
      <symbol id="sm-a41">
         <name>vTimerSetTimerID</name>
         <value>0x40d7</value>
         <object_component_ref idref="oc-1a8"/>
      </symbol>
      <symbol id="sm-a5c">
         <name>memcpy</name>
         <value>0x62ed</value>
         <object_component_ref idref="oc-37"/>
      </symbol>
      <symbol id="sm-a5d">
         <name>__aeabi_memcpy</name>
         <value>0x62ed</value>
         <object_component_ref idref="oc-37"/>
      </symbol>
      <symbol id="sm-a5e">
         <name>__aeabi_memcpy8</name>
         <value>0x62ed</value>
         <object_component_ref idref="oc-37"/>
      </symbol>
      <symbol id="sm-a5f">
         <name>__aeabi_memcpy4</name>
         <value>0x62ed</value>
         <object_component_ref idref="oc-37"/>
      </symbol>
      <symbol id="sm-a6e">
         <name>__aeabi_memset</name>
         <value>0x638b</value>
         <object_component_ref idref="oc-98"/>
      </symbol>
      <symbol id="sm-a6f">
         <name>memset</name>
         <value>0x6391</value>
         <object_component_ref idref="oc-98"/>
      </symbol>
      <symbol id="sm-a70">
         <name>__aeabi_memset8</name>
         <value>0x638b</value>
         <object_component_ref idref="oc-98"/>
      </symbol>
      <symbol id="sm-a71">
         <name>__aeabi_memset4</name>
         <value>0x638b</value>
         <object_component_ref idref="oc-98"/>
      </symbol>
      <symbol id="sm-a72">
         <name>__aeabi_memclr8</name>
         <value>0x6389</value>
         <object_component_ref idref="oc-98"/>
      </symbol>
      <symbol id="sm-a73">
         <name>__aeabi_memclr4</name>
         <value>0x6389</value>
         <object_component_ref idref="oc-98"/>
      </symbol>
      <symbol id="sm-a74">
         <name>__aeabi_memclr</name>
         <value>0x6389</value>
         <object_component_ref idref="oc-98"/>
      </symbol>
      <symbol id="sm-a86">
         <name>__TI_zero_init</name>
         <value>0x6521</value>
         <object_component_ref idref="oc-49"/>
      </symbol>
      <symbol id="sm-a9d">
         <name>__TI_decompress_none</name>
         <value>0x6505</value>
         <object_component_ref idref="oc-1d"/>
      </symbol>
      <symbol id="sm-ac0">
         <name>__TI_decompress_lzss</name>
         <value>0x6403</value>
         <object_component_ref idref="oc-17"/>
      </symbol>
      <symbol id="sm-ad3">
         <name>__stack</name>
         <value>0x2000fe00</value>
         <object_component_ref idref="oc-29"/>
      </symbol>
      <symbol id="sm-ad4">
         <name>_c_int00_noargs</name>
         <value>0x64b1</value>
         <object_component_ref idref="oc-55"/>
      </symbol>
      <symbol id="sm-afc">
         <name>__TI_auto_init_nobinit_nopinit</name>
         <value>0x646d</value>
         <object_component_ref idref="oc-150"/>
      </symbol>
      <symbol id="sm-b06">
         <name>_system_pre_init</name>
         <value>0x652d</value>
         <object_component_ref idref="oc-9e"/>
      </symbol>
      <symbol id="sm-b12">
         <name>C$$EXIT</name>
         <value>0x6531</value>
         <object_component_ref idref="oc-144"/>
      </symbol>
      <symbol id="sm-b13">
         <name>abort</name>
         <value>0x6531</value>
         <object_component_ref idref="oc-144"/>
      </symbol>
      <symbol id="sm-b16">
         <name>__TI_static_base__</name>
         <value>0x0</value>
      </symbol>
      <symbol id="sm-b19">
         <name>__mpu_init</name>
         <value>0x0</value>
      </symbol>
      <symbol id="sm-b1a">
         <name>_system_post_cinit</name>
         <value>0x0</value>
      </symbol>
      <symbol id="sm-b1b">
         <name>NMI_Handler</name>
         <value>0x651f</value>
      </symbol>
      <symbol id="sm-b1c">
         <name>HardFault_Handler</name>
         <value>0x651f</value>
      </symbol>
      <symbol id="sm-b1d">
         <name>MemManage_Handler</name>
         <value>0x651f</value>
      </symbol>
      <symbol id="sm-b1e">
         <name>BusFault_Handler</name>
         <value>0x651f</value>
      </symbol>
      <symbol id="sm-b1f">
         <name>UsageFault_Handler</name>
         <value>0x651f</value>
      </symbol>
      <symbol id="sm-b20">
         <name>SVC_Handler</name>
         <value>0x651f</value>
      </symbol>
      <symbol id="sm-b21">
         <name>DebugMon_Handler</name>
         <value>0x651f</value>
      </symbol>
      <symbol id="sm-b22">
         <name>PendSV_Handler</name>
         <value>0x651f</value>
      </symbol>
      <symbol id="sm-b23">
         <name>SysTick_Handler</name>
         <value>0x651f</value>
      </symbol>
      <symbol id="sm-b24">
         <name>PSS_IRQHandler</name>
         <value>0x651f</value>
      </symbol>
      <symbol id="sm-b25">
         <name>CS_IRQHandler</name>
         <value>0x651f</value>
      </symbol>
      <symbol id="sm-b26">
         <name>PCM_IRQHandler</name>
         <value>0x651f</value>
      </symbol>
      <symbol id="sm-b27">
         <name>WDT_A_IRQHandler</name>
         <value>0x651f</value>
      </symbol>
      <symbol id="sm-b28">
         <name>FPU_IRQHandler</name>
         <value>0x651f</value>
      </symbol>
      <symbol id="sm-b29">
         <name>FLCTL_IRQHandler</name>
         <value>0x651f</value>
      </symbol>
      <symbol id="sm-b2a">
         <name>COMP_E0_IRQHandler</name>
         <value>0x651f</value>
      </symbol>
      <symbol id="sm-b2b">
         <name>COMP_E1_IRQHandler</name>
         <value>0x651f</value>
      </symbol>
      <symbol id="sm-b2c">
         <name>TA0_0_IRQHandler</name>
         <value>0x651f</value>
      </symbol>
      <symbol id="sm-b2d">
         <name>TA0_N_IRQHandler</name>
         <value>0x651f</value>
      </symbol>
      <symbol id="sm-b2e">
         <name>TA1_0_IRQHandler</name>
         <value>0x651f</value>
      </symbol>
      <symbol id="sm-b2f">
         <name>TA1_N_IRQHandler</name>
         <value>0x651f</value>
      </symbol>
      <symbol id="sm-b30">
         <name>TA2_0_IRQHandler</name>
         <value>0x651f</value>
      </symbol>
      <symbol id="sm-b31">
         <name>TA2_N_IRQHandler</name>
         <value>0x651f</value>
      </symbol>
      <symbol id="sm-b32">
         <name>TA3_0_IRQHandler</name>
         <value>0x651f</value>
      </symbol>
      <symbol id="sm-b33">
         <name>TA3_N_IRQHandler</name>
         <value>0x651f</value>
      </symbol>
      <symbol id="sm-b34">
         <name>EUSCIA0_IRQHandler</name>
         <value>0x651f</value>
      </symbol>
      <symbol id="sm-b35">
         <name>EUSCIA1_IRQHandler</name>
         <value>0x651f</value>
      </symbol>
      <symbol id="sm-b36">
         <name>EUSCIA2_IRQHandler</name>
         <value>0x651f</value>
      </symbol>
      <symbol id="sm-b37">
         <name>EUSCIA3_IRQHandler</name>
         <value>0x651f</value>
      </symbol>
      <symbol id="sm-b38">
         <name>EUSCIB0_IRQHandler</name>
         <value>0x651f</value>
      </symbol>
      <symbol id="sm-b39">
         <name>EUSCIB1_IRQHandler</name>
         <value>0x651f</value>
      </symbol>
      <symbol id="sm-b3a">
         <name>EUSCIB2_IRQHandler</name>
         <value>0x651f</value>
      </symbol>
      <symbol id="sm-b3b">
         <name>EUSCIB3_IRQHandler</name>
         <value>0x651f</value>
      </symbol>
      <symbol id="sm-b3c">
         <name>ADC14_IRQHandler</name>
         <value>0x5d83</value>
      </symbol>
      <symbol id="sm-b3d">
         <name>T32_INT1_IRQHandler</name>
         <value>0x651f</value>
      </symbol>
      <symbol id="sm-b3e">
         <name>T32_INT2_IRQHandler</name>
         <value>0x651f</value>
      </symbol>
      <symbol id="sm-b3f">
         <name>T32_INTC_IRQHandler</name>
         <value>0x651f</value>
      </symbol>
      <symbol id="sm-b40">
         <name>AES256_IRQHandler</name>
         <value>0x651f</value>
      </symbol>
      <symbol id="sm-b41">
         <name>RTC_C_IRQHandler</name>
         <value>0x651f</value>
      </symbol>
      <symbol id="sm-b42">
         <name>DMA_ERR_IRQHandler</name>
         <value>0x651f</value>
      </symbol>
      <symbol id="sm-b43">
         <name>DMA_INT3_IRQHandler</name>
         <value>0x651f</value>
      </symbol>
      <symbol id="sm-b44">
         <name>DMA_INT2_IRQHandler</name>
         <value>0x651f</value>
      </symbol>
      <symbol id="sm-b45">
         <name>DMA_INT1_IRQHandler</name>
         <value>0x651f</value>
      </symbol>
      <symbol id="sm-b46">
         <name>DMA_INT0_IRQHandler</name>
         <value>0x651f</value>
      </symbol>
      <symbol id="sm-b47">
         <name>PORT1_IRQHandler</name>
         <value>0x651f</value>
      </symbol>
      <symbol id="sm-b48">
         <name>PORT2_IRQHandler</name>
         <value>0x651f</value>
      </symbol>
      <symbol id="sm-b49">
         <name>PORT3_IRQHandler</name>
         <value>0x651f</value>
      </symbol>
      <symbol id="sm-b4a">
         <name>PORT4_IRQHandler</name>
         <value>0x651f</value>
      </symbol>
      <symbol id="sm-b4b">
         <name>PORT5_IRQHandler</name>
         <value>0x651f</value>
      </symbol>
      <symbol id="sm-b4c">
         <name>PORT6_IRQHandler</name>
         <value>0x651f</value>
      </symbol>
   </symbol_table>
   <title>Link successful</title>
</link_info>
