******************************************************************************
                  TI ARM Linker PC v20.2.5                     
******************************************************************************
>> Linked Mon Oct 24 20:36:50 2022

OUTPUT FILE NAME:   <MusicBox.out>
ENTRY POINT SYMBOL: "_c_int00_noargs"  address: 0000614d


MEMORY CONFIGURATION

         name            origin    length      used     unused   attr    fill
----------------------  --------  ---------  --------  --------  ----  --------
  MAIN                  00000000   00040000  00006544  00039abc  R  X
  INFO                  00200000   00004000  00000000  00004000  R  X
  SRAM_CODE             01000000   00010000  00008759  000078a7  RW X
  SRAM_DATA             20000000   00010000  00008759  000078a7  RW  


SEGMENT ALLOCATION MAP

run origin  load origin   length   init length attrs members
----------  ----------- ---------- ----------- ----- -------
00000000    00000000    00006548   00006548    r-x
  00000000    00000000    000000e4   000000e4    r-- .intvecs
  000000e4    000000e4    000060ec   000060ec    r-x .text
  000061d0    000061d0    0000017c   0000017c    r-- .const
  00006350    00006350    000001f8   000001f8    r-- .cinit
20000000    20000000    0000855c   00000000    rw-
  20000000    20000000    00008185   00000000    rw- .bss
  20008188    20008188    000003d4   00000000    rw- .data
2000fe00    2000fe00    00000200   00000000    rw-
  2000fe00    2000fe00    00000200   00000000    rw- .stack


SECTION ALLOCATION MAP

 output                                  attributes/
section   page    origin      length       input sections
--------  ----  ----------  ----------   ----------------
.intvecs   0    00000000    000000e4     
                  00000000    000000e4     startup_msp432p401r_ccs.obj (.intvecs:retain)

.text      0    000000e4    000060ec     
                  000000e4    00002810     tasks.obj (.text)
                  000028f4    00001124     queue.obj (.text)
                  00003a18    00000720     timers.obj (.text)
                  00004138    00000508     lcd.obj (.text)
                  00004640    00000454     heap_4.obj (.text)
                  00004a94    00000438     port.obj (.text)
                  00004ecc    000003a8     task_lcd_draw.obj (.text)
                  00005274    00000354     system_msp432p401r.obj (.text)
                  000055c8    00000248     task_adc.obj (.text)
                  00005810    00000180     task_buzzer.obj (.text)
                  00005990    00000174     main.obj (.text)
                  00005b04    0000012a     list.obj (.text)
                  00005c2e    00000002     --HOLE-- [fill = 0]
                  00005c30    000000e4     task_lcd_driver.obj (.text)
                  00005d14    000000da     portasm.obj (.text)
                  00005dee    00000002     --HOLE-- [fill = 0]
                  00005df0    000000cc     task_buttons.obj (.text)
                  00005ebc    000000cc     task_duet.obj (.text)
                  00005f88    0000009c     rtsv7M4_T_le_v4SPD16_eabi.lib : memcpy_t2.asm.obj (.text)
                  00006024    0000007a                                   : memset_t2.asm.obj (.text)
                  0000609e    00000068                                   : copy_decompress_lzss.c.obj (.text:decompress:lzss:__TI_decompress_lzss)
                  00006106    00000002     --HOLE-- [fill = 0]
                  00006108    00000044                                   : autoinit.c.obj (.text:__TI_auto_init_nobinit_nopinit:__TI_auto_init_nobinit_nopinit)
                  0000614c    00000034                                   : boot_cortex_m.c.obj (.text:_c_int00_noargs:_c_int00_noargs)
                  00006180    00000020     task_timer_polling.obj (.text)
                  000061a0    0000000e     rtsv7M4_T_le_v4SPD16_eabi.lib : copy_decompress_none.c.obj (.text:decompress:none:__TI_decompress_none)
                  000061ae    0000000e     startup_msp432p401r_ccs.obj (.text)
                  000061bc    0000000c     rtsv7M4_T_le_v4SPD16_eabi.lib : copy_zero_init.c.obj (.text:decompress:ZI:__TI_zero_init)
                  000061c8    00000004                                   : pre_init.c.obj (.text:_system_pre_init)
                  000061cc    00000004                                   : exit.c.obj (.text:abort:abort)

.const     0    000061d0    0000017c     
                  000061d0    00000024     bop_it_images.obj (.const:.string:eightBitmap)
                  000061f4    00000024     bop_it_images.obj (.const:.string:fiveBitmap)
                  00006218    00000024     bop_it_images.obj (.const:.string:fourBitmap)
                  0000623c    00000024     bop_it_images.obj (.const:.string:nineBitmap)
                  00006260    00000024     bop_it_images.obj (.const:.string:sevenBitmap)
                  00006284    00000024     bop_it_images.obj (.const:.string:sixBitmap)
                  000062a8    00000024     bop_it_images.obj (.const:.string:threeBitmap)
                  000062cc    00000024     bop_it_images.obj (.const:.string:twoBitmap)
                  000062f0    00000024     bop_it_images.obj (.const:.string:zeroBitmap)
                  00006314    00000014     bop_it_images.obj (.const)
                  00006328    00000012     bop_it_images.obj (.const:.string:oneBitmap)
                  0000633a    00000002     --HOLE-- [fill = 0]
                  0000633c    00000008     port.obj (.const)
                  00006344    00000004     task_buzzer.obj (.const)
                  00006348    00000004     tasks.obj (.const)

.cinit     0    00006350    000001f8     
                  00006350    000001d4     (.cinit..data.load) [load image, compression = lzss]
                  00006524    0000000c     (__TI_handler_table)
                  00006530    00000008     (.cinit..bss.load) [load image, compression = zero_init]
                  00006538    00000010     (__TI_cinit_table)

.init_array 
*          0    00000000    00000000     UNINITIALIZED

.binit     0    00000000    00000000     

.bss       0    20000000    00008185     UNINITIALIZED
                  20000000    00008000     heap_4.obj (.bss:ucHeap)
                  20008000    000000c8     tasks.obj (.bss:pxReadyTasksLists)
                  200080c8    00000014     timers.obj (.bss:xActiveTimerList1)
                  200080dc    00000014     timers.obj (.bss:xActiveTimerList2)
                  200080f0    00000014     tasks.obj (.bss:xDelayedTaskList1)
                  20008104    00000014     tasks.obj (.bss:xDelayedTaskList2)
                  20008118    00000014     tasks.obj (.bss:xPendingReadyList)
                  2000812c    00000014     tasks.obj (.bss:xSuspendedTaskList)
                  20008140    00000014     tasks.obj (.bss:xTasksWaitingTermination)
                  20008154    0000000c     (.common:adcReadings)
                  20008160    00000008     tasks.obj (.bss)
                  20008168    00000008     timers.obj (.bss)
                  20008170    00000008     heap_4.obj (.bss:xStart)
                  20008178    00000004     (.common:Queue_LCD_Driver)
                  2000817c    00000004     (.common:Queue_Sound)
                  20008180    00000004     (.common:Sem_LCD)
                  20008184    00000001     (.common:playing)

.data      0    20008188    000003d4     UNINITIALIZED
                  20008188    00000156     task_buzzer.obj (.data:BQ_Notes)
                  200082de    000000ab     task_buzzer.obj (.data:BQ_Times)
                  20008389    00000001     --HOLE--
                  2000838a    00000066     task_buzzer.obj (.data:FGM_Notes)
                  200083f0    00000042     task_buzzer.obj (.data:HCTS_Notes)
                  20008432    00000002     --HOLE--
                  20008434    00000034     tasks.obj (.data)
                  20008468    00000033     task_buzzer.obj (.data:FGM_Times)
                  2000849b    00000021     task_buzzer.obj (.data:HCTS_Times)
                  200084bc    0000001a     task_buzzer.obj (.data:Death_Notes)
                  200084d6    00000002     --HOLE--
                  200084d8    00000018     heap_4.obj (.data)
                  200084f0    00000018     port.obj (.data)
                  20008508    00000010     task_buzzer.obj (.data:songNotes)
                  20008518    00000010     task_buzzer.obj (.data:songTimes)
                  20008528    0000000d     task_buzzer.obj (.data:Death_Times)
                  20008535    00000003     --HOLE--
                  20008538    0000000c     timers.obj (.data)
                  20008544    00000004     system_msp432p401r.obj (.data)
                  20008548    00000004     task_adc.obj (.data)
                  2000854c    00000004     task_buttons.obj (.data)
                  20008550    00000004     task_duet.obj (.data)
                  20008554    00000004     task_lcd_driver.obj (.data)
                  20008558    00000004     task_timer_polling.obj (.data)

.stack     0    2000fe00    00000200     UNINITIALIZED
                  2000fe00    00000004     rtsv7M4_T_le_v4SPD16_eabi.lib : boot_cortex_m.c.obj (.stack)
                  2000fe04    000001fc     --HOLE--

__llvm_prf_cnts 
*          0    20000000    00000000     UNINITIALIZED

MODULE SUMMARY

       Module                        code    ro data   rw data
       ------                        ----    -------   -------
    .\
       task_buzzer.obj               384     4         1682   
       lcd.obj                       1288    0         0      
       task_lcd_draw.obj             936     0         0      
       system_msp432p401r.obj        852     0         8      
       task_adc.obj                  584     0         32     
       main.obj                      372     0         8      
       bop_it_images.obj             0       362       0      
       task_lcd_driver.obj           228     0         16     
       startup_msp432p401r_ccs.obj   14      228       0      
       task_buttons.obj              204     0         8      
       task_duet.obj                 204     0         8      
       task_timer_polling.obj        32      0         8      
    +--+-----------------------------+-------+---------+---------+
       Total:                        5098    594       1770   
                                                              
    .\FreeRTOS\
       heap_4.obj                    1108    0         65600  
       tasks.obj                     10256   4         720    
       queue.obj                     4388    0         0      
       timers.obj                    1824    0         120    
       list.obj                      298     0         0      
    +--+-----------------------------+-------+---------+---------+
       Total:                        17874   4         66440  
                                                              
    .\FreeRTOS\Portable\
       port.obj                      1080    8         48     
       portasm.obj                   218     0         0      
    +--+-----------------------------+-------+---------+---------+
       Total:                        1298    8         48     
                                                              
    D:\Program Files\ti\ccs1110\ccs\tools\compiler\ti-cgt-arm_20.2.5.LTS\lib\rtsv7M4_T_le_v4SPD16_eabi.lib
       memcpy_t2.asm.obj             156     0         0      
       memset_t2.asm.obj             122     0         0      
       copy_decompress_lzss.c.obj    104     0         0      
       autoinit.c.obj                68      0         0      
       boot_cortex_m.c.obj           52      0         0      
       copy_decompress_none.c.obj    14      0         0      
       copy_zero_init.c.obj          12      0         0      
       exit.c.obj                    4       0         0      
       pre_init.c.obj                4       0         0      
    +--+-----------------------------+-------+---------+---------+
       Total:                        536     0         0      
                                                              
       Stack:                        0       0         1024   
       Linker Generated:             0       504       0      
    +--+-----------------------------+-------+---------+---------+
       Grand Total:                  24806   1110      69282  


LINKER GENERATED COPY TABLES

__TI_cinit_table @ 00006538 records: 2, size/record: 8, table size: 16
	.data: load addr=00006350, load size=000001d4 bytes, run addr=20008188, run size=000003d4 bytes, compression=lzss
	.bss: load addr=00006530, load size=00000008 bytes, run addr=20000000, run size=00008185 bytes, compression=zero_init


LINKER GENERATED HANDLER TABLE

__TI_handler_table @ 00006524 records: 3, size/record: 4, table size: 12
	index: 0, handler: __TI_decompress_lzss
	index: 1, handler: __TI_decompress_none
	index: 2, handler: __TI_zero_init


GLOBAL SYMBOLS: SORTED ALPHABETICALLY BY Name 

address   name                               
-------   ----                               
0000578b  ADC14_IRQHandler                   
0000578b  ADC14_IRQHandler                   
000061bb  AES256_IRQHandler                  
20008188  BQ_Notes                           
200082de  BQ_Times                           
000061bb  BusFault_Handler                   
000061cd  C$$EXIT                            
000061bb  COMP_E0_IRQHandler                 
000061bb  COMP_E1_IRQHandler                 
000061bb  CS_IRQHandler                      
00004281  Crystalfontz128x128_Init           
00004241  Crystalfontz128x128_SetDrawFrame   
000061bb  DMA_ERR_IRQHandler                 
000061bb  DMA_INT0_IRQHandler                
000061bb  DMA_INT1_IRQHandler                
000061bb  DMA_INT2_IRQHandler                
000061bb  DMA_INT3_IRQHandler                
200084bc  Death_Notes                        
20008528  Death_Times                        
000061bb  DebugMon_Handler                   
000061bb  Default_Handler                    
000061bb  EUSCIA0_IRQHandler                 
000061bb  EUSCIA1_IRQHandler                 
000061bb  EUSCIA2_IRQHandler                 
000061bb  EUSCIA3_IRQHandler                 
000061bb  EUSCIB0_IRQHandler                 
000061bb  EUSCIB1_IRQHandler                 
000061bb  EUSCIB2_IRQHandler                 
000061bb  EUSCIB3_IRQHandler                 
2000838a  FGM_Notes                          
20008468  FGM_Times                          
000061bb  FLCTL_IRQHandler                   
000061bb  FPU_IRQHandler                     
00004139  HAL_LCD_PortInit                   
00004181  HAL_LCD_SpiInit                    
000041b5  HAL_LCD_writeCommand               
000041f5  HAL_LCD_writeData                  
00004221  HAL_LCD_writeData_16               
200083f0  HCTS_Notes                         
2000849b  HCTS_Times                         
000061bb  HardFault_Handler                  
000061bb  MemManage_Handler                  
000061bb  NMI_Handler                        
000061bb  PCM_IRQHandler                     
000061bb  PORT1_IRQHandler                   
000061bb  PORT2_IRQHandler                   
000061bb  PORT3_IRQHandler                   
000061bb  PORT4_IRQHandler                   
000061bb  PORT5_IRQHandler                   
000061bb  PORT6_IRQHandler                   
000061bb  PSS_IRQHandler                     
000061bb  PendSV_Handler                     
20008178  Queue_LCD_Driver                   
2000817c  Queue_Sound                        
000061bb  RTC_C_IRQHandler                   
000061af  Reset_Handler                      
000061bb  SVC_Handler                        
20008180  Sem_LCD                            
000061bb  SysTick_Handler                    
20008544  SystemCoreClock                    
00005275  SystemCoreClockUpdate              
000054ed  SystemInit                         
000061bb  T32_INT1_IRQHandler                
000061bb  T32_INT2_IRQHandler                
000061bb  T32_INTC_IRQHandler                
000061bb  TA0_0_IRQHandler                   
000061bb  TA0_N_IRQHandler                   
000061bb  TA1_0_IRQHandler                   
000061bb  TA1_N_IRQHandler                   
000061bb  TA2_0_IRQHandler                   
000061bb  TA2_N_IRQHandler                   
000061bb  TA3_0_IRQHandler                   
000061bb  TA3_N_IRQHandler                   
20008548  Task_ADC_Handle                    
000056af  Task_ADC_Logic                     
2000854c  Task_Buttons_Handle                
20008550  Task_Duet_Handle                   
00005c31  Task_LCD_Driver                    
20008558  Task_TimerPoll_Handle              
00005e2f  Task_buttons                       
00005f31  Task_duet                          
00005935  Task_playSound                     
00006181  Task_pollTimer                     
000061bb  UsageFault_Handler                 
4000480c  WDTCTL_SYM                         
000061bb  WDT_A_IRQHandler                   
20010000  __STACK_END                        
00000200  __STACK_SIZE                       
00006538  __TI_CINIT_Base                    
00006548  __TI_CINIT_Limit                   
00006524  __TI_Handler_Table_Base            
00006530  __TI_Handler_Table_Limit           
00006109  __TI_auto_init_nobinit_nopinit     
0000609f  __TI_decompress_lzss               
000061a1  __TI_decompress_none               
ffffffff  __TI_pprof_out_hndl                
ffffffff  __TI_prof_data_size                
ffffffff  __TI_prof_data_start               
00000000  __TI_static_base__                 
000061bd  __TI_zero_init                     
00006025  __aeabi_memclr                     
00006025  __aeabi_memclr4                    
00006025  __aeabi_memclr8                    
00005f89  __aeabi_memcpy                     
00005f89  __aeabi_memcpy4                    
00005f89  __aeabi_memcpy8                    
00006027  __aeabi_memset                     
00006027  __aeabi_memset4                    
00006027  __aeabi_memset8                    
ffffffff  __binit__                          
ffffffff  __c_args__                         
UNDEFED   __mpu_init                         
2000fe00  __stack                            
20000000  __start___llvm_prf_cnts            
20000000  __stop___llvm_prf_cnts             
0000614d  _c_int00_noargs                    
UNDEFED   _system_post_cinit                 
000061c9  _system_pre_init                   
000061cd  abort                              
20008154  adcReadings                        
ffffffff  binit                              
00005e07  detect_button1                     
00005e1b  detect_button2                     
00005efb  detect_pin                         
00004ef1  draw_score                         
0000186b  eTaskConfirmSleepModeStatus        
000005a1  eTaskGetState                      
000061d0  eightBitmap                        
00006325  eightHeightPixels                  
00006324  eightWidthPixels                   
000061f4  fiveBitmap                         
0000631f  fiveHeightPixels                   
0000631e  fiveWidthPixels                    
00006218  fourBitmap                         
0000631d  fourHeightPixels                   
0000631c  fourWidthPixels                    
0000565d  initialize_ADC                     
00005df1  initialize_buttons                 
00005811  initialize_buzzer                  
00005633  initialize_joystick                
00005ebd  initialize_pins                    
00000000  interruptVectors                   
000044c1  lcd_draw_image                     
000043a3  lcd_draw_rectangle                 
00005991  main                               
00005f89  memcpy                             
0000602d  memset                             
0000623c  nineBitmap                         
00006327  nineHeightPixels                   
00006326  nineWidthPixels                    
00006328  oneBitmap                          
00006317  oneHeightPixels                    
00006316  oneWidthPixels                     
00000d95  pcTaskGetName                      
00003c6f  pcTimerGetName                     
0000587f  playSong                           
00005831  play_note                          
20008554  player_score                       
20008184  playing                            
00004641  pvPortMalloc                       
00001907  pvTaskGetThreadLocalStoragePointer 
00001fa9  pvTaskIncrementMutexHeldCount      
000040a9  pvTimerGetTimerID                  
20008434  pxCurrentTCB                       
00004a95  pxPortInitialiseStack              
00004ecd  refresh_screen                     
00005f09  set_pin                            
00006260  sevenBitmap                        
00006323  sevenHeightPixels                  
00006322  sevenWidthPixels                   
00006284  sixBitmap                          
00006321  sixHeightPixels                    
00006320  sixWidthPixels                     
20008508  songNotes                          
20008518  songTimes                          
000062a8  threeBitmap                        
0000631b  threeHeightPixels                  
0000631a  threeWidthPixels                   
00006344  totalSongs                         
00005871  turn_off                           
000062cc  twoBitmap                          
00006319  twoHeightPixels                    
00006318  twoWidthPixels                     
0000372f  ucQueueGetQueueType                
0000633c  ulMaxSyscallInterruptPriority      
00005d25  ulPortGetIPSR                      
00001fc1  ulTaskGenericNotifyTake            
000027b9  ulTaskGenericNotifyValueClear      
00005be7  uxListRemove                       
0000370f  uxQueueGetQueueNumber              
0000365d  uxQueueMessagesWaiting             
000036c1  uxQueueMessagesWaitingFromISR      
0000368d  uxQueueSpacesAvailable             
00000d85  uxTaskGetNumberOfTasks             
00000dd9  uxTaskGetSystemState               
000017d1  uxTaskGetTaskNumber                
0000067d  uxTaskPriorityGet                  
000006a5  uxTaskPriorityGetFromISR           
00001f83  uxTaskResetEventItemValue          
00003c09  uxTimerGetReloadMode               
00004105  uxTimerGetTimerNumber              
00006348  uxTopUsedPriority                  
00005a63  vApplicationMallocFailedHook       
00005a65  vApplicationStackOverflowHook      
00005b05  vListInitialise                    
00005b35  vListInitialiseItem                
00005b81  vListInsert                        
00005b45  vListInsertEnd                     
00005de1  vPortEnableVFP                     
00004bd9  vPortEndScheduler                  
00004bfd  vPortEnterCritical                 
00004c3f  vPortExitCritical                  
000047d3  vPortFree                          
000049d5  vPortGetHeapStats                  
00004879  vPortInitialiseBlocks              
00005d9d  vPortSVCHandler                    
00004df1  vPortSetupTimerInterrupt           
00005dbd  vPortStartFirstTask                
00004c99  vPortSuppressTicksAndSleep         
00004e39  vPortValidateInterruptPriority     
000036eb  vQueueDelete                       
0000371d  vQueueSetQueueNumber               
000039bd  vQueueWaitForMessageRestricted     
00000541  vTaskDelay                         
0000037d  vTaskDelete                        
00000b23  vTaskEndScheduler                  
000025a1  vTaskGenericNotifyGiveFromISR      
000019e1  vTaskGetInfo                       
000016f3  vTaskInternalSetTimeOutState       
000017c5  vTaskMissedYield                   
000012bf  vTaskPlaceOnEventList              
0000139d  vTaskPlaceOnEventListRestricted    
000012fd  vTaskPlaceOnUnorderedEventList     
00001e39  vTaskPriorityDisinheritAfterTimeout
000006e9  vTaskPrioritySet                   
00001581  vTaskRemoveFromUnorderedEventList  
000009c5  vTaskResume                        
00001129  vTaskSetApplicationTaskTag         
000017f5  vTaskSetTaskNumber                 
000018bf  vTaskSetThreadLocalStoragePointer  
000016c1  vTaskSetTimeOutState               
00000aa9  vTaskStartScheduler                
00000eb3  vTaskStepTick                      
00000869  vTaskSuspend                       
00000b3f  vTaskSuspendAll                    
000011f9  vTaskSwitchContext                 
00003bbf  vTimerSetReloadMode                
000040d7  vTimerSetTimerID                   
00004113  vTimerSetTimerNumber               
0000486d  xPortGetFreeHeapSize               
00004873  xPortGetMinimumEverFreeHeapSize    
00005d3d  xPortPendSVHandler                 
00004b21  xPortStartScheduler                
00004c6b  xPortSysTickHandler                
00002bb9  xQueueCreateCountingSemaphore      
00002ae5  xQueueCreateMutex                  
000029f5  xQueueGenericCreate                
000028f5  xQueueGenericReset                 
00002c05  xQueueGenericSend                  
00002db9  xQueueGenericSendFromISR           
00002ee5  xQueueGiveFromISR                  
00002b11  xQueueGiveMutexRecursive           
00003929  xQueueIsQueueEmptyFromISR          
00003983  xQueueIsQueueFullFromISR           
0000333d  xQueuePeek                         
000035b1  xQueuePeekFromISR                  
00002ff3  xQueueReceive                      
000034bb  xQueueReceiveFromISR               
0000316b  xQueueSemaphoreTake                
00002b61  xQueueTakeMutexRecursive           
000011bb  xTaskCallApplicationTaskHook       
00000ef1  xTaskCatchUpTicks                  
00001719  xTaskCheckForTimeOut               
000000e5  xTaskCreate                        
00000451  xTaskDelayUntil                    
00002161  xTaskGenericNotify                 
0000234b  xTaskGenericNotifyFromISR          
00002751  xTaskGenericNotifyStateClear       
00002079  xTaskGenericNotifyWait             
00001159  xTaskGetApplicationTaskTag         
00001181  xTaskGetApplicationTaskTagFromISR  
00001bb9  xTaskGetCurrentTaskHandle          
00001bc9  xTaskGetSchedulerState             
00000d61  xTaskGetTickCount                  
00000d71  xTaskGetTickCountFromISR           
00000f3d  xTaskIncrementTick                 
00001d27  xTaskPriorityDisinherit            
00001c11  xTaskPriorityInherit               
00001411  xTaskRemoveFromEventList           
00000bad  xTaskResumeAll                     
00003a59  xTimerCreate                       
00003a19  xTimerCreateTimerTask              
00003af7  xTimerGenericCommand               
00003c45  xTimerGetExpiryTime                
00003b99  xTimerGetPeriod                    
00003b77  xTimerGetTimerDaemonTaskHandle     
00004069  xTimerIsTimerActive                
000062f0  zeroBitmap                         
00006315  zeroHeightPixels                   
00006314  zeroWidthPixels                    


GLOBAL SYMBOLS: SORTED BY Symbol Address 

address   name                               
-------   ----                               
00000000  __TI_static_base__                 
00000000  interruptVectors                   
000000e5  xTaskCreate                        
00000200  __STACK_SIZE                       
0000037d  vTaskDelete                        
00000451  xTaskDelayUntil                    
00000541  vTaskDelay                         
000005a1  eTaskGetState                      
0000067d  uxTaskPriorityGet                  
000006a5  uxTaskPriorityGetFromISR           
000006e9  vTaskPrioritySet                   
00000869  vTaskSuspend                       
000009c5  vTaskResume                        
00000aa9  vTaskStartScheduler                
00000b23  vTaskEndScheduler                  
00000b3f  vTaskSuspendAll                    
00000bad  xTaskResumeAll                     
00000d61  xTaskGetTickCount                  
00000d71  xTaskGetTickCountFromISR           
00000d85  uxTaskGetNumberOfTasks             
00000d95  pcTaskGetName                      
00000dd9  uxTaskGetSystemState               
00000eb3  vTaskStepTick                      
00000ef1  xTaskCatchUpTicks                  
00000f3d  xTaskIncrementTick                 
00001129  vTaskSetApplicationTaskTag         
00001159  xTaskGetApplicationTaskTag         
00001181  xTaskGetApplicationTaskTagFromISR  
000011bb  xTaskCallApplicationTaskHook       
000011f9  vTaskSwitchContext                 
000012bf  vTaskPlaceOnEventList              
000012fd  vTaskPlaceOnUnorderedEventList     
0000139d  vTaskPlaceOnEventListRestricted    
00001411  xTaskRemoveFromEventList           
00001581  vTaskRemoveFromUnorderedEventList  
000016c1  vTaskSetTimeOutState               
000016f3  vTaskInternalSetTimeOutState       
00001719  xTaskCheckForTimeOut               
000017c5  vTaskMissedYield                   
000017d1  uxTaskGetTaskNumber                
000017f5  vTaskSetTaskNumber                 
0000186b  eTaskConfirmSleepModeStatus        
000018bf  vTaskSetThreadLocalStoragePointer  
00001907  pvTaskGetThreadLocalStoragePointer 
000019e1  vTaskGetInfo                       
00001bb9  xTaskGetCurrentTaskHandle          
00001bc9  xTaskGetSchedulerState             
00001c11  xTaskPriorityInherit               
00001d27  xTaskPriorityDisinherit            
00001e39  vTaskPriorityDisinheritAfterTimeout
00001f83  uxTaskResetEventItemValue          
00001fa9  pvTaskIncrementMutexHeldCount      
00001fc1  ulTaskGenericNotifyTake            
00002079  xTaskGenericNotifyWait             
00002161  xTaskGenericNotify                 
0000234b  xTaskGenericNotifyFromISR          
000025a1  vTaskGenericNotifyGiveFromISR      
00002751  xTaskGenericNotifyStateClear       
000027b9  ulTaskGenericNotifyValueClear      
000028f5  xQueueGenericReset                 
000029f5  xQueueGenericCreate                
00002ae5  xQueueCreateMutex                  
00002b11  xQueueGiveMutexRecursive           
00002b61  xQueueTakeMutexRecursive           
00002bb9  xQueueCreateCountingSemaphore      
00002c05  xQueueGenericSend                  
00002db9  xQueueGenericSendFromISR           
00002ee5  xQueueGiveFromISR                  
00002ff3  xQueueReceive                      
0000316b  xQueueSemaphoreTake                
0000333d  xQueuePeek                         
000034bb  xQueueReceiveFromISR               
000035b1  xQueuePeekFromISR                  
0000365d  uxQueueMessagesWaiting             
0000368d  uxQueueSpacesAvailable             
000036c1  uxQueueMessagesWaitingFromISR      
000036eb  vQueueDelete                       
0000370f  uxQueueGetQueueNumber              
0000371d  vQueueSetQueueNumber               
0000372f  ucQueueGetQueueType                
00003929  xQueueIsQueueEmptyFromISR          
00003983  xQueueIsQueueFullFromISR           
000039bd  vQueueWaitForMessageRestricted     
00003a19  xTimerCreateTimerTask              
00003a59  xTimerCreate                       
00003af7  xTimerGenericCommand               
00003b77  xTimerGetTimerDaemonTaskHandle     
00003b99  xTimerGetPeriod                    
00003bbf  vTimerSetReloadMode                
00003c09  uxTimerGetReloadMode               
00003c45  xTimerGetExpiryTime                
00003c6f  pcTimerGetName                     
00004069  xTimerIsTimerActive                
000040a9  pvTimerGetTimerID                  
000040d7  vTimerSetTimerID                   
00004105  uxTimerGetTimerNumber              
00004113  vTimerSetTimerNumber               
00004139  HAL_LCD_PortInit                   
00004181  HAL_LCD_SpiInit                    
000041b5  HAL_LCD_writeCommand               
000041f5  HAL_LCD_writeData                  
00004221  HAL_LCD_writeData_16               
00004241  Crystalfontz128x128_SetDrawFrame   
00004281  Crystalfontz128x128_Init           
000043a3  lcd_draw_rectangle                 
000044c1  lcd_draw_image                     
00004641  pvPortMalloc                       
000047d3  vPortFree                          
0000486d  xPortGetFreeHeapSize               
00004873  xPortGetMinimumEverFreeHeapSize    
00004879  vPortInitialiseBlocks              
000049d5  vPortGetHeapStats                  
00004a95  pxPortInitialiseStack              
00004b21  xPortStartScheduler                
00004bd9  vPortEndScheduler                  
00004bfd  vPortEnterCritical                 
00004c3f  vPortExitCritical                  
00004c6b  xPortSysTickHandler                
00004c99  vPortSuppressTicksAndSleep         
00004df1  vPortSetupTimerInterrupt           
00004e39  vPortValidateInterruptPriority     
00004ecd  refresh_screen                     
00004ef1  draw_score                         
00005275  SystemCoreClockUpdate              
000054ed  SystemInit                         
00005633  initialize_joystick                
0000565d  initialize_ADC                     
000056af  Task_ADC_Logic                     
0000578b  ADC14_IRQHandler                   
0000578b  ADC14_IRQHandler                   
00005811  initialize_buzzer                  
00005831  play_note                          
00005871  turn_off                           
0000587f  playSong                           
00005935  Task_playSound                     
00005991  main                               
00005a63  vApplicationMallocFailedHook       
00005a65  vApplicationStackOverflowHook      
00005b05  vListInitialise                    
00005b35  vListInitialiseItem                
00005b45  vListInsertEnd                     
00005b81  vListInsert                        
00005be7  uxListRemove                       
00005c31  Task_LCD_Driver                    
00005d25  ulPortGetIPSR                      
00005d3d  xPortPendSVHandler                 
00005d9d  vPortSVCHandler                    
00005dbd  vPortStartFirstTask                
00005de1  vPortEnableVFP                     
00005df1  initialize_buttons                 
00005e07  detect_button1                     
00005e1b  detect_button2                     
00005e2f  Task_buttons                       
00005ebd  initialize_pins                    
00005efb  detect_pin                         
00005f09  set_pin                            
00005f31  Task_duet                          
00005f89  __aeabi_memcpy                     
00005f89  __aeabi_memcpy4                    
00005f89  __aeabi_memcpy8                    
00005f89  memcpy                             
00006025  __aeabi_memclr                     
00006025  __aeabi_memclr4                    
00006025  __aeabi_memclr8                    
00006027  __aeabi_memset                     
00006027  __aeabi_memset4                    
00006027  __aeabi_memset8                    
0000602d  memset                             
0000609f  __TI_decompress_lzss               
00006109  __TI_auto_init_nobinit_nopinit     
0000614d  _c_int00_noargs                    
00006181  Task_pollTimer                     
000061a1  __TI_decompress_none               
000061af  Reset_Handler                      
000061bb  AES256_IRQHandler                  
000061bb  BusFault_Handler                   
000061bb  COMP_E0_IRQHandler                 
000061bb  COMP_E1_IRQHandler                 
000061bb  CS_IRQHandler                      
000061bb  DMA_ERR_IRQHandler                 
000061bb  DMA_INT0_IRQHandler                
000061bb  DMA_INT1_IRQHandler                
000061bb  DMA_INT2_IRQHandler                
000061bb  DMA_INT3_IRQHandler                
000061bb  DebugMon_Handler                   
000061bb  Default_Handler                    
000061bb  EUSCIA0_IRQHandler                 
000061bb  EUSCIA1_IRQHandler                 
000061bb  EUSCIA2_IRQHandler                 
000061bb  EUSCIA3_IRQHandler                 
000061bb  EUSCIB0_IRQHandler                 
000061bb  EUSCIB1_IRQHandler                 
000061bb  EUSCIB2_IRQHandler                 
000061bb  EUSCIB3_IRQHandler                 
000061bb  FLCTL_IRQHandler                   
000061bb  FPU_IRQHandler                     
000061bb  HardFault_Handler                  
000061bb  MemManage_Handler                  
000061bb  NMI_Handler                        
000061bb  PCM_IRQHandler                     
000061bb  PORT1_IRQHandler                   
000061bb  PORT2_IRQHandler                   
000061bb  PORT3_IRQHandler                   
000061bb  PORT4_IRQHandler                   
000061bb  PORT5_IRQHandler                   
000061bb  PORT6_IRQHandler                   
000061bb  PSS_IRQHandler                     
000061bb  PendSV_Handler                     
000061bb  RTC_C_IRQHandler                   
000061bb  SVC_Handler                        
000061bb  SysTick_Handler                    
000061bb  T32_INT1_IRQHandler                
000061bb  T32_INT2_IRQHandler                
000061bb  T32_INTC_IRQHandler                
000061bb  TA0_0_IRQHandler                   
000061bb  TA0_N_IRQHandler                   
000061bb  TA1_0_IRQHandler                   
000061bb  TA1_N_IRQHandler                   
000061bb  TA2_0_IRQHandler                   
000061bb  TA2_N_IRQHandler                   
000061bb  TA3_0_IRQHandler                   
000061bb  TA3_N_IRQHandler                   
000061bb  UsageFault_Handler                 
000061bb  WDT_A_IRQHandler                   
000061bd  __TI_zero_init                     
000061c9  _system_pre_init                   
000061cd  C$$EXIT                            
000061cd  abort                              
000061d0  eightBitmap                        
000061f4  fiveBitmap                         
00006218  fourBitmap                         
0000623c  nineBitmap                         
00006260  sevenBitmap                        
00006284  sixBitmap                          
000062a8  threeBitmap                        
000062cc  twoBitmap                          
000062f0  zeroBitmap                         
00006314  zeroWidthPixels                    
00006315  zeroHeightPixels                   
00006316  oneWidthPixels                     
00006317  oneHeightPixels                    
00006318  twoWidthPixels                     
00006319  twoHeightPixels                    
0000631a  threeWidthPixels                   
0000631b  threeHeightPixels                  
0000631c  fourWidthPixels                    
0000631d  fourHeightPixels                   
0000631e  fiveWidthPixels                    
0000631f  fiveHeightPixels                   
00006320  sixWidthPixels                     
00006321  sixHeightPixels                    
00006322  sevenWidthPixels                   
00006323  sevenHeightPixels                  
00006324  eightWidthPixels                   
00006325  eightHeightPixels                  
00006326  nineWidthPixels                    
00006327  nineHeightPixels                   
00006328  oneBitmap                          
0000633c  ulMaxSyscallInterruptPriority      
00006344  totalSongs                         
00006348  uxTopUsedPriority                  
00006524  __TI_Handler_Table_Base            
00006530  __TI_Handler_Table_Limit           
00006538  __TI_CINIT_Base                    
00006548  __TI_CINIT_Limit                   
20000000  __start___llvm_prf_cnts            
20000000  __stop___llvm_prf_cnts             
20008154  adcReadings                        
20008178  Queue_LCD_Driver                   
2000817c  Queue_Sound                        
20008180  Sem_LCD                            
20008184  playing                            
20008188  BQ_Notes                           
200082de  BQ_Times                           
2000838a  FGM_Notes                          
200083f0  HCTS_Notes                         
20008434  pxCurrentTCB                       
20008468  FGM_Times                          
2000849b  HCTS_Times                         
200084bc  Death_Notes                        
20008508  songNotes                          
20008518  songTimes                          
20008528  Death_Times                        
20008544  SystemCoreClock                    
20008548  Task_ADC_Handle                    
2000854c  Task_Buttons_Handle                
20008550  Task_Duet_Handle                   
20008554  player_score                       
20008558  Task_TimerPoll_Handle              
2000fe00  __stack                            
20010000  __STACK_END                        
4000480c  WDTCTL_SYM                         
ffffffff  __TI_pprof_out_hndl                
ffffffff  __TI_prof_data_size                
ffffffff  __TI_prof_data_start               
ffffffff  __binit__                          
ffffffff  __c_args__                         
ffffffff  binit                              
UNDEFED   __mpu_init                         
UNDEFED   _system_post_cinit                 

[300 symbols]
