******************************************************************************
                  TI ARM Linker PC v20.2.5                     
******************************************************************************
>> Linked Fri Oct 21 15:19:03 2022

OUTPUT FILE NAME:   <MusicBox.out>
ENTRY POINT SYMBOL: "_c_int00_noargs"  address: 0000600d


MEMORY CONFIGURATION

         name            origin    length      used     unused   attr    fill
----------------------  --------  ---------  --------  --------  ----  --------
  MAIN                  00000000   00040000  00006350  00039cb0  R  X
  INFO                  00200000   00004000  00000000  00004000  R  X
  SRAM_CODE             01000000   00010000  00008640  000079c0  RW X
  SRAM_DATA             20000000   00010000  00008640  000079c0  RW  


SEGMENT ALLOCATION MAP

run origin  load origin   length   init length attrs members
----------  ----------- ---------- ----------- ----- -------
00000000    00000000    00006350   00006350    r-x
  00000000    00000000    000000e4   000000e4    r-- .intvecs
  000000e4    000000e4    00005fac   00005fac    r-x .text
  00006090    00006090    00000178   00000178    r-- .const
  00006208    00006208    00000148   00000148    r-- .cinit
20000000    20000000    00008440   00000000    rw-
  20000000    20000000    00008184   00000000    rw- .bss
  20008184    20008184    000002bc   00000000    rw- .data
2000fe00    2000fe00    00000200   00000000    rw-
  2000fe00    2000fe00    00000200   00000000    rw- .stack


SECTION ALLOCATION MAP

 output                                  attributes/
section   page    origin      length       input sections
--------  ----  ----------  ----------   ----------------
.intvecs   0    00000000    000000e4     
                  00000000    000000e4     startup_msp432p401r_ccs.obj (.intvecs:retain)

.text      0    000000e4    00005fac     
                  000000e4    00002810     tasks.obj (.text)
                  000028f4    00001124     queue.obj (.text)
                  00003a18    00000720     timers.obj (.text)
                  00004138    00000508     lcd.obj (.text)
                  00004640    00000454     heap_4.obj (.text)
                  00004a94    00000438     port.obj (.text)
                  00004ecc    000003a8     task_lcd_draw.obj (.text)
                  00005274    00000354     system_msp432p401r.obj (.text)
                  000055c8    00000248     task_adc.obj (.text)
                  00005810    00000160     task_buzzer.obj (.text)
                  00005970    00000144     main.obj (.text)
                  00005ab4    0000012a     list.obj (.text)
                  00005bde    00000002     --HOLE-- [fill = 0]
                  00005be0    000000da     portasm.obj (.text)
                  00005cba    00000002     --HOLE-- [fill = 0]
                  00005cbc    000000cc     task_buttons.obj (.text)
                  00005d88    000000c0     task_lcd_driver.obj (.text)
                  00005e48    0000009c     rtsv7M4_T_le_v4SPD16_eabi.lib : memcpy_t2.asm.obj (.text)
                  00005ee4    0000007a                                   : memset_t2.asm.obj (.text)
                  00005f5e    00000068                                   : copy_decompress_lzss.c.obj (.text:decompress:lzss:__TI_decompress_lzss)
                  00005fc6    00000002     --HOLE-- [fill = 0]
                  00005fc8    00000044                                   : autoinit.c.obj (.text:__TI_auto_init_nobinit_nopinit:__TI_auto_init_nobinit_nopinit)
                  0000600c    00000034                                   : boot_cortex_m.c.obj (.text:_c_int00_noargs:_c_int00_noargs)
                  00006040    00000020     task_timer_polling.obj (.text)
                  00006060    0000000e     rtsv7M4_T_le_v4SPD16_eabi.lib : copy_decompress_none.c.obj (.text:decompress:none:__TI_decompress_none)
                  0000606e    0000000e     startup_msp432p401r_ccs.obj (.text)
                  0000607c    0000000c     rtsv7M4_T_le_v4SPD16_eabi.lib : copy_zero_init.c.obj (.text:decompress:ZI:__TI_zero_init)
                  00006088    00000004                                   : pre_init.c.obj (.text:_system_pre_init)
                  0000608c    00000004                                   : exit.c.obj (.text:abort:abort)

.const     0    00006090    00000178     
                  00006090    00000024     bop_it_images.obj (.const:.string:eightBitmap)
                  000060b4    00000024     bop_it_images.obj (.const:.string:fiveBitmap)
                  000060d8    00000024     bop_it_images.obj (.const:.string:fourBitmap)
                  000060fc    00000024     bop_it_images.obj (.const:.string:nineBitmap)
                  00006120    00000024     bop_it_images.obj (.const:.string:sevenBitmap)
                  00006144    00000024     bop_it_images.obj (.const:.string:sixBitmap)
                  00006168    00000024     bop_it_images.obj (.const:.string:threeBitmap)
                  0000618c    00000024     bop_it_images.obj (.const:.string:twoBitmap)
                  000061b0    00000024     bop_it_images.obj (.const:.string:zeroBitmap)
                  000061d4    00000014     bop_it_images.obj (.const)
                  000061e8    00000012     bop_it_images.obj (.const:.string:oneBitmap)
                  000061fa    00000002     --HOLE-- [fill = 0]
                  000061fc    00000008     port.obj (.const)
                  00006204    00000004     tasks.obj (.const)

.cinit     0    00006208    00000148     
                  00006208    0000011f     (.cinit..data.load) [load image, compression = lzss]
                  00006327    00000001     --HOLE-- [fill = 0]
                  00006328    0000000c     (__TI_handler_table)
                  00006334    00000004     --HOLE-- [fill = 0]
                  00006338    00000008     (.cinit..bss.load) [load image, compression = zero_init]
                  00006340    00000010     (__TI_cinit_table)

.init_array 
*          0    00000000    00000000     UNINITIALIZED

.binit     0    00000000    00000000     

.bss       0    20000000    00008184     UNINITIALIZED
                  20000000    00008000     heap_4.obj (.bss:ucHeap)
                  20008000    000000c8     tasks.obj (.bss:pxReadyTasksLists)
                  200080c8    00000014     timers.obj (.bss:xActiveTimerList1)
                  200080dc    00000014     timers.obj (.bss:xActiveTimerList2)
                  200080f0    00000014     tasks.obj (.bss:xDelayedTaskList1)
                  20008104    00000014     tasks.obj (.bss:xDelayedTaskList2)
                  20008118    00000014     tasks.obj (.bss:xPendingReadyList)
                  2000812c    00000014     tasks.obj (.bss:xSuspendedTaskList)
                  20008140    00000014     tasks.obj (.bss:xTasksWaitingTermination)
                  20008154    0000000c     (.common:adcReadings)
                  20008160    00000008     tasks.obj (.bss)
                  20008168    00000008     timers.obj (.bss)
                  20008170    00000008     heap_4.obj (.bss:xStart)
                  20008178    00000004     (.common:Queue_LCD_Driver)
                  2000817c    00000004     (.common:Queue_Sound)
                  20008180    00000004     (.common:Sem_LCD)

.data      0    20008184    000002bc     UNINITIALIZED
                  20008184    00000066     task_buzzer.obj (.data:FGM_Notes)
                  200081ea    00000066     task_buzzer.obj (.data:FGM_Times)
                  20008250    00000048     task_buzzer.obj (.data:BQ_Notes)
                  20008298    00000048     task_buzzer.obj (.data:BQ_Times)
                  200082e0    00000042     task_buzzer.obj (.data:HCTS_Notes)
                  20008322    00000042     task_buzzer.obj (.data:HCTS_Times)
                  20008364    00000034     tasks.obj (.data)
                  20008398    0000001a     task_buzzer.obj (.data:Death_Notes)
                  200083b2    0000001a     task_buzzer.obj (.data:Death_Times)
                  200083cc    00000018     heap_4.obj (.data)
                  200083e4    00000018     port.obj (.data)
                  200083fc    00000010     task_buzzer.obj (.data:songNotes)
                  2000840c    00000010     task_buzzer.obj (.data:songTimes)
                  2000841c    0000000c     timers.obj (.data)
                  20008428    00000004     system_msp432p401r.obj (.data)
                  2000842c    00000004     task_adc.obj (.data)
                  20008430    00000004     task_buttons.obj (.data)
                  20008434    00000004     task_buzzer.obj (.data)
                  20008438    00000004     task_lcd_driver.obj (.data)
                  2000843c    00000004     task_timer_polling.obj (.data)

.stack     0    2000fe00    00000200     UNINITIALIZED
                  2000fe00    00000004     rtsv7M4_T_le_v4SPD16_eabi.lib : boot_cortex_m.c.obj (.stack)
                  2000fe04    000001fc     --HOLE--

__llvm_prf_cnts 
*          0    20000000    00000000     UNINITIALIZED

MODULE SUMMARY

       Module                        code    ro data   rw data
       ------                        ----    -------   -------
    .\
       task_buzzer.obj               352     0         1144   
       lcd.obj                       1288    0         0      
       task_lcd_draw.obj             936     0         0      
       system_msp432p401r.obj        852     0         8      
       task_adc.obj                  584     0         32     
       bop_it_images.obj             0       362       0      
       main.obj                      324     0         8      
       startup_msp432p401r_ccs.obj   14      228       0      
       task_buttons.obj              204     0         8      
       task_lcd_driver.obj           192     0         16     
       task_timer_polling.obj        32      0         8      
    +--+-----------------------------+-------+---------+---------+
       Total:                        4778    590       1224   
                                                              
    .\FreeRTOS\
       heap_4.obj                    1108    0         65600  
       tasks.obj                     10256   4         720    
       queue.obj                     4388    0         0      
       timers.obj                    1824    0         120    
       list.obj                      298     0         0      
    +--+-----------------------------+-------+---------+---------+
       Total:                        17874   4         66440  
                                                              
    .\FreeRTOS\Portable\
       port.obj                      1080    8         48     
       portasm.obj                   218     0         0      
    +--+-----------------------------+-------+---------+---------+
       Total:                        1298    8         48     
                                                              
    D:\Program Files\ti\ccs1110\ccs\tools\compiler\ti-cgt-arm_20.2.5.LTS\lib\rtsv7M4_T_le_v4SPD16_eabi.lib
       memcpy_t2.asm.obj             156     0         0      
       memset_t2.asm.obj             122     0         0      
       copy_decompress_lzss.c.obj    104     0         0      
       autoinit.c.obj                68      0         0      
       boot_cortex_m.c.obj           52      0         0      
       copy_decompress_none.c.obj    14      0         0      
       copy_zero_init.c.obj          12      0         0      
       exit.c.obj                    4       0         0      
       pre_init.c.obj                4       0         0      
    +--+-----------------------------+-------+---------+---------+
       Total:                        536     0         0      
                                                              
       Stack:                        0       0         1024   
       Linker Generated:             0       323       0      
    +--+-----------------------------+-------+---------+---------+
       Grand Total:                  24486   925       68736  


LINKER GENERATED COPY TABLES

__TI_cinit_table @ 00006340 records: 2, size/record: 8, table size: 16
	.data: load addr=00006208, load size=0000011f bytes, run addr=20008184, run size=000002bc bytes, compression=lzss
	.bss: load addr=00006338, load size=00000008 bytes, run addr=20000000, run size=00008184 bytes, compression=zero_init


LINKER GENERATED HANDLER TABLE

__TI_handler_table @ 00006328 records: 3, size/record: 4, table size: 12
	index: 0, handler: __TI_decompress_lzss
	index: 1, handler: __TI_decompress_none
	index: 2, handler: __TI_zero_init


GLOBAL SYMBOLS: SORTED ALPHABETICALLY BY Name 

address   name                               
-------   ----                               
0000578b  ADC14_IRQHandler                   
0000578b  ADC14_IRQHandler                   
0000607b  AES256_IRQHandler                  
20008250  BQ_Notes                           
20008298  BQ_Times                           
0000607b  BusFault_Handler                   
0000608d  C$$EXIT                            
0000607b  COMP_E0_IRQHandler                 
0000607b  COMP_E1_IRQHandler                 
0000607b  CS_IRQHandler                      
00004281  Crystalfontz128x128_Init           
00004241  Crystalfontz128x128_SetDrawFrame   
0000607b  DMA_ERR_IRQHandler                 
0000607b  DMA_INT0_IRQHandler                
0000607b  DMA_INT1_IRQHandler                
0000607b  DMA_INT2_IRQHandler                
0000607b  DMA_INT3_IRQHandler                
20008398  Death_Notes                        
200083b2  Death_Times                        
0000607b  DebugMon_Handler                   
0000607b  Default_Handler                    
0000607b  EUSCIA0_IRQHandler                 
0000607b  EUSCIA1_IRQHandler                 
0000607b  EUSCIA2_IRQHandler                 
0000607b  EUSCIA3_IRQHandler                 
0000607b  EUSCIB0_IRQHandler                 
0000607b  EUSCIB1_IRQHandler                 
0000607b  EUSCIB2_IRQHandler                 
0000607b  EUSCIB3_IRQHandler                 
20008184  FGM_Notes                          
200081ea  FGM_Times                          
0000607b  FLCTL_IRQHandler                   
0000607b  FPU_IRQHandler                     
00004139  HAL_LCD_PortInit                   
00004181  HAL_LCD_SpiInit                    
000041b5  HAL_LCD_writeCommand               
000041f5  HAL_LCD_writeData                  
00004221  HAL_LCD_writeData_16               
200082e0  HCTS_Notes                         
20008322  HCTS_Times                         
0000607b  HardFault_Handler                  
0000607b  MemManage_Handler                  
0000607b  NMI_Handler                        
0000607b  PCM_IRQHandler                     
0000607b  PORT1_IRQHandler                   
0000607b  PORT2_IRQHandler                   
0000607b  PORT3_IRQHandler                   
0000607b  PORT4_IRQHandler                   
0000607b  PORT5_IRQHandler                   
0000607b  PORT6_IRQHandler                   
0000607b  PSS_IRQHandler                     
0000607b  PendSV_Handler                     
20008178  Queue_LCD_Driver                   
2000817c  Queue_Sound                        
0000607b  RTC_C_IRQHandler                   
0000606f  Reset_Handler                      
0000607b  SVC_Handler                        
20008180  Sem_LCD                            
0000607b  SysTick_Handler                    
20008428  SystemCoreClock                    
00005275  SystemCoreClockUpdate              
000054ed  SystemInit                         
0000607b  T32_INT1_IRQHandler                
0000607b  T32_INT2_IRQHandler                
0000607b  T32_INTC_IRQHandler                
0000607b  TA0_0_IRQHandler                   
0000607b  TA0_N_IRQHandler                   
0000607b  TA1_0_IRQHandler                   
0000607b  TA1_N_IRQHandler                   
0000607b  TA2_0_IRQHandler                   
0000607b  TA2_N_IRQHandler                   
0000607b  TA3_0_IRQHandler                   
0000607b  TA3_N_IRQHandler                   
2000842c  Task_ADC_Handle                    
000056af  Task_ADC_Logic                     
20008430  Task_Buttons_Handle                
00005d89  Task_LCD_Driver                    
2000843c  Task_TimerPoll_Handle              
00005cfb  Task_buttons                       
0000591d  Task_playSound                     
00006041  Task_pollTimer                     
0000607b  UsageFault_Handler                 
4000480c  WDTCTL_SYM                         
0000607b  WDT_A_IRQHandler                   
20010000  __STACK_END                        
00000200  __STACK_SIZE                       
00006340  __TI_CINIT_Base                    
00006350  __TI_CINIT_Limit                   
00006328  __TI_Handler_Table_Base            
00006334  __TI_Handler_Table_Limit           
00005fc9  __TI_auto_init_nobinit_nopinit     
00005f5f  __TI_decompress_lzss               
00006061  __TI_decompress_none               
ffffffff  __TI_pprof_out_hndl                
ffffffff  __TI_prof_data_size                
ffffffff  __TI_prof_data_start               
00000000  __TI_static_base__                 
0000607d  __TI_zero_init                     
00005ee5  __aeabi_memclr                     
00005ee5  __aeabi_memclr4                    
00005ee5  __aeabi_memclr8                    
00005e49  __aeabi_memcpy                     
00005e49  __aeabi_memcpy4                    
00005e49  __aeabi_memcpy8                    
00005ee7  __aeabi_memset                     
00005ee7  __aeabi_memset4                    
00005ee7  __aeabi_memset8                    
ffffffff  __binit__                          
ffffffff  __c_args__                         
UNDEFED   __mpu_init                         
2000fe00  __stack                            
20000000  __start___llvm_prf_cnts            
20000000  __stop___llvm_prf_cnts             
0000600d  _c_int00_noargs                    
UNDEFED   _system_post_cinit                 
00006089  _system_pre_init                   
0000608d  abort                              
20008154  adcReadings                        
ffffffff  binit                              
00005cd3  detect_button1                     
00005ce7  detect_button2                     
00004ef1  draw_score                         
0000186b  eTaskConfirmSleepModeStatus        
000005a1  eTaskGetState                      
00006090  eightBitmap                        
000061e5  eightHeightPixels                  
000061e4  eightWidthPixels                   
000060b4  fiveBitmap                         
000061df  fiveHeightPixels                   
000061de  fiveWidthPixels                    
000060d8  fourBitmap                         
000061dd  fourHeightPixels                   
000061dc  fourWidthPixels                    
0000565d  initialize_ADC                     
00005cbd  initialize_buttons                 
00005811  initialize_buzzer                  
00005633  initialize_joystick                
00000000  interruptVectors                   
000044c1  lcd_draw_image                     
000043a3  lcd_draw_rectangle                 
00005971  main                               
00005e49  memcpy                             
00005eed  memset                             
000060fc  nineBitmap                         
000061e7  nineHeightPixels                   
000061e6  nineWidthPixels                    
000061e8  oneBitmap                          
000061d7  oneHeightPixels                    
000061d6  oneWidthPixels                     
00000d95  pcTaskGetName                      
00003c6f  pcTimerGetName                     
0000587f  playSong                           
00005831  play_note                          
20008438  player_score                       
00004641  pvPortMalloc                       
00001907  pvTaskGetThreadLocalStoragePointer 
00001fa9  pvTaskIncrementMutexHeldCount      
000040a9  pvTimerGetTimerID                  
20008364  pxCurrentTCB                       
00004a95  pxPortInitialiseStack              
00004ecd  refresh_screen                     
00006120  sevenBitmap                        
000061e3  sevenHeightPixels                  
000061e2  sevenWidthPixels                   
00006144  sixBitmap                          
000061e1  sixHeightPixels                    
000061e0  sixWidthPixels                     
200083fc  songNotes                          
2000840c  songTimes                          
00006168  threeBitmap                        
000061db  threeHeightPixels                  
000061da  threeWidthPixels                   
20008434  totalSongs                         
00005871  turn_off                           
0000618c  twoBitmap                          
000061d9  twoHeightPixels                    
000061d8  twoWidthPixels                     
0000372f  ucQueueGetQueueType                
000061fc  ulMaxSyscallInterruptPriority      
00005bf1  ulPortGetIPSR                      
00001fc1  ulTaskGenericNotifyTake            
000027b9  ulTaskGenericNotifyValueClear      
00005b97  uxListRemove                       
0000370f  uxQueueGetQueueNumber              
0000365d  uxQueueMessagesWaiting             
000036c1  uxQueueMessagesWaitingFromISR      
0000368d  uxQueueSpacesAvailable             
00000d85  uxTaskGetNumberOfTasks             
00000dd9  uxTaskGetSystemState               
000017d1  uxTaskGetTaskNumber                
0000067d  uxTaskPriorityGet                  
000006a5  uxTaskPriorityGetFromISR           
00001f83  uxTaskResetEventItemValue          
00003c09  uxTimerGetReloadMode               
00004105  uxTimerGetTimerNumber              
00006204  uxTopUsedPriority                  
00005a2b  vApplicationMallocFailedHook       
00005a2d  vApplicationStackOverflowHook      
00005ab5  vListInitialise                    
00005ae5  vListInitialiseItem                
00005b31  vListInsert                        
00005af5  vListInsertEnd                     
00005cad  vPortEnableVFP                     
00004bd9  vPortEndScheduler                  
00004bfd  vPortEnterCritical                 
00004c3f  vPortExitCritical                  
000047d3  vPortFree                          
000049d5  vPortGetHeapStats                  
00004879  vPortInitialiseBlocks              
00005c69  vPortSVCHandler                    
00004df1  vPortSetupTimerInterrupt           
00005c89  vPortStartFirstTask                
00004c99  vPortSuppressTicksAndSleep         
00004e39  vPortValidateInterruptPriority     
000036eb  vQueueDelete                       
0000371d  vQueueSetQueueNumber               
000039bd  vQueueWaitForMessageRestricted     
00000541  vTaskDelay                         
0000037d  vTaskDelete                        
00000b23  vTaskEndScheduler                  
000025a1  vTaskGenericNotifyGiveFromISR      
000019e1  vTaskGetInfo                       
000016f3  vTaskInternalSetTimeOutState       
000017c5  vTaskMissedYield                   
000012bf  vTaskPlaceOnEventList              
0000139d  vTaskPlaceOnEventListRestricted    
000012fd  vTaskPlaceOnUnorderedEventList     
00001e39  vTaskPriorityDisinheritAfterTimeout
000006e9  vTaskPrioritySet                   
00001581  vTaskRemoveFromUnorderedEventList  
000009c5  vTaskResume                        
00001129  vTaskSetApplicationTaskTag         
000017f5  vTaskSetTaskNumber                 
000018bf  vTaskSetThreadLocalStoragePointer  
000016c1  vTaskSetTimeOutState               
00000aa9  vTaskStartScheduler                
00000eb3  vTaskStepTick                      
00000869  vTaskSuspend                       
00000b3f  vTaskSuspendAll                    
000011f9  vTaskSwitchContext                 
00003bbf  vTimerSetReloadMode                
000040d7  vTimerSetTimerID                   
00004113  vTimerSetTimerNumber               
0000486d  xPortGetFreeHeapSize               
00004873  xPortGetMinimumEverFreeHeapSize    
00005c09  xPortPendSVHandler                 
00004b21  xPortStartScheduler                
00004c6b  xPortSysTickHandler                
00002bb9  xQueueCreateCountingSemaphore      
00002ae5  xQueueCreateMutex                  
000029f5  xQueueGenericCreate                
000028f5  xQueueGenericReset                 
00002c05  xQueueGenericSend                  
00002db9  xQueueGenericSendFromISR           
00002ee5  xQueueGiveFromISR                  
00002b11  xQueueGiveMutexRecursive           
00003929  xQueueIsQueueEmptyFromISR          
00003983  xQueueIsQueueFullFromISR           
0000333d  xQueuePeek                         
000035b1  xQueuePeekFromISR                  
00002ff3  xQueueReceive                      
000034bb  xQueueReceiveFromISR               
0000316b  xQueueSemaphoreTake                
00002b61  xQueueTakeMutexRecursive           
000011bb  xTaskCallApplicationTaskHook       
00000ef1  xTaskCatchUpTicks                  
00001719  xTaskCheckForTimeOut               
000000e5  xTaskCreate                        
00000451  xTaskDelayUntil                    
00002161  xTaskGenericNotify                 
0000234b  xTaskGenericNotifyFromISR          
00002751  xTaskGenericNotifyStateClear       
00002079  xTaskGenericNotifyWait             
00001159  xTaskGetApplicationTaskTag         
00001181  xTaskGetApplicationTaskTagFromISR  
00001bb9  xTaskGetCurrentTaskHandle          
00001bc9  xTaskGetSchedulerState             
00000d61  xTaskGetTickCount                  
00000d71  xTaskGetTickCountFromISR           
00000f3d  xTaskIncrementTick                 
00001d27  xTaskPriorityDisinherit            
00001c11  xTaskPriorityInherit               
00001411  xTaskRemoveFromEventList           
00000bad  xTaskResumeAll                     
00003a59  xTimerCreate                       
00003a19  xTimerCreateTimerTask              
00003af7  xTimerGenericCommand               
00003c45  xTimerGetExpiryTime                
00003b99  xTimerGetPeriod                    
00003b77  xTimerGetTimerDaemonTaskHandle     
00004069  xTimerIsTimerActive                
000061b0  zeroBitmap                         
000061d5  zeroHeightPixels                   
000061d4  zeroWidthPixels                    


GLOBAL SYMBOLS: SORTED BY Symbol Address 

address   name                               
-------   ----                               
00000000  __TI_static_base__                 
00000000  interruptVectors                   
000000e5  xTaskCreate                        
00000200  __STACK_SIZE                       
0000037d  vTaskDelete                        
00000451  xTaskDelayUntil                    
00000541  vTaskDelay                         
000005a1  eTaskGetState                      
0000067d  uxTaskPriorityGet                  
000006a5  uxTaskPriorityGetFromISR           
000006e9  vTaskPrioritySet                   
00000869  vTaskSuspend                       
000009c5  vTaskResume                        
00000aa9  vTaskStartScheduler                
00000b23  vTaskEndScheduler                  
00000b3f  vTaskSuspendAll                    
00000bad  xTaskResumeAll                     
00000d61  xTaskGetTickCount                  
00000d71  xTaskGetTickCountFromISR           
00000d85  uxTaskGetNumberOfTasks             
00000d95  pcTaskGetName                      
00000dd9  uxTaskGetSystemState               
00000eb3  vTaskStepTick                      
00000ef1  xTaskCatchUpTicks                  
00000f3d  xTaskIncrementTick                 
00001129  vTaskSetApplicationTaskTag         
00001159  xTaskGetApplicationTaskTag         
00001181  xTaskGetApplicationTaskTagFromISR  
000011bb  xTaskCallApplicationTaskHook       
000011f9  vTaskSwitchContext                 
000012bf  vTaskPlaceOnEventList              
000012fd  vTaskPlaceOnUnorderedEventList     
0000139d  vTaskPlaceOnEventListRestricted    
00001411  xTaskRemoveFromEventList           
00001581  vTaskRemoveFromUnorderedEventList  
000016c1  vTaskSetTimeOutState               
000016f3  vTaskInternalSetTimeOutState       
00001719  xTaskCheckForTimeOut               
000017c5  vTaskMissedYield                   
000017d1  uxTaskGetTaskNumber                
000017f5  vTaskSetTaskNumber                 
0000186b  eTaskConfirmSleepModeStatus        
000018bf  vTaskSetThreadLocalStoragePointer  
00001907  pvTaskGetThreadLocalStoragePointer 
000019e1  vTaskGetInfo                       
00001bb9  xTaskGetCurrentTaskHandle          
00001bc9  xTaskGetSchedulerState             
00001c11  xTaskPriorityInherit               
00001d27  xTaskPriorityDisinherit            
00001e39  vTaskPriorityDisinheritAfterTimeout
00001f83  uxTaskResetEventItemValue          
00001fa9  pvTaskIncrementMutexHeldCount      
00001fc1  ulTaskGenericNotifyTake            
00002079  xTaskGenericNotifyWait             
00002161  xTaskGenericNotify                 
0000234b  xTaskGenericNotifyFromISR          
000025a1  vTaskGenericNotifyGiveFromISR      
00002751  xTaskGenericNotifyStateClear       
000027b9  ulTaskGenericNotifyValueClear      
000028f5  xQueueGenericReset                 
000029f5  xQueueGenericCreate                
00002ae5  xQueueCreateMutex                  
00002b11  xQueueGiveMutexRecursive           
00002b61  xQueueTakeMutexRecursive           
00002bb9  xQueueCreateCountingSemaphore      
00002c05  xQueueGenericSend                  
00002db9  xQueueGenericSendFromISR           
00002ee5  xQueueGiveFromISR                  
00002ff3  xQueueReceive                      
0000316b  xQueueSemaphoreTake                
0000333d  xQueuePeek                         
000034bb  xQueueReceiveFromISR               
000035b1  xQueuePeekFromISR                  
0000365d  uxQueueMessagesWaiting             
0000368d  uxQueueSpacesAvailable             
000036c1  uxQueueMessagesWaitingFromISR      
000036eb  vQueueDelete                       
0000370f  uxQueueGetQueueNumber              
0000371d  vQueueSetQueueNumber               
0000372f  ucQueueGetQueueType                
00003929  xQueueIsQueueEmptyFromISR          
00003983  xQueueIsQueueFullFromISR           
000039bd  vQueueWaitForMessageRestricted     
00003a19  xTimerCreateTimerTask              
00003a59  xTimerCreate                       
00003af7  xTimerGenericCommand               
00003b77  xTimerGetTimerDaemonTaskHandle     
00003b99  xTimerGetPeriod                    
00003bbf  vTimerSetReloadMode                
00003c09  uxTimerGetReloadMode               
00003c45  xTimerGetExpiryTime                
00003c6f  pcTimerGetName                     
00004069  xTimerIsTimerActive                
000040a9  pvTimerGetTimerID                  
000040d7  vTimerSetTimerID                   
00004105  uxTimerGetTimerNumber              
00004113  vTimerSetTimerNumber               
00004139  HAL_LCD_PortInit                   
00004181  HAL_LCD_SpiInit                    
000041b5  HAL_LCD_writeCommand               
000041f5  HAL_LCD_writeData                  
00004221  HAL_LCD_writeData_16               
00004241  Crystalfontz128x128_SetDrawFrame   
00004281  Crystalfontz128x128_Init           
000043a3  lcd_draw_rectangle                 
000044c1  lcd_draw_image                     
00004641  pvPortMalloc                       
000047d3  vPortFree                          
0000486d  xPortGetFreeHeapSize               
00004873  xPortGetMinimumEverFreeHeapSize    
00004879  vPortInitialiseBlocks              
000049d5  vPortGetHeapStats                  
00004a95  pxPortInitialiseStack              
00004b21  xPortStartScheduler                
00004bd9  vPortEndScheduler                  
00004bfd  vPortEnterCritical                 
00004c3f  vPortExitCritical                  
00004c6b  xPortSysTickHandler                
00004c99  vPortSuppressTicksAndSleep         
00004df1  vPortSetupTimerInterrupt           
00004e39  vPortValidateInterruptPriority     
00004ecd  refresh_screen                     
00004ef1  draw_score                         
00005275  SystemCoreClockUpdate              
000054ed  SystemInit                         
00005633  initialize_joystick                
0000565d  initialize_ADC                     
000056af  Task_ADC_Logic                     
0000578b  ADC14_IRQHandler                   
0000578b  ADC14_IRQHandler                   
00005811  initialize_buzzer                  
00005831  play_note                          
00005871  turn_off                           
0000587f  playSong                           
0000591d  Task_playSound                     
00005971  main                               
00005a2b  vApplicationMallocFailedHook       
00005a2d  vApplicationStackOverflowHook      
00005ab5  vListInitialise                    
00005ae5  vListInitialiseItem                
00005af5  vListInsertEnd                     
00005b31  vListInsert                        
00005b97  uxListRemove                       
00005bf1  ulPortGetIPSR                      
00005c09  xPortPendSVHandler                 
00005c69  vPortSVCHandler                    
00005c89  vPortStartFirstTask                
00005cad  vPortEnableVFP                     
00005cbd  initialize_buttons                 
00005cd3  detect_button1                     
00005ce7  detect_button2                     
00005cfb  Task_buttons                       
00005d89  Task_LCD_Driver                    
00005e49  __aeabi_memcpy                     
00005e49  __aeabi_memcpy4                    
00005e49  __aeabi_memcpy8                    
00005e49  memcpy                             
00005ee5  __aeabi_memclr                     
00005ee5  __aeabi_memclr4                    
00005ee5  __aeabi_memclr8                    
00005ee7  __aeabi_memset                     
00005ee7  __aeabi_memset4                    
00005ee7  __aeabi_memset8                    
00005eed  memset                             
00005f5f  __TI_decompress_lzss               
00005fc9  __TI_auto_init_nobinit_nopinit     
0000600d  _c_int00_noargs                    
00006041  Task_pollTimer                     
00006061  __TI_decompress_none               
0000606f  Reset_Handler                      
0000607b  AES256_IRQHandler                  
0000607b  BusFault_Handler                   
0000607b  COMP_E0_IRQHandler                 
0000607b  COMP_E1_IRQHandler                 
0000607b  CS_IRQHandler                      
0000607b  DMA_ERR_IRQHandler                 
0000607b  DMA_INT0_IRQHandler                
0000607b  DMA_INT1_IRQHandler                
0000607b  DMA_INT2_IRQHandler                
0000607b  DMA_INT3_IRQHandler                
0000607b  DebugMon_Handler                   
0000607b  Default_Handler                    
0000607b  EUSCIA0_IRQHandler                 
0000607b  EUSCIA1_IRQHandler                 
0000607b  EUSCIA2_IRQHandler                 
0000607b  EUSCIA3_IRQHandler                 
0000607b  EUSCIB0_IRQHandler                 
0000607b  EUSCIB1_IRQHandler                 
0000607b  EUSCIB2_IRQHandler                 
0000607b  EUSCIB3_IRQHandler                 
0000607b  FLCTL_IRQHandler                   
0000607b  FPU_IRQHandler                     
0000607b  HardFault_Handler                  
0000607b  MemManage_Handler                  
0000607b  NMI_Handler                        
0000607b  PCM_IRQHandler                     
0000607b  PORT1_IRQHandler                   
0000607b  PORT2_IRQHandler                   
0000607b  PORT3_IRQHandler                   
0000607b  PORT4_IRQHandler                   
0000607b  PORT5_IRQHandler                   
0000607b  PORT6_IRQHandler                   
0000607b  PSS_IRQHandler                     
0000607b  PendSV_Handler                     
0000607b  RTC_C_IRQHandler                   
0000607b  SVC_Handler                        
0000607b  SysTick_Handler                    
0000607b  T32_INT1_IRQHandler                
0000607b  T32_INT2_IRQHandler                
0000607b  T32_INTC_IRQHandler                
0000607b  TA0_0_IRQHandler                   
0000607b  TA0_N_IRQHandler                   
0000607b  TA1_0_IRQHandler                   
0000607b  TA1_N_IRQHandler                   
0000607b  TA2_0_IRQHandler                   
0000607b  TA2_N_IRQHandler                   
0000607b  TA3_0_IRQHandler                   
0000607b  TA3_N_IRQHandler                   
0000607b  UsageFault_Handler                 
0000607b  WDT_A_IRQHandler                   
0000607d  __TI_zero_init                     
00006089  _system_pre_init                   
0000608d  C$$EXIT                            
0000608d  abort                              
00006090  eightBitmap                        
000060b4  fiveBitmap                         
000060d8  fourBitmap                         
000060fc  nineBitmap                         
00006120  sevenBitmap                        
00006144  sixBitmap                          
00006168  threeBitmap                        
0000618c  twoBitmap                          
000061b0  zeroBitmap                         
000061d4  zeroWidthPixels                    
000061d5  zeroHeightPixels                   
000061d6  oneWidthPixels                     
000061d7  oneHeightPixels                    
000061d8  twoWidthPixels                     
000061d9  twoHeightPixels                    
000061da  threeWidthPixels                   
000061db  threeHeightPixels                  
000061dc  fourWidthPixels                    
000061dd  fourHeightPixels                   
000061de  fiveWidthPixels                    
000061df  fiveHeightPixels                   
000061e0  sixWidthPixels                     
000061e1  sixHeightPixels                    
000061e2  sevenWidthPixels                   
000061e3  sevenHeightPixels                  
000061e4  eightWidthPixels                   
000061e5  eightHeightPixels                  
000061e6  nineWidthPixels                    
000061e7  nineHeightPixels                   
000061e8  oneBitmap                          
000061fc  ulMaxSyscallInterruptPriority      
00006204  uxTopUsedPriority                  
00006328  __TI_Handler_Table_Base            
00006334  __TI_Handler_Table_Limit           
00006340  __TI_CINIT_Base                    
00006350  __TI_CINIT_Limit                   
20000000  __start___llvm_prf_cnts            
20000000  __stop___llvm_prf_cnts             
20008154  adcReadings                        
20008178  Queue_LCD_Driver                   
2000817c  Queue_Sound                        
20008180  Sem_LCD                            
20008184  FGM_Notes                          
200081ea  FGM_Times                          
20008250  BQ_Notes                           
20008298  BQ_Times                           
200082e0  HCTS_Notes                         
20008322  HCTS_Times                         
20008364  pxCurrentTCB                       
20008398  Death_Notes                        
200083b2  Death_Times                        
200083fc  songNotes                          
2000840c  songTimes                          
20008428  SystemCoreClock                    
2000842c  Task_ADC_Handle                    
20008430  Task_Buttons_Handle                
20008434  totalSongs                         
20008438  player_score                       
2000843c  Task_TimerPoll_Handle              
2000fe00  __stack                            
20010000  __STACK_END                        
4000480c  WDTCTL_SYM                         
ffffffff  __TI_pprof_out_hndl                
ffffffff  __TI_prof_data_size                
ffffffff  __TI_prof_data_start               
ffffffff  __binit__                          
ffffffff  __c_args__                         
ffffffff  binit                              
UNDEFED   __mpu_init                         
UNDEFED   _system_post_cinit                 

[294 symbols]
